[WebServer] CONVEX_AGENT_MODE=anonymous mode is in beta, functionality may change in the future.
[WebServer] ✔ Configured a local deployment for http://127.0.0.1:3210 and saved its:
[WebServer]     name as CONVEX_DEPLOYMENT
[WebServer]     client URL as VITE_CONVEX_URL
[WebServer]     HTTP actions URL as VITE_CONVEX_SITE_URL
[WebServer]  to .env.local
[WebServer] 
[WebServer] Write your Convex functions in convex/
[WebServer] Give us feedback at https://convex.dev/community or support@convex.dev
[WebServer] View the Convex dashboard at http://127.0.0.1:6790/
[WebServer] 
[WebServer] ▌ Developing against deployment:
[WebServer] ▌  Local  Port 3210 • No Convex account (run npx convex login to link to a project)
[WebServer] ▌ └─ http://127.0.0.1:3210
[WebServer] - Preparing Convex functions...
[WebServer] 
[WebServer] Convex AI files are not installed. Run npx convex ai-files install to get started or npx convex ai-files disable to hide this message.
[WebServer] ✔ 14:16:26 Convex functions ready! (2.02s)
[WebServer] ✔ Successfully set 2 environment variables from stdin (2 updated, 1 unchanged) (on anonymous deployment anonymous-agent)
[WebServer] Warning: Route file "/home/coder/dev/ns-worktrees/ticket-54/src/routes/routes.test.tsx" does not export a Route. This file will not be included in the route tree.
[WebServer] 
[WebServer] If this file is not intended to be a route, you can exclude it using one of these options:
[WebServer]   1. Rename the file to "/home/coder/dev/ns-worktrees/ticket-54/src/routes/-routes.test.tsx" (prefix with "-")
[WebServer]   2. Use 'routeFileIgnorePattern' in your config to match this file
[WebServer] 
[WebServer] Current configuration:
[WebServer]   routeFileIgnorePrefix: "-"
[WebServer]   routeFileIgnorePattern: undefined
[WebServer] 
[WebServer]   VITE v8.3.2  ready in 398 ms
[WebServer] 
[WebServer]   ➜  Local:   http://localhost:5173/
[WebServer]   ➜  Network: use --host to expose

Running 2 tests using 1 worker

  ✘  1 [chromium] › e2e/mobile-copy.spec.ts:24:1 › a phone that refuses clipboard writes still copies the new link on the landing (6.1s)
  ✘  2 [chromium] › e2e/mobile-copy.spec.ts:35:1 › a phone that refuses clipboard writes still copies the link from the group (5.9s)


  1) [chromium] › e2e/mobile-copy.spec.ts:24:1 › a phone that refuses clipboard writes still copies the new link on the landing 

    Error: expect(locator).toBeVisible() failed

    Locator: getByRole('button', { name: 'Copied' })
    Expected: visible
    Timeout: 5000ms
    Error: element(s) not found

    Call log:
      - Expect "toBeVisible" getByRole('button', { name: 'Copied' }) with timeout 5000ms
      - waiting for getByRole('button', { name: 'Copied' })


      14 | async function expectTapToCopy(page: Page, shareToken: string) {
      15 |   await page.getByRole("button", { name: "Copy" }).tap();
    > 16 |   await expect(page.getByRole("button", { name: "Copied" })).toBeVisible();
         |                                                              ^
      17 |   await expect(page.getByText("Long-press the link to copy it.")).toBeHidden();
      18 |   await expect(page.locator("textarea")).toHaveCount(0);
      19 |   expect(await page.evaluate(() => navigator.clipboard.readText())).toBe(
        at expectTapToCopy (/home/coder/dev/ns-worktrees/ticket-54/e2e/mobile-copy.spec.ts:16:62)
        at /home/coder/dev/ns-worktrees/ticket-54/e2e/mobile-copy.spec.ts:32:3

    Error Context: test-results/mobile-copy-a-phone-that-r-a60ed-the-new-link-on-the-landing-chromium/error-context.md

    attachment #2: trace (application/zip) ─────────────────────────────────────────────────────────
    test-results/mobile-copy-a-phone-that-r-a60ed-the-new-link-on-the-landing-chromium/trace.zip
    Usage:

        npx playwright show-trace test-results/mobile-copy-a-phone-that-r-a60ed-the-new-link-on-the-landing-chromium/trace.zip

    ────────────────────────────────────────────────────────────────────────────────────────────────

  2) [chromium] › e2e/mobile-copy.spec.ts:35:1 › a phone that refuses clipboard writes still copies the link from the group 

    Error: expect(locator).toBeVisible() failed

    Locator: getByRole('button', { name: 'Copied' })
    Expected: visible
    Timeout: 5000ms
    Error: element(s) not found

    Call log:
      - Expect "toBeVisible" getByRole('button', { name: 'Copied' }) with timeout 5000ms
      - waiting for getByRole('button', { name: 'Copied' })


      14 | async function expectTapToCopy(page: Page, shareToken: string) {
      15 |   await page.getByRole("button", { name: "Copy" }).tap();
    > 16 |   await expect(page.getByRole("button", { name: "Copied" })).toBeVisible();
         |                                                              ^
      17 |   await expect(page.getByText("Long-press the link to copy it.")).toBeHidden();
      18 |   await expect(page.locator("textarea")).toHaveCount(0);
      19 |   expect(await page.evaluate(() => navigator.clipboard.readText())).toBe(
        at expectTapToCopy (/home/coder/dev/ns-worktrees/ticket-54/e2e/mobile-copy.spec.ts:16:62)
        at /home/coder/dev/ns-worktrees/ticket-54/e2e/mobile-copy.spec.ts:42:3

    Error Context: test-results/mobile-copy-a-phone-that-r-082c1-ies-the-link-from-the-group-chromium/error-context.md

    attachment #2: trace (application/zip) ─────────────────────────────────────────────────────────
    test-results/mobile-copy-a-phone-that-r-082c1-ies-the-link-from-the-group-chromium/trace.zip
    Usage:

        npx playwright show-trace test-results/mobile-copy-a-phone-that-r-082c1-ies-the-link-from-the-group-chromium/trace.zip

    ────────────────────────────────────────────────────────────────────────────────────────────────

  2 failed
    [chromium] › e2e/mobile-copy.spec.ts:24:1 › a phone that refuses clipboard writes still copies the new link on the landing 
    [chromium] › e2e/mobile-copy.spec.ts:35:1 › a phone that refuses clipboard writes still copies the link from the group 
