$ playwright test
[WebServer] CONVEX_AGENT_MODE=anonymous mode is in beta, functionality may change in the future.
[WebServer] ✔ Configured a local deployment for http://127.0.0.1:3210 and saved its:
[WebServer]     name as CONVEX_DEPLOYMENT
[WebServer]     client URL as VITE_CONVEX_URL
[WebServer]     HTTP actions URL as VITE_CONVEX_SITE_URL
[WebServer]  to .env.local
[WebServer] 
[WebServer] Write your Convex functions in convex/
[WebServer] Give us feedback at https://convex.dev/community or support@convex.dev
[WebServer] View the Convex dashboard at http://127.0.0.1:6790/
[WebServer] 
[WebServer] ▌ Developing against deployment:
[WebServer] ▌  Local  Port 3210 • No Convex account (run npx convex login to link to a project)
[WebServer] ▌ └─ http://127.0.0.1:3210
[WebServer] - Preparing Convex functions...
[WebServer] 
[WebServer] Convex AI files are not installed. Run npx convex ai-files install to get started or npx convex ai-files disable to hide this message.
[WebServer] ✔ 09:55:39 Convex functions ready! (2.21s)
[WebServer] ✔ Successfully set 2 environment variables from stdin (2 updated, 1 unchanged) (on anonymous deployment anonymous-agent)
[WebServer] Warning: Route file "/home/coder/dev/ns-worktrees/ticket-51/src/routes/routes.test.tsx" does not export a Route. This file will not be included in the route tree.
[WebServer] 
[WebServer] If this file is not intended to be a route, you can exclude it using one of these options:
[WebServer]   1. Rename the file to "/home/coder/dev/ns-worktrees/ticket-51/src/routes/-routes.test.tsx" (prefix with "-")
[WebServer]   2. Use 'routeFileIgnorePattern' in your config to match this file
[WebServer] 
[WebServer] Current configuration:
[WebServer]   routeFileIgnorePrefix: "-"
[WebServer]   routeFileIgnorePattern: undefined
[WebServer] 
[WebServer]   VITE v8.3.2  ready in 416 ms
[WebServer] 
[WebServer]   ➜  Local:   http://localhost:5173/
[WebServer]   ➜  Network: use --host to expose

Running 58 tests using 5 workers

  ✓   1 [chromium] › e2e/smoke.spec.ts:3:1 › the landing page renders the app shell without errors (622ms)
  ✓   6 [chromium] › e2e/smoke.spec.ts:16:1 › reduced motion stops pulsing animations after one run (479ms)
  ✓   4 [chromium] › e2e/landing.spec.ts:158:1 › one click puts the link in hand and lands the GM on their Group (1.5s)
  ✓   3 [chromium] › e2e/gm-rail.spec.ts:41:1 › the GM copies, rotates, and undoes the Share Link from the rail (1.7s)
  ✓   2 [chromium] › e2e/gm-calendar.spec.ts:23:1 › the GM reads the heat-map and sees who is free on a night (2.3s)
  ✓   5 [chromium] › e2e/player.spec.ts:151:3 › the player surface › a new player joins by name, answers, fills the rest, and comes back (3.1s)
  ✓   9 [chromium] › e2e/gm-calendar.spec.ts:44:1 › on a phone the day sheet leaves the tapped night in view (1.4s)
  ✓   8 [chromium] › e2e/gm-rail.spec.ts:75:1 › the newest action owns the only toast (2.1s)
  ✓  10 [chromium] › e2e/player.spec.ts:205:3 › the player surface › taps and Fill Rest show at once, before the backend answers (1.1s)
[WebServer] 9:55:46 AM [vite] (client) [console.error] [CONVEX M(roster:addPlayer)] [Request ID: ae63350ef6ddf06d] Server Error
[WebServer] Uncaught ConvexError: {"code":"NAME_TAKEN","playerId":"k57e0rahy5ac60h6qyqnzcnwdh8fn6j8"}
[WebServer]     at fail (../../convex/model/errors.ts:26:0)
[WebServer]     at ensureNameIsFree (../../convex/model/players.ts:24:0)
[WebServer]     at async handler (../convex/roster.ts:16:4)
[WebServer] 
  ✓   7 [chromium] › e2e/landing.spec.ts:173:1 › saving to a new Account keeps the Share Link, and logging in finds the Group (3.8s)
  ✓  13 [chromium] › e2e/player.spec.ts:231:3 › the player surface › a first Fill Rest dismisses the first-visit hint (1.4s)
  ✓  12 [chromium] › e2e/gm-rail.spec.ts:94:1 › the GM adds, renames, and removes Players (2.2s)
  ✓  11 [chromium] › e2e/gm-calendar.spec.ts:73:1 › the GM schedules a Session, unschedules it, and undoes that (2.6s)
[WebServer] 9:55:48 AM [vite] (client) [console.error] [CONVEX M(player:answer)] [Request ID: bfa93494b83a50a5] Server Error
[WebServer] Uncaught ConvexError: {"code":"OUT_OF_WINDOW"}
[WebServer]     at fail (../../convex/model/errors.ts:26:0)
[WebServer]     at handler (../convex/player.ts:80:11)
[WebServer] 
  ✓  15 [chromium] › e2e/player.spec.ts:247:3 › the player surface › a tap the backend refuses rolls back and says why (1.0s)
  ✓  17 [chromium] › e2e/gm-calendar.spec.ts:112:1 › month navigation lives in the URL and stops at the end of the Booking Window (1.5s)
  ✓  16 [chromium] › e2e/gm-rail.spec.ts:134:1 › Best Nights and Sessions open their day (2.4s)
  ✓  18 [chromium] › e2e/player.spec.ts:261:3 › the player surface › tapping a night back to not set clears its Answer (2.1s)
  ✓  14 [chromium] › e2e/landing.spec.ts:189:1 › saving into an Account that has older Groups keeps showing the new Group (3.7s)
  ✓  19 [chromium] › e2e/gm-calendar.spec.ts:145:1 › another GM's Group or a malformed id falls back to the GM's own Group (1.5s)
[WebServer] 9:55:51 AM [vite] (client) [console.error] [CONVEX M(player:fillRest)] [Request ID: 167a54b4b1021c1e] Server Error
[WebServer] Uncaught ConvexError: {"code":"OUT_OF_WINDOW"}
[WebServer]     at fail (../../convex/model/errors.ts:26:0)
[WebServer]     at handler (../convex/player.ts:97:27)
[WebServer] 
  ✓  21 [chromium] › e2e/player.spec.ts:279:3 › the player surface › a Fill Rest the backend refuses rolls back and says why (981ms)
  ✓  23 [chromium] › e2e/gm-calendar.spec.ts:157:1 › a signed-out visitor lands on the landing page (603ms)
[WebServer] 9:55:52 AM [vite] (client) [console.error] [CONVEX M(account:finishSave)] Server Error
  ✓  24 [chromium] › e2e/player.spec.ts:297:3 › the player surface › a listed player answers with one tap and can switch with Not you? (1.6s)
  ✓  20 [chromium] › e2e/gm-rail.spec.ts:158:1 › the switcher opens, makes, renames and deletes Groups, and the landing returns to the last one (3.5s)
  ✓  22 [chromium] › e2e/landing.spec.ts:210:3 › a Save whose move fails after the sign-in › goes through on retry from the landing (3.1s)
[WebServer] 9:55:54 AM [vite] (client) [console.error] [CONVEX M(player:join)] [Request ID: 517d7c4cfb7bbe48] Server Error
[WebServer] Uncaught ConvexError: {"code":"NAME_TAKEN","playerId":"k574fak51dfw6f6pn0fezgw7298fnnw5"}
[WebServer]     at fail (../../convex/model/errors.ts:26:0)
[WebServer]     at ensureNameIsFree (../../convex/model/players.ts:24:0)
[WebServer]     at async handler (../convex/player.ts:66:4)
[WebServer] 
  ✓  25 [chromium] › e2e/player.spec.ts:313:3 › the player surface › a taken name points at the existing chip (1.0s)
  ✓  26 [chromium] › e2e/gm-rail.spec.ts:204:1 › an Anonymous GM is nudged to save once a Player joins, until Later (2.2s)
[WebServer] 9:55:56 AM [vite] (client) [console.error] [CONVEX M(account:finishSave)] Server Error
  ✓  28 [chromium] › e2e/player.spec.ts:328:3 › the player surface › a player on a long Roster finds their name with the filter (1.8s)
  ✓  27 [chromium] › e2e/landing.spec.ts:228:3 › a Save whose move fails after the sign-in › goes through on retry from the Group header (2.3s)
  ✓  30 [chromium] › e2e/player.spec.ts:347:3 › the player surface › a player the GM removed lands on the join screen (831ms)
  ✓  29 [chromium] › e2e/gm-rail.spec.ts:228:1 › on a phone the rail sits under the calendar behind a segmented control (1.3s)
  ✓  32 [chromium] › e2e/player.spec.ts:361:3 › the player surface › a past month is read-only (1.2s)
[WebServer] 9:55:58 AM [vite] (client) [console.error] [CONVEX M(account:finishSave)] Server Error
  ✓  34 [chromium] › e2e/player.spec.ts:379:3 › the player surface › an unknown link says it no longer works (441ms)
  -  35 [chromium] › e2e/player.spec.ts:416:3 › player surface screenshots › every player screen at 390 and 1440 px, light and dark
  -  36 [chromium] › e2e/player.spec.ts:463:3 › player surface screenshots › the past month at 390 and 1440 px, light and dark
  -  37 [chromium] › e2e/player.spec.ts:506:3 › player surface screenshots › the first-visit hint at 390 and 1440 px, light and dark
  -  38 [chromium] › e2e/player.spec.ts:516:3 › player surface screenshots › the done card at 390 and 1440 px, light and dark
  -  39 [chromium] › e2e/player.spec.ts:531:3 › player surface screenshots › the long-Roster join screen at 390 and 1440 px, light and dark
  ✓  31 [chromium] › e2e/landing.spec.ts:245:3 › a Save whose move fails after the sign-in › still goes through when the GM closes the retry from the Group header (2.4s)
  ✓  33 [chromium] › e2e/gm-rail.spec.ts:247:1 › an Anonymous GM saves into an Account from the header and stays on the Group (2.2s)
[WebServer] 9:56:00 AM [vite] (client) [console.error] [CONVEX M(account:finishSave)] 
  ✓  40 [chromium] › e2e/landing.spec.ts:266:3 › a Save that expires › starts the landing over once its sheet is closed (1.9s)
  ✓  41 [chromium] › e2e/gm-rail.spec.ts:284:1 › on a phone the toast clears the open day sheet (2.0s)
[WebServer] 9:56:02 AM [vite] (client) [console.error] [CONVEX M(account:finishSave)] Server Error
[WebServer] 9:56:02 AM [vite] (client) [console.error] [CONVEX M(account:finishSave)] 
  ✓  42 [chromium] › e2e/landing.spec.ts:282:3 › a Save that expires › starts the landing over when it expires after the GM dismissed the retry (1.8s)
  ✓  43 [chromium] › e2e/gm-rail.spec.ts:300:1 › deleting the last Group of an Anonymous GM returns to the landing (1.3s)
  -  45 [chromium] › e2e/gm-rail.spec.ts:317:7 › screenshots › 390px light
  -  46 [chromium] › e2e/gm-rail.spec.ts:317:7 › screenshots › 390px dark
  -  47 [chromium] › e2e/gm-rail.spec.ts:317:7 › screenshots › 1440px light
  -  48 [chromium] › e2e/gm-rail.spec.ts:317:7 › screenshots › 1440px dark
[WebServer] 9:56:04 AM [vite] (client) [console.error] [CONVEX M(account:finishSave)] Server Error
  ✓  44 [chromium] › e2e/landing.spec.ts:299:1 › a retry dismissed, reopened, then finished in the background keeps the Save (2.0s)
  ✓  49 [chromium] › e2e/landing.spec.ts:322:1 › pressing Escape again and again mid-Save keeps the sheet up until it is done (2.0s)
  ✓  50 [chromium] › e2e/landing.spec.ts:344:1 › logging in to an Account without Groups names it and points to the first link (1.3s)
[WebServer] 9:56:10 AM [vite] (client) [console.error] [CONVEX A(auth:signIn)] [Request ID: ba92f377d8c6360b] Server Error
[WebServer] Uncaught ConvexError: {"code":"INVALID_CREDENTIALS"}
[WebServer]     at fail (../../convex/model/errors.ts:26:0)
[WebServer]     at refuseSignIn (../../convex/auth.ts:86:0)
[WebServer]     at authorize [as authorize] (../../convex/auth.ts:67:4)
[WebServer]     at async handleCredentials (../../node_modules/@convex-dev/auth/src/server/implementation/signIn.ts:191:6)
[WebServer]     at async handler (../../node_modules/@convex-dev/auth/src/server/implementation/index.ts:416:26)
[WebServer] 
  ✓  51 [chromium] › e2e/landing.spec.ts:363:1 › a wrong password says so and keeps the sheet open (2.5s)
  ✓  52 [chromium] › e2e/landing.spec.ts:379:3 › on a dark OS › a cold load paints a dark canvas (411ms)
  ✓  53 [chromium] › e2e/landing.spec.ts:386:3 › on a dark OS › an open sheet dims the page behind it (476ms)
  ✓  54 [chromium] › e2e/landing.spec.ts:391:1 › an open sheet dims the page behind it in light mode (452ms)
  -  55 [chromium] › e2e/landing.spec.ts:402:7 › screenshots › 390px light
  -  56 [chromium] › e2e/landing.spec.ts:402:7 › screenshots › 390px dark
  -  57 [chromium] › e2e/landing.spec.ts:402:7 › screenshots › 1440px light
  -  58 [chromium] › e2e/landing.spec.ts:402:7 › screenshots › 1440px dark

  13 skipped
  45 passed (35.4s)
