
 RUN  v5.0.3 /home/coder/dev/ns-worktrees/ticket-29

 ❯ |shared| shared/names.test.ts (9 tests | 3 failed) 7ms
   ❯ playerInitials (3)
     × takes the first letters of the first two words 2ms
     × takes two letters of a single name 0ms
     × keeps an emoji name whole instead of splitting its code units 0ms

⎯⎯⎯⎯⎯⎯⎯ Failed Tests 3 ⎯⎯⎯⎯⎯⎯⎯

 FAIL  |shared| shared/names.test.ts > playerInitials > takes the first letters of the first two words
TypeError: playerInitials is not a function
 ❯ shared/names.test.ts:37:12
     35| describe("playerInitials", () => {
     36|   it("takes the first letters of the first two words", () => {
     37|     expect(playerInitials("Ana Lima")).toBe("AL");
       |            ^
     38|     expect(playerInitials("  thu  nguyen tran ")).toBe("TN");
     39|   });

⎯⎯⎯⎯⎯⎯⎯⎯⎯⎯⎯⎯⎯⎯⎯⎯⎯⎯⎯⎯⎯⎯⎯⎯[1/3]⎯

 FAIL  |shared| shared/names.test.ts > playerInitials > takes two letters of a single name
TypeError: playerInitials is not a function
 ❯ shared/names.test.ts:42:12
     40|
     41|   it("takes two letters of a single name", () => {
     42|     expect(playerInitials("ana")).toBe("AN");
       |            ^
     43|     expect(playerInitials("X")).toBe("X");
     44|   });

⎯⎯⎯⎯⎯⎯⎯⎯⎯⎯⎯⎯⎯⎯⎯⎯⎯⎯⎯⎯⎯⎯⎯⎯[2/3]⎯

 FAIL  |shared| shared/names.test.ts > playerInitials > keeps an emoji name whole instead of splitting its code units
TypeError: playerInitials is not a function
 ❯ shared/names.test.ts:47:12
     45|
     46|   it("keeps an emoji name whole instead of splitting its code units", …
     47|     expect(playerInitials("🎲")).toBe("🎲");
       |            ^
     48|   });
     49| });

⎯⎯⎯⎯⎯⎯⎯⎯⎯⎯⎯⎯⎯⎯⎯⎯⎯⎯⎯⎯⎯⎯⎯⎯[3/3]⎯


 Test Files  1 failed (1)
      Tests  3 failed | 6 passed (9)
   Start at  10:52:53
   Duration  131ms (transform 52%, import 21%, tests 18%, worker 8%)

