[WebServer] CONVEX_AGENT_MODE=anonymous mode is in beta, functionality may change in the future.
[WebServer] Could not find project with name anonymous-agent!
[WebServer] ✔ Configured a local deployment for http://127.0.0.1:3210 and saved its:
[WebServer]     name as CONVEX_DEPLOYMENT
[WebServer]     client URL as VITE_CONVEX_URL
[WebServer]     HTTP actions URL as VITE_CONVEX_SITE_URL
[WebServer]  to .env.local
[WebServer] 
[WebServer] Write your Convex functions in convex/
[WebServer] Give us feedback at https://convex.dev/community or support@convex.dev
[WebServer] View the Convex dashboard at null
[WebServer] 
[WebServer] ▌ Developing against deployment:
[WebServer] ▌  Local  Port 3210 • No Convex account (run npx convex login to link to a project)
[WebServer] ▌ └─ http://127.0.0.1:3210
[WebServer] - Preparing Convex functions...
[WebServer] 
[WebServer] Convex AI files are not installed. Run npx convex ai-files install to get started or npx convex ai-files disable to hide this message.
[WebServer] ✔ Added table indexes:
[WebServer]   [+] answers.by_groupId_and_date   groupId, date, _creationTime
[WebServer]   [+] answers.by_playerId_and_date   playerId, date, _creationTime
[WebServer]   [+] authAccounts.providerAndAccountId   provider, providerAccountId, _creationTime
[WebServer]   [+] authAccounts.userIdAndProvider   userId, provider, _creationTime
[WebServer]   [+] authRateLimits.identifier   identifier, _creationTime
[WebServer]   [+] authRefreshTokens.sessionId   sessionId, _creationTime
[WebServer]   [+] authRefreshTokens.sessionIdAndParentRefreshTokenId   sessionId, parentRefreshTokenId, _creationTime
[WebServer]   [+] authSessions.userId   userId, _creationTime
[WebServer]   [+] authVerificationCodes.accountId   accountId, _creationTime
[WebServer]   [+] authVerificationCodes.code   code, _creationTime
[WebServer]   [+] authVerifiers.signature   signature, _creationTime
[WebServer]   [+] groups.by_expiresAt   expiresAt, _creationTime
[WebServer]   [+] groups.by_ownerId   ownerId, _creationTime
[WebServer]   [+] groups.by_shareToken   shareToken, _creationTime
[WebServer]   [+] players.by_groupId_and_nameKey   groupId, nameKey, _creationTime
[WebServer]   [+] saveClaims.by_anonymousUserId   anonymousUserId, _creationTime
[WebServer]   [+] saveClaims.by_codeHash   codeHash, _creationTime
[WebServer]   [+] sessions.by_groupId_and_date   groupId, date, _creationTime
[WebServer]   [+] users.email   email, _creationTime
[WebServer]   [+] users.phone   phone, _creationTime
[WebServer] ✔ Installed component rateLimiter.
[WebServer] ✔ Installed component rateLimiter/batchWorker.
[WebServer] ✔ 09:50:38 Convex functions ready! (2.31s)
[WebServer] ✔ Successfully set 3 environment variables from stdin (3 new) (on anonymous deployment anonymous-agent)
[WebServer] Warning: Route file "/home/coder/dev/ns-worktrees/ticket-51/src/routes/routes.test.tsx" does not export a Route. This file will not be included in the route tree.
[WebServer] 
[WebServer] If this file is not intended to be a route, you can exclude it using one of these options:
[WebServer]   1. Rename the file to "/home/coder/dev/ns-worktrees/ticket-51/src/routes/-routes.test.tsx" (prefix with "-")
[WebServer]   2. Use 'routeFileIgnorePattern' in your config to match this file
[WebServer] 
[WebServer] Current configuration:
[WebServer]   routeFileIgnorePrefix: "-"
[WebServer]   routeFileIgnorePattern: undefined
[WebServer] 
[WebServer]   VITE v8.3.2  ready in 500 ms
[WebServer] 
[WebServer]   ➜  Local:   http://localhost:5173/
[WebServer]   ➜  Network: use --host to expose

Running 1 test using 1 worker

[WebServer] 9:50:41 AM [vite] (client) [console.error] [CONVEX M(roster:addPlayer)] [Request ID: e0809597f2987585] Server Error
[WebServer] Uncaught ConvexError: {"code":"NAME_TAKEN","playerId":"k5708geybp22eev89kj7ax5c1n8fnmdy"}
[WebServer]     at fail (../../convex/model/errors.ts:26:0)
[WebServer]     at ensureNameIsFree (../../convex/model/players.ts:24:0)
[WebServer]     at async handler (../convex/roster.ts:16:4)
[WebServer] 
  ✘  1 [chromium] › e2e/gm-rail.spec.ts:94:1 › the GM adds, renames, and removes Players (6.7s)


  1) [chromium] › e2e/gm-rail.spec.ts:94:1 › the GM adds, renames, and removes Players ─────────────

    Error: expect(locator).toBeFocused() failed

    Locator: getByRole('region', { name: /^Players/ }).getByRole('textbox', { name: 'New name for Ben' })
    Expected: focused
    Timeout: 5000ms
    Error: element(s) not found

    Call log:
      - Expect "toBeFocused" getByRole('region', { name: /^Players/ }).getByRole('textbox', { name: 'New name for Ben' }) with timeout 5000ms
      - waiting for getByRole('region', { name: /^Players/ }).getByRole('textbox', { name: 'New name for Ben' })


      118 |       .getByRole("textbox", { name: "New name for Ben" })
      119 |       .dispatchEvent("keydown", { key: "Escape", bubbles: true, ...composition });
    > 120 |     await expect(players.getByRole("textbox", { name: "New name for Ben" })).toBeFocused();
          |                                                                              ^
      121 |     await expect(page.getByRole("region", { name: /, \w+ 5$/ })).toBeVisible();
      122 |   }
      123 |   await players.getByRole("textbox", { name: "New name for Ben" }).fill("Benedikt");
        at /home/coder/dev/ns-worktrees/ticket-51/e2e/gm-rail.spec.ts:120:78

    Error Context: test-results/gm-rail-the-GM-adds-renames-and-removes-Players-chromium/error-context.md

    attachment #2: trace (application/zip) ─────────────────────────────────────────────────────────
    test-results/gm-rail-the-GM-adds-renames-and-removes-Players-chromium/trace.zip
    Usage:

        npx playwright show-trace test-results/gm-rail-the-GM-adds-renames-and-removes-Players-chromium/trace.zip

    ────────────────────────────────────────────────────────────────────────────────────────────────

  1 failed
    [chromium] › e2e/gm-rail.spec.ts:94:1 › the GM adds, renames, and removes Players ──────────────
