[WebServer] CONVEX_AGENT_MODE=anonymous mode is in beta, functionality may change in the future.
[WebServer] ✔ Configured a local deployment for http://127.0.0.1:3210 and saved its:
[WebServer]     name as CONVEX_DEPLOYMENT
[WebServer]     client URL as VITE_CONVEX_URL
[WebServer]     HTTP actions URL as VITE_CONVEX_SITE_URL
[WebServer]  to .env.local
[WebServer] 
[WebServer] Write your Convex functions in convex/
[WebServer] Give us feedback at https://convex.dev/community or support@convex.dev
[WebServer] View the Convex dashboard at http://127.0.0.1:6790/
[WebServer] 
[WebServer] ▌ Developing against deployment:
[WebServer] ▌  Local  Port 3210 • No Convex account (run npx convex login to link to a project)
[WebServer] ▌ └─ http://127.0.0.1:3210
[WebServer] - Preparing Convex functions...
[WebServer] 
[WebServer] Convex AI files are not installed. Run npx convex ai-files install to get started or npx convex ai-files disable to hide this message.
[WebServer] ✔ 09:56:51 Convex functions ready! (2.13s)
[WebServer] ✔ Successfully set 2 environment variables from stdin (2 updated, 1 unchanged) (on anonymous deployment anonymous-agent)
[WebServer] Warning: Route file "/home/coder/dev/ns-worktrees/ticket-51/src/routes/routes.test.tsx" does not export a Route. This file will not be included in the route tree.
[WebServer] 
[WebServer] If this file is not intended to be a route, you can exclude it using one of these options:
[WebServer]   1. Rename the file to "/home/coder/dev/ns-worktrees/ticket-51/src/routes/-routes.test.tsx" (prefix with "-")
[WebServer]   2. Use 'routeFileIgnorePattern' in your config to match this file
[WebServer] 
[WebServer] Current configuration:
[WebServer]   routeFileIgnorePrefix: "-"
[WebServer]   routeFileIgnorePattern: undefined
[WebServer] 
[WebServer]   VITE v8.3.2  ready in 414 ms
[WebServer] 
[WebServer]   ➜  Local:   http://localhost:5173/
[WebServer]   ➜  Network: use --host to expose

Running 1 test using 1 worker

  ✘  1 [chromium] › e2e/player.spec.ts:328:3 › the player surface › a player on a long Roster finds their name with the filter (6.4s)


  1) [chromium] › e2e/player.spec.ts:328:3 › the player surface › a player on a long Roster finds their name with the filter 

    Error: expect(locator).toHaveValue(expected) failed

    Locator:  getByRole('textbox', { name: 'Not listed? Your name' })
    Expected: "nobody"
    Received: ""
    Timeout:  5000ms

    Call log:
      - Expect "toHaveValue" getByRole('textbox', { name: 'Not listed? Your name' }) with timeout 5000ms
      - waiting for getByRole('textbox', { name: 'Not listed? Your name' })
        14 × locator resolved to <input value="" enterkeyhint="go" autocomplete="given-name" aria-label="Not listed? Your name" placeholder="Not listed? Your name" class="h-14 min-w-0 flex-1 rounded-md border border-line bg-paper px-3.5 text-base outline-none transition-colors placeholder:text-ink-3 focus:border-accent"/>
           - unexpected value ""


      338 |     await expect(chips).toHaveCount(0);
      339 |     await expect(page.getByRole("status")).toHaveText("No names match. Add yours below.");
    > 340 |     await expect(page.getByRole("textbox", { name: "Not listed? Your name" })).toHaveValue(
          |                                                                                ^
      341 |       "nobody",
      342 |     );
      343 |
        at /home/coder/dev/ns-worktrees/ticket-51/e2e/player.spec.ts:340:80

    Error Context: test-results/player-the-player-surface--aa1fe--their-name-with-the-filter-chromium/error-context.md

    attachment #2: trace (application/zip) ─────────────────────────────────────────────────────────
    test-results/player-the-player-surface--aa1fe--their-name-with-the-filter-chromium/trace.zip
    Usage:

        npx playwright show-trace test-results/player-the-player-surface--aa1fe--their-name-with-the-filter-chromium/trace.zip

    ────────────────────────────────────────────────────────────────────────────────────────────────

  1 failed
    [chromium] › e2e/player.spec.ts:328:3 › the player surface › a player on a long Roster finds their name with the filter 
