
 RUN  v5.0.3 /home/coder/dev/ns-worktrees/ticket-51

 ❯ |ui| src/features/group/rail/Players.test.tsx (15 tests | 1 failed) 761ms
   ❯ Players (15)
     × keeps Safari's IME conversion Escape for the IME 49ms

⎯⎯⎯⎯⎯⎯⎯ Failed Tests 1 ⎯⎯⎯⎯⎯⎯⎯

 FAIL  |ui| src/features/group/rail/Players.test.tsx > Players > keeps Safari's IME conversion Escape for the IME
TestingLibraryElementError: Unable to find an accessible element with the role "textbox" and name "Player name"

Here are the accessible roles:

  heading:

  Name "Players · 5":
  [36m<h2[39m
    [33mclass[39m=[32m"font-mono outline-none text-[11px] font-medium uppercase tracking-[0.18em] text-ink-3"[39m
    [33mid[39m=[32m"_r_1p_"[39m
    [33mtabindex[39m=[32m"-1"[39m
  [36m/>[39m

  --------------------------------------------------
  button:

  Name "Add player":
  [36m<button[39m
    [33maria-label[39m=[32m"Add player"[39m
    [33mclass[39m=[32m"rounded-sm text-xs font-semibold text-accent-strong hover:underline"[39m
    [33mtype[39m=[32m"button"[39m
  [36m/>[39m

  --------------------------------------------------list:

  Name "":
  [36m<ul[39m
    [33mclass[39m=[32m"mt-3 flex max-h-[26.5rem] flex-col gap-0.5 overflow-y-auto"[39m
  [36m/>[39m

  --------------------------------------------------
  listitem:

  Name "":
  [36m<li[39m
    [33mclass[39m=[32m"group flex items-center gap-2.5 rounded-md px-1.5 py-1.5 hover:bg-surface-2"[39m
  [36m/>[39m

  Name "":
  [36m<li[39m
    [33mclass[39m=[32m"group flex items-center gap-2.5 rounded-md px-1.5 py-1.5 hover:bg-surface-2"[39m
  [36m/>[39m

  Name "":
  [36m<li[39m
    [33mclass[39m=[32m"group flex items-center gap-2.5 rounded-md px-1.5 py-1.5 hover:bg-surface-2"[39m
  [36m/>[39m

  Name "":
  [36m<li[39m
    [33mclass[39m=[32m"group flex items-center gap-2.5 rounded-md px-1.5 py-1.5 hover:bg-surface-2"[39m
  [36m/>[39m

  Name "":
  [36m<li[39m
    [33mclass[39m=[32m"group flex items-center gap-2.5 rounded-md px-1.5 py-1.5 hover:bg-surface-2"[39m
  [36m/>[39m

  --------------------------------------------------
  button:

  Name "More for Ana":
  [36m<button[39m
    [33maria-expanded[39m=[32m"false"[39m
    [33maria-label[39m=[32m"More for Ana"[39m
    [33mclass[39m=[32m"rounded-sm p-1 text-ink-3 transition-opacity hover:text-ink focus-visible:opacity-100 aria-expanded:opacity-100 pointer-fine:opacity-0 pointer-fine:group-hover:opacity-100"[39m
    [33mtype[39m=[32m"button"[39m
  [36m/>[39m

  Name "More for Ben":
  [36m<button[39m
    [33maria-expanded[39m=[32m"false"[39m
    [33maria-label[39m=[32m"More for Ben"[39m
    [33mclass[39m=[32m"rounded-sm p-1 text-ink-3 transition-opacity hover:text-ink focus-visible:opacity-100 aria-expanded:opacity-100 pointer-fine:opacity-0 pointer-fine:group-hover:opacity-100"[39m
    [33mtype[39m=[32m"button"[39m
  [36m/>[39m

  Name "More for Chiara":
  [36m<button[39m
    [33maria-expanded[39m=[32m"false"[39m
    [33maria-label[39m=[32m"More for Chiara"[39m
    [33mclass[39m=[32m"rounded-sm p-1 text-ink-3 transition-opacity hover:text-ink focus-visible:opacity-100 aria-expanded:opacity-100 pointer-fine:opacity-0 pointer-fine:group-hover:opacity-100"[39m
    [33mtype[39m=[32m"button"[39m
  [36m/>[39m

  Name "More for Dev":
  [36m<button[39m
    [33maria-expanded[39m=[32m"false"[39m
    [33maria-label[39m=[32m"More for Dev"[39m
    [33mclass[39m=[32m"rounded-sm p-1 text-ink-3 transition-opacity hover:text-ink focus-visible:opacity-100 aria-expanded:opacity-100 pointer-fine:opacity-0 pointer-fine:group-hover:opacity-100"[39m
    [33mtype[39m=[32m"button"[39m
  [36m/>[39m

  Name "More for Eli":
  [36m<button[39m
    [33maria-expanded[39m=[32m"false"[39m
    [33maria-label[39m=[32m"More for Eli"[39m
    [33mclass[39m=[32m"rounded-sm p-1 text-ink-3 transition-opacity hover:text-ink focus-visible:opacity-100 aria-expanded:opacity-100 pointer-fine:opacity-0 pointer-fine:group-hover:opacity-100"[39m
    [33mtype[39m=[32m"button"[39m
  [36m/>[39m

  --------------------------------------------------

Ignored nodes: comments, script, style
[36m<section[39m
  [33maria-labelledby[39m=[32m"_r_1p_"[39m
  [33mclass[39m=[32m"rounded-lg border bg-surface p-4 shadow-card border-line"[39m
[36m>[39m
  [36m<div[39m
    [33mclass[39m=[32m"flex min-h-5 items-center justify-between gap-3"[39m
  [36m>[39m
    [36m<h2[39m
      [33mclass[39m=[32m"font-mono outline-none text-[11px] font-medium uppercase tracking-[0.18em] text-ink-3"[39m
      [33mid[39m=[32m"_r_1p_"[39m
      [33mtabindex[39m=[32m"-1"[39m
    [36m>[39m
      [0mPlayers · 5[0m
    [36m</h2>[39m
    [36m<button[39m
      [33maria-label[39m=[32m"Add player"[39m
      [33mclass[39m=[32m"rounded-sm text-xs font-semibold text-accent-strong hover:underline"[39m
      [33mtype[39m=[32m"button"[39m
    [36m>[39m
      [0m+ Add[0m
    [36m</button>[39m
  [36m</div>[39m
  [36m<ul[39m
    [33mclass[39m=[32m"mt-3 flex max-h-[26.5rem] flex-col gap-0.5 overflow-y-auto"[39m
  [36m>[39m
    [36m<li[39m
      [33mclass[39m=[32m"group flex items-center gap-2.5 rounded-md px-1.5 py-1.5 hover:bg-surface-2"[39m
    [36m>[39m
      [36m<span[39m
        [33maria-hidden[39m=[32m"true"[39m
        [33mclass[39m=[32m"inline-flex shrink-0 items-center justify-center rounded-full font-bold bg-accent-soft text-accent-strong size-7 text-[11px]"[39m
      [36m>[39m
        [0mAN[0m
      [36m</span>[39m
      [36m<span[39m
        [33mclass[39m=[32m"min-w-0 flex-1 truncate text-sm font-medium"[39m
      [36m>[39m
        [0mAna[0m
      [36m</span>[39m
      [36m<span[39m
        [33mclass[39m=[32m"font-mono text-[11px] tabular-nums text-ink-3"[39m
      [36m>[39m
        [0m0/30[0m
      [36m</span>[39m
      [36m<button[39m
        [33maria-expanded[39m=[32m"false"[39m
        [33maria-label[39m=[32m"More for Ana"[39m
        [33mclass[39m=[32m"rounded-sm p-1 text-ink-3 transition-opacity hover:text-ink focus-visible:opacity-100 aria-expanded:opacity-100 pointer-fine:opacity-0 pointer-fine:group-hover:opacity-100"[39m
        [33mtype[39m=[32m"button"[39m
      [36m>[39m
        [36m<svg[39m
          [33maria-hidden[39m=[32m"true"[39m
          [33mclass[39m=[32m"size-4"[39m
          [33mfill[39m=[32m"currentColor"[39m
          [33mviewBox[39m=[32m"0 0 20 20"[39m
        [36m>[39m
          [36m<circle[39m
            [33mcx[39m=[32m"10"[39m
            [33mcy[39m=[32m"4.5"[39m
            [33mr[39m=[32m"1.6"[39m
          [36m/>[39m
          [36m<circle[39m
            [33mcx[39m=[32m"10"[39m
            [33mcy[39m=[32m"10"[39m
            [33mr[39m=[32m"1.6"[39m
          [36m/>[39m
          [36m<circle[39m
            [33mcx[39m=[32m"10"[39m
            [33mcy[39m=[32m"15.5"[39m
            [33mr[39m=[32m"1.6"[39m
          [36m/>[39m
        [36m</svg>[39m
      [36m</button>[39m
    [36m</li>[39m
    [36m<li[39m
      [33mclass[39m=[32m"group flex items-center gap-2.5 rounded-md px-1.5 py-1.5 hover:bg-surface-2"[39m
    [36m>[39m
      [36m<span[39m
        [33maria-hidden[39m=[32m"true"[39m
        [33mclass[39m=[32m"inline-flex shrink-0 items-center justify-center rounded-full font-bold bg-accent text-accent-ink size-7 text-[11px]"[39m
      [36m>[39m
        [0mBE[0m
      [36m</span>[39m
      [36m<span[39m
        [33mclass[39m=[32m"min-w-0 flex-1 truncate text-sm font-medium"[39m
      [36m>[39m
        [0mBen[0m
      [36m</span>[39m
      [36m<span[39m
        [33mclass[39m=[32m"font-mono text-[11px] tabular-nums text-ink-3"[39m
      [36m>[39m
        [0m0/30[0m
      [36m</span>[39m
      [36m<button[39m
        [33maria-expanded[39m=[32m"false"[39m
        [33maria-label[39m=[32m"More for Ben"[39m
        [33mclass[39m=[32m"rounded-sm p-1 text-ink-3 transition-opacity hover:text-ink focus-visible:opacity-100 aria-expanded:opacity-100 pointer-fine:opacity-0 pointer-fine:group-hover:opacity-100"[39m
        [33mtype[39m=[32m"button"[39m
      [36m>[39m
        [36m<svg[39m
          [33maria-hidden[39m=[32m"true"[39m
          [33mclass[39m=[32m"size-4"[39m
          [33mfill[39m=[32m"currentColor"[39m
          [33mviewBox[39m=[32m"0 0 20 20"[39m
        [36m>[39m
          [36m<circle[39m
            [33mcx[39m=[32m"10"[39m
            [33mcy[39m=[32m"4.5"[39m
            [33mr[39m=[32m"1.6"[39m
          [36m/>[39m
          [36m<circle[39m
            [33mcx[39m=[32m"10"[39m
            [33mcy[39m=[32m"10"[39m
            [33mr[39m=[32m"1.6"[39m
          [36m/>[39m
          [36m<circle[39m
            [33mcx[39m=[32m"10"[39m
            [33mcy[39m=[32m"15.5"[39m
            [33mr[39m=[32m"1.6"[39m
          [36m/>[39m
        [36m</svg>[39m
      [36m</button>[39m
    [36m</li>[39m
    [36m<li[39m
      [33mclass[39m=[32m"group flex items-center gap-2.5 rounded-md px-1.5 py-1.5 hover:bg-surface-2"[39m
    [36m>[39m
      [36m<span[39m
        [33maria-hidden[39m=[32m"true"[39m
        [33mclass[39m=[32m"inline-flex shrink-0 items-center justify-center rounded-full font-bold bg-accent-soft text-accent-strong size-7 text-[11px]"[39m
      [36m>[39m
        [0mCH[0m
      [36m</span>[39m
      [36m<span[39m
        [33mclass[39m=[32m"min-w-0 flex-1 truncate text-sm font-medium"[39m
      [36m>[39m
        [0mChiara[0m
      [36m</span>[39m
      [36m<span[39m
        [33mclass[39m=[32m"font-mono text-[11px] tabular-nums text-ink-3"[39m
      [36m>[39m
        [0m0/30[0m
      [36m</span>[39m
      [36m<button[39m
        [33maria-expanded[39m=[32m"false"[39m
        [33maria-label[39m=[32m"More for Chiara"[39m
        [33mclass[39m=[32m"rounded-sm p-1 text-ink-3 transition-opacity hover:text-ink focus-visible:opacity-100 aria-expanded:opacity-100 pointer-fine:opacity-0 pointer-fine:group-hover:opacity-100"[39m
        [33mtype[39m=[32m"button"[39m
      [36m>[39m
        [36m<svg[39m
          [33maria-hidden[39m=[32m"true"[39m
          [33mclass[39m=[32m"size-4"[39m
          [33mfill[39m=[32m"currentColor"[39m
          [33mviewBox[39m=[32m"0 0 20 20"[39m
        [36m>[39m
          [36m<circle[39m
            [33mcx[39m=[32m"10"[39m
            [33mcy[39m=[32m"4.5"[39m
            [33mr[39m=[32m"1.6"[39m
          [36m/>[39m
          [36m<circle[39m
            [33mcx[39m=[32m"10"[39m
            [33mcy[39m=[32m"10"[39m
            [33mr[39m=[32m"1.6"[39m
          [36m/>[39m
          [36m<circle[39m
            [33mcx[39m=[32m"10"[39m
            [33mcy[39m=[32m"15.5"[39m
            [33mr[39m=[32m"1.6"[39m
          [36m/>[39m
        [36m</svg>[39m
      [36m</button>[39m
    [36m</li>[39m
    [36m<li[39m
      [33mclass[39m=[32m"group flex items-center gap-2.5 rounded-md px-1.5 py-1.5 hover:bg-surface-2"[39m
    [36m>[39m
      [36m<span[39m
        [33maria-hidden[39m=[32m"true"[39m
        [33mclass[39m=[32m"inline-flex shrink-0 items-center justify-center rounded-full font-bold bg-ink text-paper size-7 text-[11px]"[39m
      [36m>[39m
        [0mDE[0m
      [36m</span>[39m
      [36m<span[39m
        [33mclass[39m=[32m"min-w-0 flex-1 truncate text-sm font-medium"[39m
      [36m>[39m
        [0mDev[0m
      [36m</span>[39m
      [36m<span[39m
        [33mclass[39m=[32m"font-mono text-[11px] tabular-nums text-ink-3"[39m
      [36m>[39m
        [0m0/30[0m
      [36m</span>[39m
      [36m<button[39m
        [33maria-expanded[39m=[32m"false"[39m
        [33maria-label[39m=[32m"More for Dev"[39m
        [33mclass[39m=[32m"rounded-sm p-1 text-ink-3 transition-opacity hover:text-ink focus-visible:opacity-100 aria-expanded:opacity-100 pointer-fine:opacity-0 pointer-fine:group-hover:opacity-100"[39m
        [33mtype[39m=[32m"button"[39m
      [36m>[39m
        [36m<svg[39m
          [33maria-hidden[39m=[32m"true"[39m
          [33mclass[39m=[32m"size-4"[39m
          [33mfill[39m=[32m"currentColor"[39m
          [33mviewBox[39m=[32m"0 0 20 20"[39m
        [36m>[39m
          [36m<circle[39m
            [33mcx[39m=[32m"10"[39m
            [33mcy[39m=[32m"4.5"[39m
            [33mr[39m=[32m"1.6"[39m
          [36m/>[39m
          [36m<circle[39m
            [33mcx[39m=[32m"10"[39m
            [33mcy[39m=[32m"10"[39m
            [33mr[39m=[32m"1.6"[39m
          [36m/>[39m
          [36m<circle[39m
            [33mcx[39m=[32m"10"[39m
            [33mcy[39m=[32m"15.5"[39m
            [33mr[39m=[32m"1.6"[39m
          [36m/>[39m
        [36m</svg>[39m
      [36m</button>[39m
    [36m</li>[39m
    [36m<li[39m
      [33mclass[39m=[32m"group flex items-center gap-2.5 rounded-md px-1.5 py-1.5 hover:bg-surface-2"[39m
    [36m>[39m
      [36m<span[39m
        [33maria-hidden[39m=[32m"true"[39m
        [33mclass[39m=[32m"inline-flex shrink-0 items-center justify-center rounded-full font-bold bg-surface-2 text-ink size-7 text-[11px]"[39m
      [36m>[39m
        [0mEL[0m
      [36m</span>[39m
      [36m<span[39m
        [33mclass[39m=[32m"min-w-0 flex-1 truncate text-sm font-medium"[39m
      [36m>[39m
        [0mEli[0m
      [36m</span>[39m
      [36m<span[39m
        [33mclass[39m=[32m"font-mono text-[11px] tabular-nums text-ink-3"[39m
      [36m>[39m
        [0m0/30[0m
      [36m</span>[39m
      [36m<button[39m
        [33maria-expanded[39m=[32m"false"[39m
        [33maria-label[39m=[32m"More for Eli"[39m
        [33mclass[39m=[32m"rounded-sm p-1 text-ink-3 transition-opacity hover:text-ink focus-visible:opacity-100 aria-expanded:opacity-100 pointer-fine:opacity-0 pointer-fine:group-hover:opacity-100"[39m
        [33mtype[39m=[32m"button"[39m
      [36m>[39m
        [36m<svg[39m
          [33maria-hidden[39m=[32m"true"[39m
          [33mclass[39m=[32m"size-4"[39m
          [33mfill[39m=[32m"currentColor"[39m
          [33mviewBox[39m=[32m"0 0 20 20"[39m
        [36m>[39m
          [36m<circle[39m
            [33mcx[39m=[32m"10"[39m
            [33mcy[39m=[32m"4.5"[39m
            [33mr[39m=[32m"1.6"[39m
          [36m/>[39m
          [36m<circle[39m
            [33mcx[39m=[32m"10"[39m
            [33mcy[39m=[32m"10"[39m
            [33mr[39m=[32m"1.6"[39m
          [36m/>[39m
          [36m<circle[39m
            [33mcx[39m=[32m"10"[39m
            [33mcy[39m=[32m"15.5"[39m
            [33mr[39m=[32m"1.6"[39m
          [36m/>[39m
        [36m</svg>[39m
      [36m</button>[39m
    [36m</li>[39m
  [36m</ul>[39m
[36m</section>[39m
 ❯ Object.getElementError node_modules/@testing-library/dom/dist/config.js:37:19
 ❯ node_modules/@testing-library/dom/dist/query-helpers.js:76:38
 ❯ node_modules/@testing-library/dom/dist/query-helpers.js:52:17
 ❯ node_modules/@testing-library/dom/dist/query-helpers.js:95:19
 ❯ src/features/group/rail/Players.test.tsx:128:25
    126|     const field = within(card).getByRole("textbox", { name: "Player na…
    127|     fireEvent.keyDown(field, { key: "Escape", ...composition });
    128|     expect(within(card).getByRole("textbox", { name: "Player name" }))…
       |                         ^
    129|   });
    130|

⎯⎯⎯⎯⎯⎯⎯⎯⎯⎯⎯⎯⎯⎯⎯⎯⎯⎯⎯⎯⎯⎯⎯⎯[1/1]⎯


 Test Files  1 failed (1)
      Tests  1 failed | 14 passed (15)
   Start at  09:49:44
   Duration  1.47s (tests 55%, environment 32%, transform 5%, setup 4%, import 3%)

