[WebServer] CONVEX_AGENT_MODE=anonymous mode is in beta, functionality may change in the future.
[WebServer] ✔ Configured a local deployment for http://127.0.0.1:3210 and saved its:
[WebServer]     name as CONVEX_DEPLOYMENT
[WebServer]     client URL as VITE_CONVEX_URL
[WebServer]     HTTP actions URL as VITE_CONVEX_SITE_URL
[WebServer]  to .env.local
[WebServer] 
[WebServer] Write your Convex functions in convex/
[WebServer] Give us feedback at https://convex.dev/community or support@convex.dev
[WebServer] View the Convex dashboard at http://127.0.0.1:6790/
[WebServer] 
[WebServer] ▌ Developing against deployment:
[WebServer] ▌  Local  Port 3210 • No Convex account (run npx convex login to link to a project)
[WebServer] ▌ └─ http://127.0.0.1:3210
[WebServer] - Preparing Convex functions...
[WebServer] 
[WebServer] Convex AI files are not installed. Run npx convex ai-files install to get started or npx convex ai-files disable to hide this message.
[WebServer] ✔ 09:51:05 Convex functions ready! (2.17s)
[WebServer] ✔ Successfully set 2 environment variables from stdin (2 updated, 1 unchanged) (on anonymous deployment anonymous-agent)
[WebServer] Warning: Route file "/home/coder/dev/ns-worktrees/ticket-51/src/routes/routes.test.tsx" does not export a Route. This file will not be included in the route tree.
[WebServer] 
[WebServer] If this file is not intended to be a route, you can exclude it using one of these options:
[WebServer]   1. Rename the file to "/home/coder/dev/ns-worktrees/ticket-51/src/routes/-routes.test.tsx" (prefix with "-")
[WebServer]   2. Use 'routeFileIgnorePattern' in your config to match this file
[WebServer] 
[WebServer] Current configuration:
[WebServer]   routeFileIgnorePrefix: "-"
[WebServer]   routeFileIgnorePattern: undefined
[WebServer] 
[WebServer]   VITE v8.3.2  ready in 418 ms
[WebServer] 
[WebServer]   ➜  Local:   http://localhost:5173/
[WebServer]   ➜  Network: use --host to expose

Running 1 test using 1 worker

[WebServer] 9:51:09 AM [vite] (client) [console.error] [CONVEX M(roster:addPlayer)] [Request ID: 2b7e8264c5fa0dbc] Server Error
[WebServer] Uncaught ConvexError: {"code":"NAME_TAKEN","playerId":"k57efz75pp03thmgfnm5w94s918fn2e4"}
[WebServer]     at fail (../../convex/model/errors.ts:26:0)
[WebServer]     at ensureNameIsFree (../../convex/model/players.ts:24:0)
[WebServer]     at async handler (../convex/roster.ts:16:4)
[WebServer] 
  ✘  1 [chromium] › e2e/gm-rail.spec.ts:94:1 › the GM adds, renames, and removes Players (7.0s)


  1) [chromium] › e2e/gm-rail.spec.ts:94:1 › the GM adds, renames, and removes Players ─────────────

    Error: expect(locator).toBeFocused() failed

    Locator:  getByRole('region', { name: /^Players/ }).getByRole('textbox', { name: 'New name for Ben' })
    Expected: focused
    Received: inactive
    Timeout:  5000ms

    Call log:
      - Expect "toBeFocused" getByRole('region', { name: /^Players/ }).getByRole('textbox', { name: 'New name for Ben' }) with timeout 5000ms
      - waiting for getByRole('region', { name: /^Players/ }).getByRole('textbox', { name: 'New name for Ben' })
        14 × locator resolved to <input id="_r_a_" value="Ben" maxlength="120" autocomplete="off" class="h-9 min-w-0 flex-1 rounded-sm border border-line bg-paper px-3 text-sm text-ink outline-none focus:border-accent aria-invalid:border-busy"/>
           - unexpected value "inactive"


      118 |       .getByRole("textbox", { name: "New name for Ben" })
      119 |       .dispatchEvent("keydown", { key: "Escape", bubbles: true, ...composition });
    > 120 |     await expect(players.getByRole("textbox", { name: "New name for Ben" })).toBeFocused();
          |                                                                              ^
      121 |     await expect(page.getByRole("region", { name: /, \w+ 5$/ })).toBeVisible();
      122 |   }
      123 |   await players.getByRole("textbox", { name: "New name for Ben" }).fill("Benedikt");
        at /home/coder/dev/ns-worktrees/ticket-51/e2e/gm-rail.spec.ts:120:78

    Error Context: test-results/gm-rail-the-GM-adds-renames-and-removes-Players-chromium/error-context.md

    attachment #2: trace (application/zip) ─────────────────────────────────────────────────────────
    test-results/gm-rail-the-GM-adds-renames-and-removes-Players-chromium/trace.zip
    Usage:

        npx playwright show-trace test-results/gm-rail-the-GM-adds-renames-and-removes-Players-chromium/trace.zip

    ────────────────────────────────────────────────────────────────────────────────────────────────

  1 failed
    [chromium] › e2e/gm-rail.spec.ts:94:1 › the GM adds, renames, and removes Players ──────────────
