
 RUN  v5.0.3 /home/coder/dev/ns-worktrees/ticket-54

 ❯ |ui| src/ui/ShareLinkCard.test.tsx (8 tests | 2 failed) 3859ms
   ❯ ShareLinkCard (8)
     × copies the selected link when the clipboard API refuses, keeping focus on the button 1015ms
     × copies the selected link when the browser has no clipboard API at all 1014ms

⎯⎯⎯⎯⎯⎯⎯ Failed Tests 2 ⎯⎯⎯⎯⎯⎯⎯

 FAIL  |ui| src/ui/ShareLinkCard.test.tsx > ShareLinkCard > copies the selected link when the clipboard API refuses, keeping focus on the button
TestingLibraryElementError: Unable to find role="button" and name "Copied"

Ignored nodes: comments, script, style
<body>
  <div>
    <div
      class="rounded-lg border border-accent/30 bg-accent-soft/60 dark:bg-accent-soft/40 p-4"
    >
      <div
        class="flex items-center justify-between gap-3"
      >
        <p
          class="font-mono text-[11px] font-medium uppercase tracking-[0.18em] text-ink-3 text-accent-strong"
        >
          Player link
        </p>
      </div>
      <div
        class="mt-2 flex items-center gap-2"
      >
        <code
          class="min-w-0 flex-1 truncate rounded-md bg-surface px-3 py-2.5 font-mono text-sm text-ink select-all"
        >
          next-session.link/s/k3Qx9Lm2aB
        </code>
        <button
          class="inline-flex shrink-0 items-center justify-center font-semibold transition-[background-color,color,transform,border-color,filter] duration-150 ease-(--ease-snap) active:scale-[0.98] disabled:pointer-events-none disabled:opacity-50 bg-accent text-accent-ink hover:bg-accent-strong shadow-card h-10 px-4 text-sm gap-2 rounded-md min-w-24"
          type="button"
        >
          <svg
            aria-hidden="true"
            class="size-4"
            fill="none"
            stroke="currentColor"
            stroke-width="1.8"
            viewBox="0 0 20 20"
          >
            <rect
              height="10"
              rx="2"
              width="10"
              x="7"
              y="7"
            />
            <path
              d="M13 7V5a2 2 0 0 0-2-2H5a2 2 0 0 0-2 2v6a2 2 0 0 0 2 2h2"
            />
          </svg>
          Copy
        </button>
      </div>
      <p
        class="mt-2 text-xs text-ink-2"
      >
        Long-press the link to copy it.
      </p>
      <div
        class="flex flex-wrap items-center justify-between gap-3 mt-3"
      >
        <div
          class="flex items-center gap-2"
        >
          <a
            aria-label="Share via WhatsApp"
            class="inline-flex size-10 items-center justify-center rounded-full text-sm font-bold transition-transform hover:scale-105 active:scale-95 bg-[#25D366] text-white"
            href="https://wa.me/?text=Help%20me%20find%20our%20next%20game%20night.%20Tap%20the%20days%20you%20can%20play%2C%20it%20takes%2030%20seconds%3A%20https%3A%2F%2Fnext-session.link%2Fs%2Fk3Qx9Lm2aB"
            rel="noreferrer"
            target="_blank"
          >
            W
          </a>
          <a
            aria-label="Share via Telegram"
            class="inline-flex size-10 items-center justify-center rounded-full text-sm font-bold transition-transform hover:scale-105 active:scale-95 bg-[#2AABEE] text-white"
            href="https://t.me/share/url?url=https%3A%2F%2Fnext-session.link%2Fs%2Fk3Qx9Lm2aB&text=Help%20me%20find%20our%20next%20game%20night.%20Tap%20the%20days%20you%20can%20play%2C%20it%20takes%2030%20seconds."
            rel="noreferrer"
            target="_blank"
          >
            T
          </a>
          <a
            aria-label="Share via Mail"
            class="inline-flex size-10 items-center justify-center rounded-full text-sm font-bold transition-transform hover:scale-105 active:scale-95 bg-surface text-ink"
            href="mailto:?subject=Our%20next%20game%20night&body=Help%20me%20find%20our%20next%20game%20night.%20Tap%20the%20days%20you%20can%20play%2C%20it%20takes%2030%20seconds%3A%20https%3A%2F%2Fnext-session.link%2Fs%2Fk3Qx9Lm2aB"
          >
            @
          </a>
        </div>
        <p
          class="text-xs text-ink-3"
        >
          Anyone with the link can answer. Keep it in the group.
        </p>
      </div>
    </div>
  </div>
</body>

Ignored nodes: comments, script, style
<body>
  <div>
    <div
      class="rounded-lg border border-accent/30 bg-accent-soft/60 dark:bg-accent-soft/40 p-4"
    >
      <div
        class="flex items-center justify-between gap-3"
      >
        <p
          class="font-mono text-[11px] font-medium uppercase tracking-[0.18em] text-ink-3 text-accent-strong"
        >
          Player link
        </p>
      </div>
      <div
        class="mt-2 flex items-center gap-2"
      >
        <code
          class="min-w-0 flex-1 truncate rounded-md bg-surface px-3 py-2.5 font-mono text-sm text-ink select-all"
        >
          next-session.link/s/k3Qx9Lm2aB
        </code>
        <button
          class="inline-flex shrink-0 items-center justify-center font-semibold transition-[background-color,color,transform,border-color,filter] duration-150 ease-(--ease-snap) active:scale-[0.98] disabled:pointer-events-none disabled:opacity-50 bg-accent text-accent-ink hover:bg-accent-strong shadow-card h-10 px-4 text-sm gap-2 rounded-md min-w-24"
          type="button"
        >
          <svg
            aria-hidden="true"
            class="size-4"
            fill="none"
            stroke="currentColor"
            stroke-width="1.8"
            viewBox="0 0 20 20"
          >
            <rect
              height="10"
              rx="2"
              width="10"
              x="7"
              y="7"
            />
            <path
              d="M13 7V5a2 2 0 0 0-2-2H5a2 2 0 0 0-2 2v6a2 2 0 0 0 2 2h2"
            />
          </svg>
          Copy
        </button>
      </div>
      <p
        class="mt-2 text-xs text-ink-2"
      >
        Long-press the link to copy it.
      </p>
      <div
        class="flex flex-wrap items-center justify-between gap-3 mt-3"
      >
        <div
          class="flex items-center gap-2"
        >
          <a
            aria-label="Share via WhatsApp"
            class="inline-flex size-10 items-center justify-center rounded-full text-sm font-bold transition-transform hover:scale-105 active:scale-95 bg-[#25D366] text-white"
            href="https://wa.me/?text=Help%20me%20find%20our%20next%20game%20night.%20Tap%20the%20days%20you%20can%20play%2C%20it%20takes%2030%20seconds%3A%20https%3A%2F%2Fnext-session.link%2Fs%2Fk3Qx9Lm2aB"
            rel="noreferrer"
            target="_blank"
          >
            W
          </a>
          <a
            aria-label="Share via Telegram"
            class="inline-flex size-10 items-center justify-center rounded-full text-sm font-bold transition-transform hover:scale-105 active:scale-95 bg-[#2AABEE] text-white"
            href="https://t.me/share/url?url=https%3A%2F%2Fnext-session.link%2Fs%2Fk3Qx9Lm2aB&text=Help%20me%20find%20our%20next%20game%20night.%20Tap%20the%20days%20you%20can%20play%2C%20it%20takes%2030%20seconds."
            rel="noreferrer"
            target="_blank"
          >
            T
          </a>
          <a
            aria-label="Share via Mail"
            class="inline-flex size-10 items-center justify-center rounded-full text-sm font-bold transition-transform hover:scale-105 active:scale-95 bg-surface text-ink"
            href="mailto:?subject=Our%20next%20game%20night&body=Help%20me%20find%20our%20next%20game%20night.%20Tap%20the%20days%20you%20can%20play%2C%20it%20takes%2030%20seconds%3A%20https%3A%2F%2Fnext-session.link%2Fs%2Fk3Qx9Lm2aB"
          >
            @
          </a>
        </div>
        <p
          class="text-xs text-ink-3"
        >
          Anyone with the link can answer. Keep it in the group.
        </p>
      </div>
    </div>
  </div>
</body>
 ❯ waitForWrapper node_modules/@testing-library/dom/dist/wait-for.js:163:27
 ❯ node_modules/@testing-library/dom/dist/query-helpers.js:86:33
 ❯ src/ui/ShareLinkCard.test.tsx:67:25
     65|     await userEvent.click(screen.getByRole("button", { name: "Copy" })…
     66|
     67|     expect(await screen.findByRole("button", { name: "Copied" })).toBe…
       |                         ^
     68|     expect(copied).toEqual([url]);
     69|     expect(document.querySelector("textarea")).toBeNull();

⎯⎯⎯⎯⎯⎯⎯⎯⎯⎯⎯⎯⎯⎯⎯⎯⎯⎯⎯⎯⎯⎯⎯⎯[1/2]⎯

 FAIL  |ui| src/ui/ShareLinkCard.test.tsx > ShareLinkCard > copies the selected link when the browser has no clipboard API at all
TestingLibraryElementError: Unable to find role="button" and name "Copied"

Ignored nodes: comments, script, style
<body>
  <div>
    <div
      class="rounded-lg border border-accent/30 bg-accent-soft/60 dark:bg-accent-soft/40 p-4"
    >
      <div
        class="flex items-center justify-between gap-3"
      >
        <p
          class="font-mono text-[11px] font-medium uppercase tracking-[0.18em] text-ink-3 text-accent-strong"
        >
          Player link
        </p>
      </div>
      <div
        class="mt-2 flex items-center gap-2"
      >
        <code
          class="min-w-0 flex-1 truncate rounded-md bg-surface px-3 py-2.5 font-mono text-sm text-ink select-all"
        >
          next-session.link/s/k3Qx9Lm2aB
        </code>
        <button
          class="inline-flex shrink-0 items-center justify-center font-semibold transition-[background-color,color,transform,border-color,filter] duration-150 ease-(--ease-snap) active:scale-[0.98] disabled:pointer-events-none disabled:opacity-50 bg-accent text-accent-ink hover:bg-accent-strong shadow-card h-10 px-4 text-sm gap-2 rounded-md min-w-24"
          type="button"
        >
          <svg
            aria-hidden="true"
            class="size-4"
            fill="none"
            stroke="currentColor"
            stroke-width="1.8"
            viewBox="0 0 20 20"
          >
            <rect
              height="10"
              rx="2"
              width="10"
              x="7"
              y="7"
            />
            <path
              d="M13 7V5a2 2 0 0 0-2-2H5a2 2 0 0 0-2 2v6a2 2 0 0 0 2 2h2"
            />
          </svg>
          Copy
        </button>
      </div>
      <p
        class="mt-2 text-xs text-ink-2"
      >
        Long-press the link to copy it.
      </p>
      <div
        class="flex flex-wrap items-center justify-between gap-3 mt-3"
      >
        <div
          class="flex items-center gap-2"
        >
          <a
            aria-label="Share via WhatsApp"
            class="inline-flex size-10 items-center justify-center rounded-full text-sm font-bold transition-transform hover:scale-105 active:scale-95 bg-[#25D366] text-white"
            href="https://wa.me/?text=Help%20me%20find%20our%20next%20game%20night.%20Tap%20the%20days%20you%20can%20play%2C%20it%20takes%2030%20seconds%3A%20https%3A%2F%2Fnext-session.link%2Fs%2Fk3Qx9Lm2aB"
            rel="noreferrer"
            target="_blank"
          >
            W
          </a>
          <a
            aria-label="Share via Telegram"
            class="inline-flex size-10 items-center justify-center rounded-full text-sm font-bold transition-transform hover:scale-105 active:scale-95 bg-[#2AABEE] text-white"
            href="https://t.me/share/url?url=https%3A%2F%2Fnext-session.link%2Fs%2Fk3Qx9Lm2aB&text=Help%20me%20find%20our%20next%20game%20night.%20Tap%20the%20days%20you%20can%20play%2C%20it%20takes%2030%20seconds."
            rel="noreferrer"
            target="_blank"
          >
            T
          </a>
          <a
            aria-label="Share via Mail"
            class="inline-flex size-10 items-center justify-center rounded-full text-sm font-bold transition-transform hover:scale-105 active:scale-95 bg-surface text-ink"
            href="mailto:?subject=Our%20next%20game%20night&body=Help%20me%20find%20our%20next%20game%20night.%20Tap%20the%20days%20you%20can%20play%2C%20it%20takes%2030%20seconds%3A%20https%3A%2F%2Fnext-session.link%2Fs%2Fk3Qx9Lm2aB"
          >
            @
          </a>
        </div>
        <p
          class="text-xs text-ink-3"
        >
          Anyone with the link can answer. Keep it in the group.
        </p>
      </div>
    </div>
  </div>
</body>

Ignored nodes: comments, script, style
<body>
  <div>
    <div
      class="rounded-lg border border-accent/30 bg-accent-soft/60 dark:bg-accent-soft/40 p-4"
    >
      <div
        class="flex items-center justify-between gap-3"
      >
        <p
          class="font-mono text-[11px] font-medium uppercase tracking-[0.18em] text-ink-3 text-accent-strong"
        >
          Player link
        </p>
      </div>
      <div
        class="mt-2 flex items-center gap-2"
      >
        <code
          class="min-w-0 flex-1 truncate rounded-md bg-surface px-3 py-2.5 font-mono text-sm text-ink select-all"
        >
          next-session.link/s/k3Qx9Lm2aB
        </code>
        <button
          class="inline-flex shrink-0 items-center justify-center font-semibold transition-[background-color,color,transform,border-color,filter] duration-150 ease-(--ease-snap) active:scale-[0.98] disabled:pointer-events-none disabled:opacity-50 bg-accent text-accent-ink hover:bg-accent-strong shadow-card h-10 px-4 text-sm gap-2 rounded-md min-w-24"
          type="button"
        >
          <svg
            aria-hidden="true"
            class="size-4"
            fill="none"
            stroke="currentColor"
            stroke-width="1.8"
            viewBox="0 0 20 20"
          >
            <rect
              height="10"
              rx="2"
              width="10"
              x="7"
              y="7"
            />
            <path
              d="M13 7V5a2 2 0 0 0-2-2H5a2 2 0 0 0-2 2v6a2 2 0 0 0 2 2h2"
            />
          </svg>
          Copy
        </button>
      </div>
      <p
        class="mt-2 text-xs text-ink-2"
      >
        Long-press the link to copy it.
      </p>
      <div
        class="flex flex-wrap items-center justify-between gap-3 mt-3"
      >
        <div
          class="flex items-center gap-2"
        >
          <a
            aria-label="Share via WhatsApp"
            class="inline-flex size-10 items-center justify-center rounded-full text-sm font-bold transition-transform hover:scale-105 active:scale-95 bg-[#25D366] text-white"
            href="https://wa.me/?text=Help%20me%20find%20our%20next%20game%20night.%20Tap%20the%20days%20you%20can%20play%2C%20it%20takes%2030%20seconds%3A%20https%3A%2F%2Fnext-session.link%2Fs%2Fk3Qx9Lm2aB"
            rel="noreferrer"
            target="_blank"
          >
            W
          </a>
          <a
            aria-label="Share via Telegram"
            class="inline-flex size-10 items-center justify-center rounded-full text-sm font-bold transition-transform hover:scale-105 active:scale-95 bg-[#2AABEE] text-white"
            href="https://t.me/share/url?url=https%3A%2F%2Fnext-session.link%2Fs%2Fk3Qx9Lm2aB&text=Help%20me%20find%20our%20next%20game%20night.%20Tap%20the%20days%20you%20can%20play%2C%20it%20takes%2030%20seconds."
            rel="noreferrer"
            target="_blank"
          >
            T
          </a>
          <a
            aria-label="Share via Mail"
            class="inline-flex size-10 items-center justify-center rounded-full text-sm font-bold transition-transform hover:scale-105 active:scale-95 bg-surface text-ink"
            href="mailto:?subject=Our%20next%20game%20night&body=Help%20me%20find%20our%20next%20game%20night.%20Tap%20the%20days%20you%20can%20play%2C%20it%20takes%2030%20seconds%3A%20https%3A%2F%2Fnext-session.link%2Fs%2Fk3Qx9Lm2aB"
          >
            @
          </a>
        </div>
        <p
          class="text-xs text-ink-3"
        >
          Anyone with the link can answer. Keep it in the group.
        </p>
      </div>
    </div>
  </div>
</body>
 ❯ waitForWrapper node_modules/@testing-library/dom/dist/wait-for.js:163:27
 ❯ node_modules/@testing-library/dom/dist/query-helpers.js:86:33
 ❯ src/ui/ShareLinkCard.test.tsx:80:25
     78|     await userEvent.click(screen.getByRole("button", { name: "Copy" })…
     79|
     80|     expect(await screen.findByRole("button", { name: "Copied" })).toBe…
       |                         ^
     81|     expect(copied).toEqual([url]);
     82|   });

⎯⎯⎯⎯⎯⎯⎯⎯⎯⎯⎯⎯⎯⎯⎯⎯⎯⎯⎯⎯⎯⎯⎯⎯[2/2]⎯


 Test Files  1 failed (1)
      Tests  2 failed | 6 passed (8)
   Start at  14:09:31
   Duration  4.52s (tests 87%, environment 10%, setup 1%, transform 1%, import 1%)

