$ tsc -p tsconfig.app.json && tsc -p tsconfig.node.json && tsc -p convex/tsconfig.json && eslint . && prettier --check . && vitest run && vite build && wrangler deploy --dry-run
Checking formatting...
All matched files use Prettier code style!

 RUN  v5.0.3 /home/coder/dev/ns-worktrees/ticket-45

Not implemented: Window's scrollTo() method
Not implemented: Window's scrollTo() method
Not implemented: Window's scrollTo() method
Not implemented: Window's scrollTo() method
Not implemented: Window's scrollTo() method
Not implemented: Window's scrollTo() method
Not implemented: Window's scrollTo() method
Not implemented: Window's scrollTo() method
Not implemented: Window's scrollTo() method
Not implemented: Window's scrollTo() method
Not implemented: Window's scrollTo() method
Not implemented: Window's scrollTo() method
Not implemented: Window's scrollTo() method
Not implemented: Window's scrollTo() method
Not implemented: Window's scrollTo() method
Not implemented: Window's scrollTo() method
Not implemented: Window's scrollTo() method
Not implemented: Window's scrollTo() method
Not implemented: Window's scrollTo() method
Not implemented: Window's scrollTo() method
Not implemented: Window's scrollTo() method
Not implemented: Window's scrollTo() method
Not implemented: Window's scrollTo() method
Not implemented: Window's scrollTo() method
Not implemented: Window's scrollTo() method
Not implemented: Window's scrollTo() method
Not implemented: Window's scrollTo() method
Not implemented: Window's scrollTo() method
Not implemented: Window's scrollTo() method
Not implemented: Window's scrollTo() method
Not implemented: Window's scrollTo() method
Not implemented: Window's scrollTo() method
Not implemented: Window's scrollTo() method
Not implemented: Window's scrollTo() method
Not implemented: Window's scrollTo() method
Not implemented: Window's scrollTo() method
Not implemented: Window's scrollTo() method
Not implemented: Window's scrollTo() method
Not implemented: Window's scrollTo() method
Not implemented: Window's scrollTo() method
Not implemented: Window's scrollTo() method
Not implemented: Window's scrollTo() method
Not implemented: Window's scrollTo() method
Not implemented: Window's scrollTo() method
Not implemented: Window's scrollTo() method
Not implemented: Window's scrollTo() method
Not implemented: Window's scrollTo() method
Not implemented: Window's scrollTo() method
Not implemented: Window's scrollTo() method
Not implemented: Window's scrollTo() method
Not implemented: Window's scrollTo() method
Not implemented: Window's scrollTo() method
Not implemented: Window's scrollTo() method
Not implemented: Window's scrollTo() method
Not implemented: Window's scrollTo() method
Not implemented: Window's scrollTo() method
Not implemented: Window's scrollTo() method
Not implemented: Window's scrollTo() method
Not implemented: Window's scrollTo() method
Not implemented: Window's scrollTo() method
Not implemented: Window's scrollTo() method
Not implemented: Window's scrollTo() method
Not implemented: Window's scrollTo() method
Not implemented: Window's scrollTo() method
Not implemented: Window's scrollTo() method
Not implemented: Window's scrollTo() method
Not implemented: Window's scrollTo() method
Not implemented: Window's scrollTo() method
Not implemented: Window's scrollTo() method
Not implemented: Window's scrollTo() method
Not implemented: Window's scrollTo() method

 Test Files  55 passed (55)
      Tests  576 passed (576)
   Start at  08:19:50
   Duration  4.67s (tests 43%, environment 37%, transform 8%, import 6%, setup 5%, worker 1%)

Environment  |ui| jsdom was created 37 times · 22.06s total, 47% of tracked time
             create it once per worker with pool: 'vmThreads' (keeps per-file isolation) or isolate: false (shares it across files)
             learn more: https://vitest.dev/guide/improving-performance#test-environments

Warning: Route file "/home/coder/dev/ns-worktrees/ticket-45/src/routes/routes.test.tsx" does not export a Route. This file will not be included in the route tree.

If this file is not intended to be a route, you can exclude it using one of these options:
  1. Rename the file to "/home/coder/dev/ns-worktrees/ticket-45/src/routes/-routes.test.tsx" (prefix with "-")
  2. Use 'routeFileIgnorePattern' in your config to match this file

Current configuration:
  routeFileIgnorePrefix: "-"
  routeFileIgnorePattern: undefined
vite v8.3.2 building client environment for production...
transforming...
✓ 272 modules transformed.
rendering chunks...
computing gzip size...
dist/index.html                                                          0.77 kB │ gzip:  0.37 kB
dist/assets/jetbrains-mono-greek-500-normal-JpySY46c.woff2               4.28 kB
dist/assets/jetbrains-mono-cyrillic-500-normal-DmUKJPL_.woff2            5.35 kB
dist/assets/jetbrains-mono-vietnamese-500-normal-DNRqzVM1.woff           5.47 kB
dist/assets/jetbrains-mono-greek-500-normal-D7SFKleX.woff                5.72 kB
dist/assets/jetbrains-mono-cyrillic-500-normal-DJqRU3vO.woff             7.02 kB
dist/assets/jetbrains-mono-latin-ext-500-normal-Cut-4mMH.woff2           7.52 kB
dist/assets/inter-vietnamese-wght-normal-CBcvBZtf.woff2                 10.25 kB
dist/assets/jetbrains-mono-latin-ext-500-normal-ckzbgY84.woff           10.33 kB
dist/assets/inter-greek-ext-wght-normal-DlzME5K_.woff2                  11.23 kB
dist/assets/bricolage-grotesque-vietnamese-opsz-normal-D9N6E8K1.woff2   12.98 kB
dist/assets/inter-cyrillic-wght-normal-DqGufNeO.woff2                   18.74 kB
dist/assets/inter-greek-wght-normal-CkhJZR-_.woff2                      18.99 kB
dist/assets/jetbrains-mono-latin-500-normal-BWZEU5yA.woff2              21.83 kB
dist/assets/inter-cyrillic-ext-wght-normal-BOeWTOD4.woff2               25.96 kB
dist/assets/jetbrains-mono-latin-500-normal-CJOVTJB7.woff               28.20 kB
dist/assets/bricolage-grotesque-latin-ext-opsz-normal-IcJDqblK.woff2    30.73 kB
dist/assets/inter-latin-wght-normal-Dx4kXJAl.woff2                      48.25 kB
dist/assets/bricolage-grotesque-latin-opsz-normal-Cre6nC2_.woff2        76.88 kB
dist/assets/inter-latin-ext-wght-normal-DO1Apj_S.woff2                  85.06 kB
dist/assets/index-DvCEaBpH.css                                          56.57 kB │ gzip: 16.95 kB
dist/assets/terms-B-HCAc0w.js                                            0.15 kB │ gzip:  0.14 kB
dist/assets/imprint-qP0u9xd1.js                                          0.15 kB │ gzip:  0.14 kB
dist/assets/privacy-DDpDyX-n.js                                          0.15 kB │ gzip:  0.15 kB
dist/assets/g._groupId-CLWy8hui.js                                       0.22 kB │ gzip:  0.19 kB
dist/assets/Eyebrow-D_m4go3Z.js                                          0.22 kB │ gzip:  0.19 kB
dist/assets/g._groupId-DLfBF94v.js                                       0.25 kB │ gzip:  0.20 kB
dist/assets/api-Bp8YvFFb.js                                              0.39 kB │ gzip:  0.30 kB
dist/assets/Wordmark-frXmAMSk.js                                         0.43 kB │ gzip:  0.30 kB
dist/assets/Avatar-8E8JiggC.js                                           2.98 kB │ gzip:  1.44 kB
dist/assets/preload-helper-DGR7NLPw.js                                   5.72 kB │ gzip:  2.24 kB
dist/assets/routes-BWdYzdWD.js                                           7.62 kB │ gzip:  2.80 kB
dist/assets/LegalPage-BiX0A0Bx.js                                       12.15 kB │ gzip:  5.01 kB
dist/assets/railStorage-eAFwt8q0.js                                     15.25 kB │ gzip:  5.51 kB
dist/assets/LegalFooter-CF_k4Rjp.js                                     20.85 kB │ gzip:  8.41 kB
dist/assets/s._shareToken-CLM9kDjq.js                                   20.90 kB │ gzip:  7.23 kB
dist/assets/GroupScreen-C7Ec005Z.js                                     41.23 kB │ gzip: 12.79 kB
dist/assets/Button-BNcRTEks.js                                          71.50 kB │ gzip: 20.34 kB
dist/assets/index-C4YNy-Wt.js                                          295.00 kB │ gzip: 94.52 kB

✓ built in 253ms

 ⛅️ wrangler 4.147.0
────────────────────
✨ Read 40 files from the assets directory /home/coder/dev/ns-worktrees/ticket-45/dist
Total Upload: 0.81 KiB / gzip: 0.46 KiB
Your Worker has access to the following bindings:
Binding            Resource      
env.ASSETS         Assets        

--dry-run: exiting now.
