[WebServer] CONVEX_AGENT_MODE=anonymous mode is in beta, functionality may change in the future.
[WebServer] ✔ Configured a local deployment for http://127.0.0.1:3210 and saved its:
[WebServer]     name as CONVEX_DEPLOYMENT
[WebServer]     client URL as VITE_CONVEX_URL
[WebServer]     HTTP actions URL as VITE_CONVEX_SITE_URL
[WebServer]  to .env.local
[WebServer] 
[WebServer] Write your Convex functions in convex/
[WebServer] Give us feedback at https://convex.dev/community or support@convex.dev
[WebServer] View the Convex dashboard at http://127.0.0.1:6790/
[WebServer] 
[WebServer] ▌ Developing against deployment:
[WebServer] ▌  Local  Port 3210 • No Convex account (run npx convex login to link to a project)
[WebServer] ▌ └─ http://127.0.0.1:3210
[WebServer] - Preparing Convex functions...
[WebServer] 
[WebServer] Convex AI files are not installed. Run npx convex ai-files install to get started or npx convex ai-files disable to hide this message.
[WebServer] ✔ 08:36:25 Convex functions ready! (2.04s)
[WebServer] ✔ Successfully set 2 environment variables from stdin (2 updated, 1 unchanged) (on anonymous deployment anonymous-agent)
[WebServer] Warning: Route file "/home/coder/dev/ns-worktrees/ticket-45/src/routes/routes.test.tsx" does not export a Route. This file will not be included in the route tree.
[WebServer] 
[WebServer] If this file is not intended to be a route, you can exclude it using one of these options:
[WebServer]   1. Rename the file to "/home/coder/dev/ns-worktrees/ticket-45/src/routes/-routes.test.tsx" (prefix with "-")
[WebServer]   2. Use 'routeFileIgnorePattern' in your config to match this file
[WebServer] 
[WebServer] Current configuration:
[WebServer]   routeFileIgnorePrefix: "-"
[WebServer]   routeFileIgnorePattern: undefined
[WebServer] 
[WebServer]   VITE v8.3.2  ready in 405 ms
[WebServer] 
[WebServer]   ➜  Local:   http://localhost:5173/
[WebServer]   ➜  Network: use --host to expose

Running 4 tests using 1 worker

[WebServer] 8:36:29 AM [vite] (client) [console.error] [CONVEX A(auth:signIn)] [Request ID: a94ccc1af649bebc] Server Error
[WebServer] Uncaught ConvexError: {"code":"INVALID_CREDENTIALS"}
[WebServer]     at fail (../../convex/model/errors.ts:26:0)
[WebServer]     at refuseSignIn (../../convex/auth.ts:86:0)
[WebServer]     at authorize [as authorize] (../../convex/auth.ts:67:4)
[WebServer]     at async handleCredentials (../../node_modules/@convex-dev/auth/src/server/implementation/signIn.ts:191:6)
[WebServer]     at async handler (../../node_modules/@convex-dev/auth/src/server/implementation/index.ts:416:26)
[WebServer] 
  ✓  1 [chromium] › e2e/landing.spec.ts:311:7 › screenshots › 390px light (3.9s)
[WebServer] 8:36:33 AM [vite] (client) [console.error] [CONVEX A(auth:signIn)] [Request ID: 8f4da0ca13a7be35] Server Error
[WebServer] Uncaught ConvexError: {"code":"INVALID_CREDENTIALS"}
[WebServer]     at fail (../../convex/model/errors.ts:26:0)
[WebServer]     at refuseSignIn (../../convex/auth.ts:86:0)
[WebServer]     at authorize [as authorize] (../../convex/auth.ts:67:4)
[WebServer]     at async handleCredentials (../../node_modules/@convex-dev/auth/src/server/implementation/signIn.ts:191:6)
[WebServer]     at async handler (../../node_modules/@convex-dev/auth/src/server/implementation/index.ts:416:26)
[WebServer] 
  ✓  2 [chromium] › e2e/landing.spec.ts:311:7 › screenshots › 390px dark (3.6s)
[WebServer] 8:36:37 AM [vite] (client) [console.error] [CONVEX A(auth:signIn)] [Request ID: a5adeafe8c0ac43a] Server Error
[WebServer] Uncaught ConvexError: {"code":"INVALID_CREDENTIALS"}
[WebServer]     at fail (../../convex/model/errors.ts:26:0)
[WebServer]     at refuseSignIn (../../convex/auth.ts:86:0)
[WebServer]     at authorize [as authorize] (../../convex/auth.ts:67:4)
[WebServer]     at async handleCredentials (../../node_modules/@convex-dev/auth/src/server/implementation/signIn.ts:191:6)
[WebServer]     at async handler (../../node_modules/@convex-dev/auth/src/server/implementation/index.ts:416:26)
[WebServer] 
  ✓  3 [chromium] › e2e/landing.spec.ts:311:7 › screenshots › 1440px light (3.7s)
[WebServer] 8:36:41 AM [vite] (client) [console.error] [CONVEX A(auth:signIn)] [Request ID: 52198db8d9d89d51] Server Error
[WebServer] Uncaught ConvexError: {"code":"INVALID_CREDENTIALS"}
[WebServer]     at fail (../../convex/model/errors.ts:26:0)
[WebServer]     at refuseSignIn (../../convex/auth.ts:86:0)
[WebServer]     at authorize [as authorize] (../../convex/auth.ts:67:4)
[WebServer]     at async handleCredentials (../../node_modules/@convex-dev/auth/src/server/implementation/signIn.ts:191:6)
[WebServer]     at async handler (../../node_modules/@convex-dev/auth/src/server/implementation/index.ts:416:26)
[WebServer] 
  ✓  4 [chromium] › e2e/landing.spec.ts:311:7 › screenshots › 1440px dark (3.7s)

  4 passed (19.5s)
