$ playwright test
[WebServer] CONVEX_AGENT_MODE=anonymous mode is in beta, functionality may change in the future.
[WebServer] ✔ Configured a local deployment for http://127.0.0.1:3210 and saved its:
[WebServer]     name as CONVEX_DEPLOYMENT
[WebServer]     client URL as VITE_CONVEX_URL
[WebServer]     HTTP actions URL as VITE_CONVEX_SITE_URL
[WebServer]  to .env.local
[WebServer] 
[WebServer] Write your Convex functions in convex/
[WebServer] Give us feedback at https://convex.dev/community or support@convex.dev
[WebServer] View the Convex dashboard at http://127.0.0.1:6790/
[WebServer] 
[WebServer] ▌ Developing against deployment:
[WebServer] ▌  Local  Port 3210 • No Convex account (run npx convex login to link to a project)
[WebServer] ▌ └─ http://127.0.0.1:3210
[WebServer] - Preparing Convex functions...
[WebServer] 
[WebServer] Convex AI files are not installed. Run npx convex ai-files install to get started or npx convex ai-files disable to hide this message.
[WebServer] ✔ 07:59:31 Convex functions ready! (2.05s)
[WebServer] ✔ Successfully set 2 environment variables from stdin (2 updated, 1 unchanged) (on anonymous deployment anonymous-agent)
[WebServer] Warning: Route file "/home/coder/dev/ns-worktrees/ticket-45/src/routes/routes.test.tsx" does not export a Route. This file will not be included in the route tree.
[WebServer] 
[WebServer] If this file is not intended to be a route, you can exclude it using one of these options:
[WebServer]   1. Rename the file to "/home/coder/dev/ns-worktrees/ticket-45/src/routes/-routes.test.tsx" (prefix with "-")
[WebServer]   2. Use 'routeFileIgnorePattern' in your config to match this file
[WebServer] 
[WebServer] Current configuration:
[WebServer]   routeFileIgnorePrefix: "-"
[WebServer]   routeFileIgnorePattern: undefined
[WebServer] 
[WebServer]   VITE v8.3.2  ready in 408 ms
[WebServer] 
[WebServer]   ➜  Local:   http://localhost:5173/
[WebServer]   ➜  Network: use --host to expose

Running 47 tests using 5 workers

  ✓   1 [chromium] › e2e/smoke.spec.ts:3:1 › the landing page renders the app shell without errors (506ms)
  ✓   4 [chromium] › e2e/gm-rail.spec.ts:81:1 › the GM copies, rotates, and undoes the Share Link from the rail (1.3s)
  ✓   3 [chromium] › e2e/landing.spec.ts:61:1 › one click puts the link in hand and lands the GM on their Group (1.4s)
  ✓   2 [chromium] › e2e/gm-calendar.spec.ts:68:1 › the GM reads the heat-map and sees who is free on a night (2.0s)
  ✓   5 [chromium] › e2e/player.spec.ts:118:3 › the player surface › a new player joins by name, answers, fills the rest, and comes back (2.7s)
  ✓   8 [chromium] › e2e/gm-calendar.spec.ts:89:1 › on a phone the day sheet leaves the tapped night in view (1.3s)
  ✓   6 [chromium] › e2e/gm-rail.spec.ts:115:1 › the newest action owns the only toast (2.1s)
  ✓   9 [chromium] › e2e/player.spec.ts:172:3 › the player surface › taps and Fill Rest show at once, before the backend answers (1.1s)
[WebServer] 7:59:38 AM [vite] (client) [console.error] [CONVEX M(roster:addPlayer)] [Request ID: c62b73d78a5d13bb] Server Error
[WebServer] Uncaught ConvexError: {"code":"NAME_TAKEN","playerId":"k57bma8r2xm9179f375grqxa8n8fmhem"}
[WebServer]     at fail (../../convex/model/errors.ts:26:0)
[WebServer]     at ensureNameIsFree (../../convex/model/players.ts:24:0)
[WebServer]     at async handler (../convex/roster.ts:16:4)
[WebServer] 
  ✓   7 [chromium] › e2e/landing.spec.ts:76:1 › saving to a new Account keeps the Share Link, and logging in finds the Group (3.4s)
  ✓  12 [chromium] › e2e/player.spec.ts:198:3 › the player surface › a first Fill Rest dismisses the first-visit hint (1.3s)
  ✓  11 [chromium] › e2e/gm-rail.spec.ts:132:1 › the GM adds, renames, and removes Players (2.2s)
  ✓  10 [chromium] › e2e/gm-calendar.spec.ts:118:1 › the GM schedules a Session, unschedules it, and undoes that (2.6s)
[WebServer] 7:59:39 AM [vite] (client) [console.error] [CONVEX M(player:answer)] [Request ID: f758897590b5aa88] Server Error
[WebServer] Uncaught ConvexError: {"code":"OUT_OF_WINDOW"}
[WebServer]     at fail (../../convex/model/errors.ts:26:0)
[WebServer]     at handler (../convex/player.ts:80:11)
[WebServer] 
  ✓  14 [chromium] › e2e/player.spec.ts:214:3 › the player surface › a tap the backend refuses rolls back and says why (923ms)
  ✓  16 [chromium] › e2e/gm-calendar.spec.ts:157:1 › month navigation lives in the URL and stops at the end of the Booking Window (1.4s)
  ✓  15 [chromium] › e2e/gm-rail.spec.ts:170:1 › Best Nights and Sessions open their day (2.4s)
  ✓  17 [chromium] › e2e/player.spec.ts:228:3 › the player surface › tapping a night back to not set clears its Answer (2.1s)
  ✓  18 [chromium] › e2e/gm-calendar.spec.ts:190:1 › another GM's Group or a malformed id falls back to the GM's own Group (1.4s)
  ✓  13 [chromium] › e2e/landing.spec.ts:96:1 › saving into an Account that has older Groups keeps showing the new Group (4.0s)
[WebServer] 7:59:43 AM [vite] (client) [console.error] [CONVEX M(player:fillRest)] [Request ID: 35fd44b28d468c16] Server Error
[WebServer] Uncaught ConvexError: {"code":"OUT_OF_WINDOW"}
[WebServer]     at fail (../../convex/model/errors.ts:26:0)
[WebServer]     at handler (../convex/player.ts:97:27)
[WebServer] 
  ✓  20 [chromium] › e2e/player.spec.ts:246:3 › the player surface › a Fill Rest the backend refuses rolls back and says why (1.0s)
  ✓  21 [chromium] › e2e/gm-calendar.spec.ts:202:1 › a signed-out visitor lands on the landing page (634ms)
  ✓  22 [chromium] › e2e/landing.spec.ts:116:1 › logging in to an Account without Groups names it and points to the first link (1.4s)
  ✓  23 [chromium] › e2e/player.spec.ts:264:3 › the player surface › a listed player answers with one tap and can switch with Not you? (1.6s)
  ✓  19 [chromium] › e2e/gm-rail.spec.ts:194:1 › the switcher opens, makes, renames and deletes Groups, and the landing returns to the last one (3.7s)
[WebServer] 7:59:45 AM [vite] (client) [console.error] [CONVEX M(player:join)] [Request ID: c703ee7f5c42bbaf] Server Error
[WebServer] Uncaught ConvexError: {"code":"NAME_TAKEN","playerId":"k57fhmbzpa0k0qpbt6474pfye18fn5s1"}
[WebServer]     at fail (../../convex/model/errors.ts:26:0)
[WebServer]     at ensureNameIsFree (../../convex/model/players.ts:24:0)
[WebServer]     at async handler (../convex/player.ts:66:4)
[WebServer] 
  ✓  25 [chromium] › e2e/player.spec.ts:280:3 › the player surface › a taken name points at the existing chip (1.0s)
  ✓  27 [chromium] › e2e/player.spec.ts:295:3 › the player surface › a player the GM removed lands on the join screen (748ms)
[WebServer] 7:59:46 AM [vite] (client) [console.error] [CONVEX A(auth:signIn)] [Request ID: e6cfcdc1a732a8e9] Server Error
[WebServer] Uncaught ConvexError: {"code":"INVALID_CREDENTIALS"}
[WebServer]     at fail (../../convex/model/errors.ts:26:0)
[WebServer]     at refuseSignIn (../../convex/auth.ts:86:0)
[WebServer]     at authorize [as authorize] (../../convex/auth.ts:67:4)
[WebServer]     at async handleCredentials (../../node_modules/@convex-dev/auth/src/server/implementation/signIn.ts:191:6)
[WebServer]     at async handler (../../node_modules/@convex-dev/auth/src/server/implementation/index.ts:416:26)
[WebServer] 
  ✓  24 [chromium] › e2e/landing.spec.ts:133:1 › a wrong password says so and keeps the sheet open (2.6s)
  ✓  29 [chromium] › e2e/landing.spec.ts:149:3 › on a dark OS › a cold load paints a dark canvas (443ms)
  ✓  30 [chromium] › e2e/landing.spec.ts:156:3 › on a dark OS › an open sheet dims the page behind it (499ms)
  -  31 [chromium] › e2e/landing.spec.ts:172:7 › screenshots › 390px light
  -  32 [chromium] › e2e/landing.spec.ts:172:7 › screenshots › 390px dark
  -  33 [chromium] › e2e/landing.spec.ts:172:7 › screenshots › 1440px light
  -  34 [chromium] › e2e/landing.spec.ts:172:7 › screenshots › 1440px dark
  ✓  28 [chromium] › e2e/player.spec.ts:309:3 › the player surface › a past month is read-only (1.3s)
  ✓  26 [chromium] › e2e/gm-rail.spec.ts:240:1 › an Anonymous GM is nudged to save once a Player joins, until Later (2.2s)
  ✓  35 [chromium] › e2e/player.spec.ts:327:3 › the player surface › an unknown link says it no longer works (435ms)
  -  37 [chromium] › e2e/player.spec.ts:364:3 › player surface screenshots › every player screen at 390 and 1440 px, light and dark
  -  38 [chromium] › e2e/player.spec.ts:411:3 › player surface screenshots › the past month at 390 and 1440 px, light and dark
  -  39 [chromium] › e2e/player.spec.ts:454:3 › player surface screenshots › the first-visit hint at 390 and 1440 px, light and dark
  -  40 [chromium] › e2e/player.spec.ts:463:3 › player surface screenshots › the done card at 390 and 1440 px, light and dark
  ✓  36 [chromium] › e2e/gm-rail.spec.ts:264:1 › on a phone the rail sits under the calendar behind a segmented control (1.1s)
  ✓  41 [chromium] › e2e/gm-rail.spec.ts:298:1 › an Anonymous GM saves into an Account from the header and stays on the Group (1.8s)
  ✓  42 [chromium] › e2e/gm-rail.spec.ts:330:1 › on a phone the toast clears the open day sheet (2.0s)
  ✓  43 [chromium] › e2e/gm-rail.spec.ts:346:1 › deleting the last Group of an Anonymous GM returns to the landing (1.4s)
  -  44 [chromium] › e2e/gm-rail.spec.ts:363:7 › screenshots › 390px light
  -  45 [chromium] › e2e/gm-rail.spec.ts:363:7 › screenshots › 390px dark
  -  46 [chromium] › e2e/gm-rail.spec.ts:363:7 › screenshots › 1440px light
  -  47 [chromium] › e2e/gm-rail.spec.ts:363:7 › screenshots › 1440px dark

  12 skipped
  35 passed (26.1s)
