$ playwright test "e2e/landing.spec.ts"
[WebServer] CONVEX_AGENT_MODE=anonymous mode is in beta, functionality may change in the future.
[WebServer] ✔ Configured a local deployment for http://127.0.0.1:3210 and saved its:
[WebServer]     name as CONVEX_DEPLOYMENT
[WebServer]     client URL as VITE_CONVEX_URL
[WebServer]     HTTP actions URL as VITE_CONVEX_SITE_URL
[WebServer]  to .env.local
[WebServer] 
[WebServer] Write your Convex functions in convex/
[WebServer] Give us feedback at https://convex.dev/community or support@convex.dev
[WebServer] View the Convex dashboard at http://127.0.0.1:6790/
[WebServer] 
[WebServer] ▌ Developing against deployment:
[WebServer] ▌  Local  Port 3210 • No Convex account (run npx convex login to link to a project)
[WebServer] ▌ └─ http://127.0.0.1:3210
[WebServer] - Preparing Convex functions...
[WebServer] 
[WebServer] Convex AI files are not installed. Run npx convex ai-files install to get started or npx convex ai-files disable to hide this message.
[WebServer] ✔ 07:59:04 Convex functions ready! (2.08s)
[WebServer] ✔ Successfully set 2 environment variables from stdin (2 updated, 1 unchanged) (on anonymous deployment anonymous-agent)
[WebServer] Warning: Route file "/home/coder/dev/ns-worktrees/ticket-45/src/routes/routes.test.tsx" does not export a Route. This file will not be included in the route tree.
[WebServer] 
[WebServer] If this file is not intended to be a route, you can exclude it using one of these options:
[WebServer]   1. Rename the file to "/home/coder/dev/ns-worktrees/ticket-45/src/routes/-routes.test.tsx" (prefix with "-")
[WebServer]   2. Use 'routeFileIgnorePattern' in your config to match this file
[WebServer] 
[WebServer] Current configuration:
[WebServer]   routeFileIgnorePrefix: "-"
[WebServer]   routeFileIgnorePattern: undefined
[WebServer] 
[WebServer]   VITE v8.3.2  ready in 405 ms
[WebServer] 
[WebServer]   ➜  Local:   http://localhost:5173/
[WebServer]   ➜  Network: use --host to expose

Running 11 tests using 1 worker

  ✓   1 [chromium] › e2e/landing.spec.ts:61:1 › one click puts the link in hand and lands the GM on their Group (1.2s)
  ✓   2 [chromium] › e2e/landing.spec.ts:76:1 › saving to a new Account keeps the Share Link, and logging in finds the Group (2.7s)
  ✓   3 [chromium] › e2e/landing.spec.ts:96:1 › saving into an Account that has older Groups keeps showing the new Group (3.2s)
  ✓   4 [chromium] › e2e/landing.spec.ts:116:1 › logging in to an Account without Groups names it and points to the first link (1.2s)
[WebServer] 7:59:17 AM [vite] (client) [console.error] [CONVEX A(auth:signIn)] [Request ID: b0f9622a67da7bb8] Server Error
[WebServer] Uncaught ConvexError: {"code":"INVALID_CREDENTIALS"}
[WebServer]     at fail (../../convex/model/errors.ts:26:0)
[WebServer]     at refuseSignIn (../../convex/auth.ts:86:0)
[WebServer]     at authorize [as authorize] (../../convex/auth.ts:67:4)
[WebServer]     at async handleCredentials (../../node_modules/@convex-dev/auth/src/server/implementation/signIn.ts:191:6)
[WebServer]     at async handler (../../node_modules/@convex-dev/auth/src/server/implementation/index.ts:416:26)
[WebServer] 
  ✓   5 [chromium] › e2e/landing.spec.ts:133:1 › a wrong password says so and keeps the sheet open (2.3s)
  ✓   6 [chromium] › e2e/landing.spec.ts:149:3 › on a dark OS › a cold load paints a dark canvas (384ms)
  ✓   7 [chromium] › e2e/landing.spec.ts:156:3 › on a dark OS › an open sheet dims the page behind it (437ms)
  -   8 [chromium] › e2e/landing.spec.ts:172:7 › screenshots › 390px light
  -   9 [chromium] › e2e/landing.spec.ts:172:7 › screenshots › 390px dark
  -  10 [chromium] › e2e/landing.spec.ts:172:7 › screenshots › 1440px light
  -  11 [chromium] › e2e/landing.spec.ts:172:7 › screenshots › 1440px dark

  4 skipped
  7 passed (16.9s)
