$ playwright test "e2e/landing.spec.ts" -g "without Groups"
[WebServer] CONVEX_AGENT_MODE=anonymous mode is in beta, functionality may change in the future.
[WebServer] ✔ Configured a local deployment for http://127.0.0.1:3210 and saved its:
[WebServer]     name as CONVEX_DEPLOYMENT
[WebServer]     client URL as VITE_CONVEX_URL
[WebServer]     HTTP actions URL as VITE_CONVEX_SITE_URL
[WebServer]  to .env.local
[WebServer] 
[WebServer] Write your Convex functions in convex/
[WebServer] Give us feedback at https://convex.dev/community or support@convex.dev
[WebServer] View the Convex dashboard at http://127.0.0.1:6790/
[WebServer] 
[WebServer] ▌ Developing against deployment:
[WebServer] ▌  Local  Port 3210 • No Convex account (run npx convex login to link to a project)
[WebServer] ▌ └─ http://127.0.0.1:3210
[WebServer] - Preparing Convex functions...
[WebServer] 
[WebServer] Convex AI files are not installed. Run npx convex ai-files install to get started or npx convex ai-files disable to hide this message.
[WebServer] ✔ 07:54:59 Convex functions ready! (2.11s)
[WebServer] ✔ Successfully set 2 environment variables from stdin (2 updated, 1 unchanged) (on anonymous deployment anonymous-agent)
[WebServer] Warning: Route file "/home/coder/dev/ns-worktrees/ticket-45/src/routes/routes.test.tsx" does not export a Route. This file will not be included in the route tree.
[WebServer] 
[WebServer] If this file is not intended to be a route, you can exclude it using one of these options:
[WebServer]   1. Rename the file to "/home/coder/dev/ns-worktrees/ticket-45/src/routes/-routes.test.tsx" (prefix with "-")
[WebServer]   2. Use 'routeFileIgnorePattern' in your config to match this file
[WebServer] 
[WebServer] Current configuration:
[WebServer]   routeFileIgnorePrefix: "-"
[WebServer]   routeFileIgnorePattern: undefined
[WebServer] 
[WebServer]   VITE v8.3.2  ready in 410 ms
[WebServer] 
[WebServer]   ➜  Local:   http://localhost:5173/
[WebServer]   ➜  Network: use --host to expose

Running 1 test using 1 worker

  ✘  1 [chromium] › e2e/landing.spec.ts:116:1 › logging in to an Account without Groups names it and points to the first link (6.2s)


  1) [chromium] › e2e/landing.spec.ts:116:1 › logging in to an Account without Groups names it and points to the first link 

    Error: expect(locator).toHaveText(expected) failed

    Locator: getByRole('status')
    Expected: "Logged in as gm-1791100502419-ocebru@example.test. No groups here yet, so create your first link."
    Timeout: 5000ms
    Error: element(s) not found

    Call log:
      - Expect "toHaveText" getByRole('status') with timeout 5000ms
      - waiting for getByRole('status')


      124 |   await sheet.getByRole("button", { name: "Log in" }).click();
      125 |
    > 126 |   await expect(page.getByRole("status")).toHaveText(
          |                                          ^
      127 |     `Logged in as ${email}. No groups here yet, so create your first link.`,
      128 |   );
      129 |   await expect(page.getByRole("status")).toBeFocused();
        at /home/coder/dev/ns-worktrees/ticket-45/e2e/landing.spec.ts:126:42

    Error Context: test-results/landing-logging-in-to-an-A-f0226-nd-points-to-the-first-link-chromium/error-context.md

    attachment #2: trace (application/zip) ─────────────────────────────────────────────────────────
    test-results/landing-logging-in-to-an-A-f0226-nd-points-to-the-first-link-chromium/trace.zip
    Usage:

        npx playwright show-trace test-results/landing-logging-in-to-an-A-f0226-nd-points-to-the-first-link-chromium/trace.zip

    ────────────────────────────────────────────────────────────────────────────────────────────────

  1 failed
    [chromium] › e2e/landing.spec.ts:116:1 › logging in to an Account without Groups names it and points to the first link 
error: script "e2e" exited with code 1
