
 RUN  v5.0.3 /home/coder/dev/ns-worktrees/ticket-45

 ❯ |ui| src/ui/Sheet.test.tsx (9 tests | 2 failed) 183ms
   ❯ Sheet (9)
     × closes from the Close button in its header 15ms
     × holds the Close button, still focusable, while it is not dismissible 8ms

⎯⎯⎯⎯⎯⎯⎯ Failed Tests 2 ⎯⎯⎯⎯⎯⎯⎯

 FAIL  |ui| src/ui/Sheet.test.tsx > Sheet > closes from the Close button in its header
TestingLibraryElementError: Unable to find an accessible element with the role "button" and name "Close"

Here are the accessible roles:

  dialog:

  Name "Keep My group":
  [36m<dialog[39m
    [33maria-labelledby[39m=[32m"_r_2_"[39m
    [33mclass[39m=[32m"animate-fade fixed inset-0 m-0 hidden h-dvh max-h-none w-full max-w-none items-end justify-center overflow-hidden overscroll-contain bg-transparent p-0 backdrop:bg-ink/40 open:flex sm:items-center"[39m
    [33mopen[39m=[32m""[39m
  [36m/>[39m

  --------------------------------------------------
  heading:

  Name "Keep My group":
  [36m<h2[39m
    [33mclass[39m=[32m"font-display text-2xl font-bold"[39m
    [33mid[39m=[32m"_r_2_"[39m
  [36m/>[39m

  --------------------------------------------------

Ignored nodes: comments, script, style
[36m<body>[39m
  [36m<div>[39m
    [36m<dialog[39m
      [33maria-labelledby[39m=[32m"_r_2_"[39m
      [33mclass[39m=[32m"animate-fade fixed inset-0 m-0 hidden h-dvh max-h-none w-full max-w-none items-end justify-center overflow-hidden overscroll-contain bg-transparent p-0 backdrop:bg-ink/40 open:flex sm:items-center"[39m
      [33mopen[39m=[32m""[39m
    [36m>[39m
      [36m<div[39m
        [33mclass[39m=[32m"animate-rise max-h-dvh w-full overflow-y-auto overscroll-contain rounded-t-xl border border-line bg-surface p-6 text-ink shadow-card sm:max-w-md sm:rounded-xl"[39m
      [36m>[39m
        [36m<h2[39m
          [33mclass[39m=[32m"font-display text-2xl font-bold"[39m
          [33mid[39m=[32m"_r_2_"[39m
        [36m>[39m
          [0mKeep My group[0m
        [36m</h2>[39m
        [36m<div[39m
          [33mclass[39m=[32m"mt-4"[39m
        [36m>[39m
          [0mbody[0m
        [36m</div>[39m
      [36m</div>[39m
    [36m</dialog>[39m
  [36m</div>[39m
[36m</body>[39m
 ❯ Object.getElementError node_modules/@testing-library/dom/dist/config.js:37:19
 ❯ node_modules/@testing-library/dom/dist/query-helpers.js:76:38
 ❯ node_modules/@testing-library/dom/dist/query-helpers.js:52:17
 ❯ node_modules/@testing-library/dom/dist/query-helpers.js:95:19
 ❯ src/ui/Sheet.test.tsx:57:34
     55|     );
     56|
     57|     await userEvent.click(screen.getByRole("button", { name: "Close" }…
       |                                  ^
     58|
     59|     expect(onClose).toHaveBeenCalledOnce();

⎯⎯⎯⎯⎯⎯⎯⎯⎯⎯⎯⎯⎯⎯⎯⎯⎯⎯⎯⎯⎯⎯⎯⎯[1/2]⎯

 FAIL  |ui| src/ui/Sheet.test.tsx > Sheet > holds the Close button, still focusable, while it is not dismissible
TestingLibraryElementError: Unable to find an accessible element with the role "button" and name "Close"

Here are the accessible roles:

  dialog:

  Name "Keep My group":
  [36m<dialog[39m
    [33maria-labelledby[39m=[32m"_r_3_"[39m
    [33mclass[39m=[32m"animate-fade fixed inset-0 m-0 hidden h-dvh max-h-none w-full max-w-none items-end justify-center overflow-hidden overscroll-contain bg-transparent p-0 backdrop:bg-ink/40 open:flex sm:items-center"[39m
    [33mopen[39m=[32m""[39m
  [36m/>[39m

  --------------------------------------------------
  heading:

  Name "Keep My group":
  [36m<h2[39m
    [33mclass[39m=[32m"font-display text-2xl font-bold"[39m
    [33mid[39m=[32m"_r_3_"[39m
  [36m/>[39m

  --------------------------------------------------

Ignored nodes: comments, script, style
[36m<body>[39m
  [36m<div>[39m
    [36m<dialog[39m
      [33maria-labelledby[39m=[32m"_r_3_"[39m
      [33mclass[39m=[32m"animate-fade fixed inset-0 m-0 hidden h-dvh max-h-none w-full max-w-none items-end justify-center overflow-hidden overscroll-contain bg-transparent p-0 backdrop:bg-ink/40 open:flex sm:items-center"[39m
      [33mopen[39m=[32m""[39m
    [36m>[39m
      [36m<div[39m
        [33mclass[39m=[32m"animate-rise max-h-dvh w-full overflow-y-auto overscroll-contain rounded-t-xl border border-line bg-surface p-6 text-ink shadow-card sm:max-w-md sm:rounded-xl"[39m
      [36m>[39m
        [36m<h2[39m
          [33mclass[39m=[32m"font-display text-2xl font-bold"[39m
          [33mid[39m=[32m"_r_3_"[39m
        [36m>[39m
          [0mKeep My group[0m
        [36m</h2>[39m
        [36m<div[39m
          [33mclass[39m=[32m"mt-4"[39m
        [36m>[39m
          [0mbody[0m
        [36m</div>[39m
      [36m</div>[39m
    [36m</dialog>[39m
  [36m</div>[39m
[36m</body>[39m
 ❯ Object.getElementError node_modules/@testing-library/dom/dist/config.js:37:19
 ❯ node_modules/@testing-library/dom/dist/query-helpers.js:76:38
 ❯ node_modules/@testing-library/dom/dist/query-helpers.js:52:17
 ❯ node_modules/@testing-library/dom/dist/query-helpers.js:95:19
 ❯ src/ui/Sheet.test.tsx:69:32
     67|       </Sheet>,
     68|     );
     69|     const closeButton = screen.getByRole("button", { name: "Close" });
       |                                ^
     70|
     71|     await userEvent.click(closeButton);

⎯⎯⎯⎯⎯⎯⎯⎯⎯⎯⎯⎯⎯⎯⎯⎯⎯⎯⎯⎯⎯⎯⎯⎯[2/2]⎯


 Test Files  1 failed (1)
      Tests  2 failed | 7 passed (9)
   Start at  07:51:37
   Duration  832ms (environment 59%, tests 25%, setup 8%, transform 4%, import 4%)

