
 RUN  v5.0.3 /home/coder/dev/ns-worktrees/ticket-45

Not implemented: Window's scrollTo() method
Not implemented: Window's scrollTo() method
Not implemented: Window's scrollTo() method
Not implemented: Window's scrollTo() method
Not implemented: Window's scrollTo() method
Not implemented: Window's scrollTo() method
Not implemented: Window's scrollTo() method
Not implemented: Window's scrollTo() method
Not implemented: Window's scrollTo() method
Not implemented: Window's scrollTo() method
Not implemented: Window's scrollTo() method
Not implemented: Window's scrollTo() method
Not implemented: Window's scrollTo() method
Not implemented: Window's scrollTo() method
Not implemented: Window's scrollTo() method
Not implemented: Window's scrollTo() method
 ❯ |ui| src/features/account/AccountSheet.test.tsx (16 tests | 2 failed) 2726ms
   ❯ AccountSheet finishing a Save after the sign-in went through (2)
     × asks only to finish, as the signed-in Account, once the move failed 111ms
     × says when the Save expired before the Group moved 1003ms

⎯⎯⎯⎯⎯⎯⎯ Failed Tests 2 ⎯⎯⎯⎯⎯⎯⎯

 FAIL  |ui| src/features/account/AccountSheet.test.tsx > AccountSheet finishing a Save after the sign-in went through > asks only to finish, as the signed-in Account, once the move failed
AssertionError: expected <input id="_r_u_" required …(5)></input> to be null

- Expected:
null

+ Received:
<input
  autocomplete="email"
  class="h-12 w-full rounded-sm border border-line bg-paper px-3 text-base text-ink placeholder:text-ink-3 focus:border-accent focus:outline-none focus:ring-2 focus:ring-accent/30"
  id="_r_u_"
  placeholder="you@example.com"
  required=""
  type="email"
  value="gm@example.test"
/>

 ❯ src/features/account/AccountSheet.test.tsx:196:46
    194|
    195|     expect(await alertText()).toBe("That didn't work. Try again.");
    196|     expect(screen.queryByLabelText("Email")).toBeNull();
       |                                              ^
    197|     expect(screen.queryByLabelText("Password")).toBeNull();
    198|     expect(screen.getByText(email).closest("p")?.textContent).toBe(

⎯⎯⎯⎯⎯⎯⎯⎯⎯⎯⎯⎯⎯⎯⎯⎯⎯⎯⎯⎯⎯⎯⎯⎯[1/2]⎯

 FAIL  |ui| src/features/account/AccountSheet.test.tsx > AccountSheet finishing a Save after the sign-in went through > says when the Save expired before the Group moved
TestingLibraryElementError: Unable to find role="button" and name "Finish saving"

Ignored nodes: comments, script, style
[36m<body>[39m
  [36m<div>[39m
    [36m<dialog[39m
      [33maria-labelledby[39m=[32m"_r_10_"[39m
      [33mclass[39m=[32m"animate-fade fixed inset-0 m-0 hidden h-dvh max-h-none w-full max-w-none items-end justify-center overflow-hidden overscroll-contain bg-transparent p-0 backdrop:bg-black/40 dark:backdrop:bg-black/70 open:flex sm:items-center"[39m
      [33mopen[39m=[32m""[39m
    [36m>[39m
      [36m<div[39m
        [33mclass[39m=[32m"animate-rise max-h-dvh w-full overflow-y-auto overscroll-contain rounded-t-xl border border-line bg-surface p-6 text-ink shadow-card sm:max-w-md sm:rounded-xl"[39m
      [36m>[39m
        [36m<div[39m
          [33mclass[39m=[32m"flex items-start justify-between gap-3"[39m
        [36m>[39m
          [36m<h2[39m
            [33mclass[39m=[32m"font-display text-2xl font-bold"[39m
            [33mid[39m=[32m"_r_10_"[39m
          [36m>[39m
            [0mKeep My group[0m
          [36m</h2>[39m
          [36m<button[39m
            [33maria-label[39m=[32m"Close"[39m
            [33mclass[39m=[32m"-mt-2 -mr-3 inline-flex size-11 shrink-0 items-center justify-center rounded-full text-ink-2 transition-colors duration-150 hover:bg-surface-2 hover:text-ink focus-visible:ring-2 focus-visible:ring-accent focus-visible:outline-none aria-disabled:cursor-default aria-disabled:opacity-40 aria-disabled:hover:bg-transparent aria-disabled:hover:text-ink-2"[39m
            [33mtype[39m=[32m"button"[39m
          [36m>[39m
            [36m<svg[39m
              [33maria-hidden[39m=[32m"true"[39m
              [33mclass[39m=[32m"size-4 size-5"[39m
              [33mfill[39m=[32m"none"[39m
              [33mstroke[39m=[32m"currentColor"[39m
              [33mstroke-linecap[39m=[32m"round"[39m
              [33mstroke-width[39m=[32m"2"[39m
              [33mviewBox[39m=[32m"0 0 20 20"[39m
            [36m>[39m
              [36m<path[39m
                [33md[39m=[32m"M5 5l10 10M15 5L5 15"[39m
              [36m/>[39m
            [36m</svg>[39m
          [36m</button>[39m
        [36m</div>[39m
        [36m<div[39m
          [33mclass[39m=[32m"mt-4"[39m
        [36m>[39m
          [36m<form[39m
            [33mclass[39m=[32m"flex flex-col gap-4"[39m
          [36m>[39m
            [36m<p[39m
              [33mclass[39m=[32m"text-ink-2"[39m
            [36m>[39m
              [0mOpen it on any device. The player link stays exactly the same, your players notice nothing.[0m
            [36m</p>[39m
            [36m<div[39m
              [33mclass[39m=[32m"flex flex-col gap-4"[39m
            [36m>[39m
              [36m<fieldset[39m
                [33mclass[39m=[32m"grid grid-cols-2 gap-1 rounded-md bg-surface-2 p-1 disabled:pointer-events-none disabled:opacity-50"[39m
              [36m>[39m
                [36m<legend[39m
                  [33mclass[39m=[32m"sr-only"[39m
                [36m>[39m
                  [0mAccount[0m
                [36m</legend>[39m
                [36m<label[39m
                  [33mclass[39m=[32m"flex h-9 cursor-pointer items-center justify-center rounded-sm text-sm font-semibold transition-colors duration-150 has-focus-visible:ring-2 has-focus-visible:ring-accent bg-surface text-ink shadow-card"[39m
                [36m>[39m
                  [36m<input[39m
                    [33mchecked[39m=[32m""[39m
                    [33mclass[39m=[32m"sr-only"[39m
                    [33mname[39m=[32m"_r_11_"[39m
                    [33mtype[39m=[32m"radio"[39m
                    [33mvalue[39m=[32m"create"[39m
                  [36m/>[39m
                  [0mCreate account[0m
                [36m</label>[39m
                [36m<label[39m
                  [33mclass[39m=[32m"flex h-9 cursor-pointer items-center justify-center rounded-sm text-sm font-semibold transition-colors duration-150 has-focus-visible:ring-2 has-focus-visible:ring-accent text-ink-2 hover:text-ink"[39m
                [36m>[39m
                  [36m<input[39m
                    [33mclass[39m=[32m"sr-only"[39m
                    [33mname[39m=[32m"_r_11_"[39m
                    [33mtype[39m=[32m"radio"[39m
                    [33mvalue[39m=[32m"logIn"[39m
                  [36m/>[39m
                  [0mI already have one[0m
                [36m</label>[39m
              [36m</fieldset>[39m
              [36m<div[39m
                [33mclass[39m=[32m"flex flex-col gap-1.5"[39m
              [36m>[39m
                [36m<label[39m
                  [33mclass[39m=[32m"text-sm font-semibold text-ink"[39m
                  [33mfor[39m=[32m"_r_12_"[39m
                [36m>[39m
                  [0mEmail[0m
                [36m</label>[39m
                [36m<input[39m
                  [33mautocomplete[39m=[32m"email"[39m
                  [33mclass[39m=[32m"h-12 w-full rounded-sm border border-line bg-paper px-3 text-base text-ink placeholder:text-ink-3 focus:border-accent focus:outline-none focus:ring-2 focus:ring-accent/30"[39m
                  [33mid[39m=[32m"_r_12_"[39m
                  [33mplaceholder[39m=[32m"you@example.com"[39m
                  [33mrequired[39m=[32m""[39m
                  [33mtype[39m=[32m"email"[39m
                  [33mvalue[39m=[32m""[39m
                [36m/>[39m
              [36m</div>[39m
              [36m<div[39m
                [33mclass[39m=[32m"flex flex-col gap-1.5"[39m
              [36m>[39m
                [36m<label[39m
                  [33mclass[39m=[32m"text-sm font-semibold text-ink"[39m
                  [33mfor[39m=[32m"_r_13_"[39m
                [36m>[39m
                  [0mPassword[0m
                [36m</label>[39m
                [36m<input[39m
                  [33maria-describedby[39m=[32m"_r_13_-hint"[39m
                  [33mautocomplete[39m=[32m"new-password"[39m
                  [33mclass[39m=[32m"h-12 w-full rounded-sm border border-line bg-paper px-3 text-base text-ink placeholder:text-ink-3 focus:border-accent focus:outline-none focus:ring-2 focus:ring-accent/30"[39m
                  [33mid[39m=[32m"_r_13_"[39m
                  [33mrequired[39m=[32m""[39m
                  [33mtype[39m=[32m"password"[39m
                  [33mvalue[39m=[32m""[39m
                [36m/>[39m
                [36m<p[39m
                  [33mclass[39m=[32m"text-xs text-ink-3"[39m
                  [33mid[39m=[32m"_r_13_-hint"[39m
                [36m>[39m
                  [0mAt least 8 characters.[0m
                [36m</p>[39m
              [36m</div>[39m
            [36m</div>[39m
            [36m<button[39m
              [33mclass[39m=[32m"inline-flex shrink-0 items-center justify-center font-semibold transition-[background-color,color,transform,border-color,filter] duration-150 ease-(--ease-snap) active:scale-[0.98] disabled:pointer-events-none disabled:opacity-50 bg-accent text-accent-ink hover:bg-accent-strong shadow-card h-14 px-6 text-base gap-2.5 rounded-lg w-full"[39m
              [33mtype[39m=[32m"submit"[39m
            [36m>[39m
              [0mSave group[0m
            [36m</button>[39m
            [36m<p[39m
              [33mclass[39m=[32m"text-xs text-ink-3"[39m
            [36m>[39m
              [0mBy creating an account you agree to the[0m
              [0m [0m
              [36m<a[39m
                [33mclass[39m=[32m"underline underline-offset-2 hover:text-ink"[39m
                [33mhref[39m=[32m"/terms"[39m
              [36m>[39m
                [0mTerms[0m
              [36m</a>[39m
              [0m [0m
              [0mand[0m
              [0m [0m
              [36m<a[39m
                [33mclass[39m=[32m"underline underline-offset-2 hover:text-ink"[39m
                [33mhref[39m=[32m"/privacy"[39m
              [36m>[39m
                [0mPrivacy Policy[0m
              [36m</a>[39m
              [0m.[0m
            [36m</p>[39m
          [36m</form>[39m
        [36m</div>[39m
      [36m</div>[39m
    [36m</dialog>[39m
  [36m</div>[39m
[36m</body>[39m

Ignored nodes: comments, script, style
[36m<body>[39m
  [36m<div>[39m
    [36m<dialog[39m
      [33maria-labelledby[39m=[32m"_r_10_"[39m
      [33mclass[39m=[32m"animate-fade fixed inset-0 m-0 hidden h-dvh max-h-none w-full max-w-none items-end justify-center overflow-hidden overscroll-contain bg-transparent p-0 backdrop:bg-black/40 dark:backdrop:bg-black/70 open:flex sm:items-center"[39m
      [33mopen[39m=[32m""[39m
    [36m>[39m
      [36m<div[39m
        [33mclass[39m=[32m"animate-rise max-h-dvh w-full overflow-y-auto overscroll-contain rounded-t-xl border border-line bg-surface p-6 text-ink shadow-card sm:max-w-md sm:rounded-xl"[39m
      [36m>[39m
        [36m<div[39m
          [33mclass[39m=[32m"flex items-start justify-between gap-3"[39m
        [36m>[39m
          [36m<h2[39m
            [33mclass[39m=[32m"font-display text-2xl font-bold"[39m
            [33mid[39m=[32m"_r_10_"[39m
          [36m>[39m
            [0mKeep My group[0m
          [36m</h2>[39m
          [36m<button[39m
            [33maria-label[39m=[32m"Close"[39m
            [33mclass[39m=[32m"-mt-2 -mr-3 inline-flex size-11 shrink-0 items-center justify-center rounded-full text-ink-2 transition-colors duration-150 hover:bg-surface-2 hover:text-ink focus-visible:ring-2 focus-visible:ring-accent focus-visible:outline-none aria-disabled:cursor-default aria-disabled:opacity-40 aria-disabled:hover:bg-transparent aria-disabled:hover:text-ink-2"[39m
            [33mtype[39m=[32m"button"[39m
          [36m>[39m
            [36m<svg[39m
              [33maria-hidden[39m=[32m"true"[39m
              [33mclass[39m=[32m"size-4 size-5"[39m
              [33mfill[39m=[32m"none"[39m
              [33mstroke[39m=[32m"currentColor"[39m
              [33mstroke-linecap[39m=[32m"round"[39m
              [33mstroke-width[39m=[32m"2"[39m
              [33mviewBox[39m=[32m"0 0 20 20"[39m
            [36m>[39m
              [36m<path[39m
                [33md[39m=[32m"M5 5l10 10M15 5L5 15"[39m
              [36m/>[39m
            [36m</svg>[39m
          [36m</button>[39m
        [36m</div>[39m
        [36m<div[39m
          [33mclass[39m=[32m"mt-4"[39m
        [36m>[39m
          [36m<form[39m
            [33mclass[39m=[32m"flex flex-col gap-4"[39m
          [36m>[39m
            [36m<p[39m
              [33mclass[39m=[32m"text-ink-2"[39m
            [36m>[39m
              [0mOpen it on any device. The player link stays exactly the same, your players notice nothing.[0m
            [36m</p>[39m
            [36m<div[39m
              [33mclass[39m=[32m"flex flex-col gap-4"[39m
            [36m>[39m
              [36m<fieldset[39m
                [33mclass[39m=[32m"grid grid-cols-2 gap-1 rounded-md bg-surface-2 p-1 disabled:pointer-events-none disabled:opacity-50"[39m
              [36m>[39m
                [36m<legend[39m
                  [33mclass[39m=[32m"sr-only"[39m
                [36m>[39m
                  [0mAccount[0m
                [36m</legend>[39m
                [36m<label[39m
                  [33mclass[39m=[32m"flex h-9 cursor-pointer items-center justify-center rounded-sm text-sm font-semibold transition-colors duration-150 has-focus-visible:ring-2 has-focus-visible:ring-accent bg-surface text-ink shadow-card"[39m
                [36m>[39m
                  [36m<input[39m
                    [33mchecked[39m=[32m""[39m
                    [33mclass[39m=[32m"sr-only"[39m
                    [33mname[39m=[32m"_r_11_"[39m
                    [33mtype[39m=[32m"radio"[39m
                    [33mvalue[39m=[32m"create"[39m
                  [36m/>[39m
                  [0mCreate account[0m
                [36m</label>[39m
                [36m<label[39m
                  [33mclass[39m=[32m"flex h-9 cursor-pointer items-center justify-center rounded-sm text-sm font-semibold transition-colors duration-150 has-focus-visible:ring-2 has-focus-visible:ring-accent text-ink-2 hover:text-ink"[39m
                [36m>[39m
                  [36m<input[39m
                    [33mclass[39m=[32m"sr-only"[39m
                    [33mname[39m=[32m"_r_11_"[39m
                    [33mtype[39m=[32m"radio"[39m
                    [33mvalue[39m=[32m"logIn"[39m
                  [36m/>[39m
                  [0mI already have one[0m
                [36m</label>[39m
              [36m</fieldset>[39m
              [36m<div[39m
                [33mclass[39m=[32m"flex flex-col gap-1.5"[39m
              [36m>[39m
                [36m<label[39m
                  [33mclass[39m=[32m"text-sm font-semibold text-ink"[39m
                  [33mfor[39m=[32m"_r_12_"[39m
                [36m>[39m
                  [0mEmail[0m
                [36m</label>[39m
                [36m<input[39m
                  [33mautocomplete[39m=[32m"email"[39m
                  [33mclass[39m=[32m"h-12 w-full rounded-sm border border-line bg-paper px-3 text-base text-ink placeholder:text-ink-3 focus:border-accent focus:outline-none focus:ring-2 focus:ring-accent/30"[39m
                  [33mid[39m=[32m"_r_12_"[39m
                  [33mplaceholder[39m=[32m"you@example.com"[39m
                  [33mrequired[39m=[32m""[39m
                  [33mtype[39m=[32m"email"[39m
                  [33mvalue[39m=[32m""[39m
                [36m/>[39m
              [36m</div>[39m
              [36m<div[39m
                [33mclass[39m=[32m"flex flex-col gap-1.5"[39m
              [36m>[39m
                [36m<label[39m
                  [33mclass[39m=[32m"text-sm font-semibold text-ink"[39m
                  [33mfor[39m=[32m"_r_13_"[39m
                [36m>[39m
                  [0mPassword[0m
                [36m</label>[39m
                [36m<input[39m
                  [33maria-describedby[39m=[32m"_r_13_-hint"[39m
                  [33mautocomplete[39m=[32m"new-password"[39m
                  [33mclass[39m=[32m"h-12 w-full rounded-sm border border-line bg-paper px-3 text-base text-ink placeholder:text-ink-3 focus:border-accent focus:outline-none focus:ring-2 focus:ring-accent/30"[39m
                  [33mid[39m=[32m"_r_13_"[39m
                  [33mrequired[39m=[32m""[39m
                  [33mtype[39m=[32m"password"[39m
                  [33mvalue[39m=[32m""[39m
                [36m/>[39m
                [36m<p[39m
                  [33mclass[39m=[32m"text-xs text-ink-3"[39m
                  [33mid[39m=[32m"_r_13_-hint"[39m
                [36m>[39m
                  [0mAt least 8 characters.[0m
                [36m</p>[39m
              [36m</div>[39m
            [36m</div>[39m
            [36m<button[39m
              [33mclass[39m=[32m"inline-flex shrink-0 items-center justify-center font-semibold transition-[background-color,color,transform,border-color,filter] duration-150 ease-(--ease-snap) active:scale-[0.98] disabled:pointer-events-none disabled:opacity-50 bg-accent text-accent-ink hover:bg-accent-strong shadow-card h-14 px-6 text-base gap-2.5 rounded-lg w-full"[39m
              [33mtype[39m=[32m"submit"[39m
            [36m>[39m
              [0mSave group[0m
            [36m</button>[39m
            [36m<p[39m
              [33mclass[39m=[32m"text-xs text-ink-3"[39m
            [36m>[39m
              [0mBy creating an account you agree to the[0m
              [0m [0m
              [36m<a[39m
                [33mclass[39m=[32m"underline underline-offset-2 hover:text-ink"[39m
                [33mhref[39m=[32m"/terms"[39m
              [36m>[39m
                [0mTerms[0m
              [36m</a>[39m
              [0m [0m
              [0mand[0m
              [0m [0m
              [36m<a[39m
                [33mclass[39m=[32m"underline underline-offset-2 hover:text-ink"[39m
                [33mhref[39m=[32m"/privacy"[39m
              [36m>[39m
                [0mPrivacy Policy[0m
              [36m</a>[39m
              [0m.[0m
            [36m</p>[39m
          [36m</form>[39m
        [36m</div>[39m
      [36m</div>[39m
    [36m</dialog>[39m
  [36m</div>[39m
[36m</body>[39m
 ❯ waitForWrapper node_modules/@testing-library/dom/dist/wait-for.js:163:27
 ❯ node_modules/@testing-library/dom/dist/query-helpers.js:86:33
 ❯ src/features/account/AccountSheet.test.tsx:217:40
    215|     });
    216|
    217|     await userEvent.click(await screen.findByRole("button", { name: "F…
       |                                        ^
    218|
    219|     expect(await alertText()).toBe(

⎯⎯⎯⎯⎯⎯⎯⎯⎯⎯⎯⎯⎯⎯⎯⎯⎯⎯⎯⎯⎯⎯⎯⎯[2/2]⎯


 Test Files  1 failed (1)
      Tests  2 failed | 14 passed (16)
   Start at  08:15:29
   Duration  3.44s (tests 81%, environment 13%, import 2%, setup 2%, transform 2%)

