[WebServer] CONVEX_AGENT_MODE=anonymous mode is in beta, functionality may change in the future.
[WebServer] ✔ Configured a local deployment for http://127.0.0.1:3210 and saved its:
[WebServer]     name as CONVEX_DEPLOYMENT
[WebServer]     client URL as VITE_CONVEX_URL
[WebServer]     HTTP actions URL as VITE_CONVEX_SITE_URL
[WebServer]  to .env.local
[WebServer] 
[WebServer] Write your Convex functions in convex/
[WebServer] Give us feedback at https://convex.dev/community or support@convex.dev
[WebServer] View the Convex dashboard at http://127.0.0.1:6790/
[WebServer] 
[WebServer] ▌ Developing against deployment:
[WebServer] ▌  Local  Port 3210 • No Convex account (run npx convex login to link to a project)
[WebServer] ▌ └─ http://127.0.0.1:3210
[WebServer] - Preparing Convex functions...
[WebServer] 
[WebServer] Convex AI files are not installed. Run npx convex ai-files install to get started or npx convex ai-files disable to hide this message.
[WebServer] ✔ 08:31:03 Convex functions ready! (2.08s)
[WebServer] ✔ Successfully set 2 environment variables from stdin (2 updated, 1 unchanged) (on anonymous deployment anonymous-agent)
[WebServer] Warning: Route file "/home/coder/dev/ns-worktrees/ticket-45/src/routes/routes.test.tsx" does not export a Route. This file will not be included in the route tree.
[WebServer] 
[WebServer] If this file is not intended to be a route, you can exclude it using one of these options:
[WebServer]   1. Rename the file to "/home/coder/dev/ns-worktrees/ticket-45/src/routes/-routes.test.tsx" (prefix with "-")
[WebServer]   2. Use 'routeFileIgnorePattern' in your config to match this file
[WebServer] 
[WebServer] Current configuration:
[WebServer]   routeFileIgnorePrefix: "-"
[WebServer]   routeFileIgnorePattern: undefined
[WebServer] 
[WebServer]   VITE v8.3.2  ready in 415 ms
[WebServer] 
[WebServer]   ➜  Local:   http://localhost:5173/
[WebServer]   ➜  Network: use --host to expose

Running 15 tests using 1 worker

  ✓   1 [chromium] › e2e/landing.spec.ts:141:1 › one click puts the link in hand and lands the GM on their Group (1.4s)
  ✓   2 [chromium] › e2e/landing.spec.ts:156:1 › saving to a new Account keeps the Share Link, and logging in finds the Group (2.7s)
  ✓   3 [chromium] › e2e/landing.spec.ts:172:1 › saving into an Account that has older Groups keeps showing the new Group (3.3s)
[WebServer] 8:31:15 AM [vite] (client) [console.error] [CONVEX M(account:finishSave)] Server Error
  ✘   4 [chromium] › e2e/landing.spec.ts:193:3 › a Save whose move fails after the sign-in › goes through on retry from the landing (6.8s)
[WebServer] 8:31:22 AM [vite] (client) [console.error] [CONVEX M(account:finishSave)] Server Error
  ✓   5 [chromium] › e2e/landing.spec.ts:211:3 › a Save whose move fails after the sign-in › goes through on retry from the Group header (2.1s)
  ✓   6 [chromium] › e2e/landing.spec.ts:229:1 › pressing Escape again and again mid-Save keeps the sheet up until it is done (1.9s)
  ✓   7 [chromium] › e2e/landing.spec.ts:251:1 › logging in to an Account without Groups names it and points to the first link (1.2s)
[WebServer] 8:31:28 AM [vite] (client) [console.error] [CONVEX A(auth:signIn)] [Request ID: 3fd1d2a2405323b3] Server Error
[WebServer] Uncaught ConvexError: {"code":"INVALID_CREDENTIALS"}
[WebServer]     at fail (../../convex/model/errors.ts:26:0)
[WebServer]     at refuseSignIn (../../convex/auth.ts:86:0)
[WebServer]     at authorize [as authorize] (../../convex/auth.ts:67:4)
[WebServer]     at async handleCredentials (../../node_modules/@convex-dev/auth/src/server/implementation/signIn.ts:191:6)
[WebServer]     at async handler (../../node_modules/@convex-dev/auth/src/server/implementation/index.ts:416:26)
[WebServer] 
  ✓   8 [chromium] › e2e/landing.spec.ts:272:1 › a wrong password says so and keeps the sheet open (2.4s)
  ✓   9 [chromium] › e2e/landing.spec.ts:288:3 › on a dark OS › a cold load paints a dark canvas (389ms)
  ✓  10 [chromium] › e2e/landing.spec.ts:295:3 › on a dark OS › an open sheet dims the page behind it (450ms)
  ✓  11 [chromium] › e2e/landing.spec.ts:300:1 › an open sheet dims the page behind it in light mode (444ms)
  -  12 [chromium] › e2e/landing.spec.ts:311:7 › screenshots › 390px light
  -  13 [chromium] › e2e/landing.spec.ts:311:7 › screenshots › 390px dark
  -  14 [chromium] › e2e/landing.spec.ts:311:7 › screenshots › 1440px light
  -  15 [chromium] › e2e/landing.spec.ts:311:7 › screenshots › 1440px dark


  1) [chromium] › e2e/landing.spec.ts:193:3 › a Save whose move fails after the sign-in › goes through on retry from the landing 

    Error: expect(locator).toBeFocused() failed

    Locator: getByRole('status').filter({ hasText: 'Saved to gm-1791102673519-n9copa@example.test.' })
    Expected: focused
    Timeout: 5000ms
    Error: element(s) not found

    Call log:
      - Expect "toBeFocused" getByRole('status').filter({ hasText: 'Saved to gm-1791102673519-n9copa@example.test.' }) with timeout 5000ms
      - waiting for getByRole('status').filter({ hasText: 'Saved to gm-1791102673519-n9copa@example.test.' })


      202 |     await sheet.getByRole("button", { name: "Finish saving" }).click();
      203 |
    > 204 |     await expect(page.getByRole("status").filter({ hasText: `Saved to ${email}.` })).toBeFocused();
          |                                                                                      ^
      205 |     await expect(page.locator("code")).toHaveText(shareLink);
      206 |     const otherDevice = await logInFromElsewhere(browser, email);
      207 |     await expect(otherDevice.page).toHaveURL(groupPath);
        at /home/coder/dev/ns-worktrees/ticket-45/e2e/landing.spec.ts:204:86

    Error Context: test-results/landing-a-Save-whose-move--bcb22-h-on-retry-from-the-landing-chromium/error-context.md

    attachment #2: trace (application/zip) ─────────────────────────────────────────────────────────
    test-results/landing-a-Save-whose-move--bcb22-h-on-retry-from-the-landing-chromium/trace.zip
    Usage:

        npx playwright show-trace test-results/landing-a-Save-whose-move--bcb22-h-on-retry-from-the-landing-chromium/trace.zip

    ────────────────────────────────────────────────────────────────────────────────────────────────

  1 failed
    [chromium] › e2e/landing.spec.ts:193:3 › a Save whose move fails after the sign-in › goes through on retry from the landing 
  4 skipped
  10 passed (29.1s)
