[WebServer] CONVEX_AGENT_MODE=anonymous mode is in beta, functionality may change in the future.
[WebServer] ✔ Configured a local deployment for http://127.0.0.1:3210 and saved its:
[WebServer]     name as CONVEX_DEPLOYMENT
[WebServer]     client URL as VITE_CONVEX_URL
[WebServer]     HTTP actions URL as VITE_CONVEX_SITE_URL
[WebServer]  to .env.local
[WebServer] 
[WebServer] Write your Convex functions in convex/
[WebServer] Give us feedback at https://convex.dev/community or support@convex.dev
[WebServer] View the Convex dashboard at http://127.0.0.1:6790/
[WebServer] 
[WebServer] ▌ Developing against deployment:
[WebServer] ▌  Local  Port 3210 • No Convex account (run npx convex login to link to a project)
[WebServer] ▌ └─ http://127.0.0.1:3210
[WebServer] - Preparing Convex functions...
[WebServer] 
[WebServer] Convex AI files are not installed. Run npx convex ai-files install to get started or npx convex ai-files disable to hide this message.
[WebServer] ✔ 08:03:29 Convex functions ready! (2.03s)
[WebServer] ✔ Successfully set 2 environment variables from stdin (2 updated, 1 unchanged) (on anonymous deployment anonymous-agent)
[WebServer] Warning: Route file "/home/coder/dev/ns-worktrees/ticket-45/src/routes/routes.test.tsx" does not export a Route. This file will not be included in the route tree.
[WebServer] 
[WebServer] If this file is not intended to be a route, you can exclude it using one of these options:
[WebServer]   1. Rename the file to "/home/coder/dev/ns-worktrees/ticket-45/src/routes/-routes.test.tsx" (prefix with "-")
[WebServer]   2. Use 'routeFileIgnorePattern' in your config to match this file
[WebServer] 
[WebServer] Current configuration:
[WebServer]   routeFileIgnorePrefix: "-"
[WebServer]   routeFileIgnorePattern: undefined
[WebServer] 
[WebServer]   VITE v8.3.2  ready in 418 ms
[WebServer] 
[WebServer]   ➜  Local:   http://localhost:5173/
[WebServer]   ➜  Network: use --host to expose

Running 2 tests using 1 worker

[WebServer] 8:03:32 AM [vite] (client) [console.error] [CONVEX M(account:finishSave)] Server Error
  ✘  1 [chromium] › e2e/landing.spec.ts:149:3 › a Save whose move fails after the sign-in › goes through on retry from the landing (7.0s)
[WebServer] 8:03:40 AM [vite] (client) [console.error] [CONVEX M(account:finishSave)] Server Error
  ✘  2 [chromium] › e2e/landing.spec.ts:163:3 › a Save whose move fails after the sign-in › goes through on retry from the Group header (6.9s)


  1) [chromium] › e2e/landing.spec.ts:149:3 › a Save whose move fails after the sign-in › goes through on retry from the landing 

    Error: expect(locator).toBeFocused() failed

    Locator:  getByRole('status').filter({ hasText: 'Saved to gm-1791101010572-5pl5wq@example.test.' })
    Expected: focused
    Received: inactive
    Timeout:  5000ms

    Call log:
      - Expect "toBeFocused" getByRole('status').filter({ hasText: 'Saved to gm-1791101010572-5pl5wq@example.test.' }) with timeout 5000ms
      - waiting for getByRole('status').filter({ hasText: 'Saved to gm-1791101010572-5pl5wq@example.test.' })
        14 × locator resolved to <p role="status" tabindex="-1" class="text-xs text-ink-3 outline-none">…</p>
           - unexpected value "inactive"


      157 |     await sheet.getByRole("button", { name: "Save group" }).click();
      158 |
    > 159 |     await expect(page.getByRole("status").filter({ hasText: `Saved to ${email}.` })).toBeFocused();
          |                                                                                      ^
      160 |     await expect(page.locator("code")).toHaveText(shareLink);
      161 |   });
      162 |
        at /home/coder/dev/ns-worktrees/ticket-45/e2e/landing.spec.ts:159:86

    Error Context: test-results/landing-a-Save-whose-move--bcb22-h-on-retry-from-the-landing-chromium/error-context.md

    attachment #2: trace (application/zip) ─────────────────────────────────────────────────────────
    test-results/landing-a-Save-whose-move--bcb22-h-on-retry-from-the-landing-chromium/trace.zip
    Usage:

        npx playwright show-trace test-results/landing-a-Save-whose-move--bcb22-h-on-retry-from-the-landing-chromium/trace.zip

    ────────────────────────────────────────────────────────────────────────────────────────────────

  2) [chromium] › e2e/landing.spec.ts:163:3 › a Save whose move fails after the sign-in › goes through on retry from the Group header 

    Error: expect(locator).toHaveText(expected) failed

    Locator: getByRole('dialog', { name: /^Keep / }).getByRole('alert')
    Expected: "That didn't work. Try again."
    Timeout: 5000ms
    Error: element(s) not found

    Call log:
      - Expect "toHaveText" getByRole('dialog', { name: /^Keep / }).getByRole('alert') with timeout 5000ms
      - waiting for getByRole('dialog', { name: /^Keep / }).getByRole('alert')


      170 |     await page.getByRole("button", { name: "Save your group" }).click();
      171 |     const sheet = await fillSaveSheet(page, email);
    > 172 |     await expect(sheet.getByRole("alert")).toHaveText("That didn't work. Try again.");
          |                                            ^
      173 |     await sheet.getByRole("button", { name: "Save group" }).click();
      174 |
      175 |     await expect(page.getByRole("status")).toHaveText("Saved. Open it anywhere with your account.");
        at /home/coder/dev/ns-worktrees/ticket-45/e2e/landing.spec.ts:172:44

    Error Context: test-results/landing-a-Save-whose-move--60169-retry-from-the-Group-header-chromium/error-context.md

    attachment #2: trace (application/zip) ─────────────────────────────────────────────────────────
    test-results/landing-a-Save-whose-move--60169-retry-from-the-Group-header-chromium/trace.zip
    Usage:

        npx playwright show-trace test-results/landing-a-Save-whose-move--60169-retry-from-the-Group-header-chromium/trace.zip

    ────────────────────────────────────────────────────────────────────────────────────────────────

  2 failed
    [chromium] › e2e/landing.spec.ts:149:3 › a Save whose move fails after the sign-in › goes through on retry from the landing 
    [chromium] › e2e/landing.spec.ts:163:3 › a Save whose move fails after the sign-in › goes through on retry from the Group header 
