$ playwright test
[WebServer] CONVEX_AGENT_MODE=anonymous mode is in beta, functionality may change in the future.
[WebServer] ✔ Configured a local deployment for http://127.0.0.1:3210 and saved its:
[WebServer]     name as CONVEX_DEPLOYMENT
[WebServer]     client URL as VITE_CONVEX_URL
[WebServer]     HTTP actions URL as VITE_CONVEX_SITE_URL
[WebServer]  to .env.local
[WebServer] 
[WebServer] Write your Convex functions in convex/
[WebServer] Give us feedback at https://convex.dev/community or support@convex.dev
[WebServer] View the Convex dashboard at http://127.0.0.1:6790/
[WebServer] 
[WebServer] ▌ Developing against deployment:
[WebServer] ▌  Local  Port 3210 • No Convex account (run npx convex login to link to a project)
[WebServer] ▌ └─ http://127.0.0.1:3210
[WebServer] - Preparing Convex functions...
[WebServer] 
[WebServer] Convex AI files are not installed. Run npx convex ai-files install to get started or npx convex ai-files disable to hide this message.
[WebServer] ✔ 09:07:46 Convex functions ready! (2.08s)
[WebServer] ✔ Successfully set 2 environment variables from stdin (2 updated, 1 unchanged) (on anonymous deployment anonymous-agent)
[WebServer] Warning: Route file "/home/coder/dev/ns-worktrees/ticket-45b/src/routes/routes.test.tsx" does not export a Route. This file will not be included in the route tree.
[WebServer] 
[WebServer] If this file is not intended to be a route, you can exclude it using one of these options:
[WebServer]   1. Rename the file to "/home/coder/dev/ns-worktrees/ticket-45b/src/routes/-routes.test.tsx" (prefix with "-")
[WebServer]   2. Use 'routeFileIgnorePattern' in your config to match this file
[WebServer] 
[WebServer] Current configuration:
[WebServer]   routeFileIgnorePrefix: "-"
[WebServer]   routeFileIgnorePattern: undefined
[WebServer] 
[WebServer]   VITE v8.3.2  ready in 416 ms
[WebServer] 
[WebServer]   ➜  Local:   http://localhost:5173/
[WebServer]   ➜  Network: use --host to expose

Running 48 tests using 5 workers

  ✓   1 [chromium] › e2e/smoke.spec.ts:3:1 › the landing page renders the app shell without errors (535ms)
  ✓   6 [chromium] › e2e/smoke.spec.ts:16:1 › reduced motion stops pulsing animations after one run (379ms)
  ✓   2 [chromium] › e2e/landing.spec.ts:44:1 › one click puts the link in hand and lands the GM on their Group (1.5s)
  ✓   5 [chromium] › e2e/gm-rail.spec.ts:41:1 › the GM copies, rotates, and undoes the Share Link from the rail (1.6s)
  ✓   3 [chromium] › e2e/gm-calendar.spec.ts:23:1 › the GM reads the heat-map and sees who is free on a night (2.0s)
  ✓   4 [chromium] › e2e/player.spec.ts:151:3 › the player surface › a new player joins by name, answers, fills the rest, and comes back (3.0s)
  ✓   9 [chromium] › e2e/gm-calendar.spec.ts:44:1 › on a phone the day sheet leaves the tapped night in view (1.3s)
  ✓   8 [chromium] › e2e/gm-rail.spec.ts:75:1 › the newest action owns the only toast (2.1s)
  ✓  10 [chromium] › e2e/player.spec.ts:205:3 › the player surface › taps and Fill Rest show at once, before the backend answers (1.1s)
  ✓   7 [chromium] › e2e/landing.spec.ts:59:1 › saving to a new Account keeps the Share Link, and logging in finds the Group (3.0s)
[WebServer] 9:07:53 AM [vite] (client) [console.error] [CONVEX M(roster:addPlayer)] [Request ID: 1f408038cf2c5363] Server Error
[WebServer] Uncaught ConvexError: {"code":"NAME_TAKEN","playerId":"k57agxybt0tvz4gcz6kkta64j18fnnpd"}
[WebServer]     at fail (../../convex/model/errors.ts:26:0)
[WebServer]     at ensureNameIsFree (../../convex/model/players.ts:24:0)
[WebServer]     at async handler (../convex/roster.ts:16:4)
[WebServer] 
  ✓  13 [chromium] › e2e/player.spec.ts:231:3 › the player surface › a first Fill Rest dismisses the first-visit hint (1.3s)
  ✓  12 [chromium] › e2e/gm-rail.spec.ts:94:1 › the GM adds, renames, and removes Players (2.0s)
  ✓  11 [chromium] › e2e/gm-calendar.spec.ts:73:1 › the GM schedules a Session, unschedules it, and undoes that (2.6s)
[WebServer] 9:07:55 AM [vite] (client) [console.error] [CONVEX M(player:answer)] [Request ID: 50da2fad3c35515f] Server Error
[WebServer] Uncaught ConvexError: {"code":"OUT_OF_WINDOW"}
[WebServer]     at fail (../../convex/model/errors.ts:26:0)
[WebServer]     at handler (../convex/player.ts:80:11)
[WebServer] 
  ✓  15 [chromium] › e2e/player.spec.ts:247:3 › the player surface › a tap the backend refuses rolls back and says why (924ms)
  ✓  17 [chromium] › e2e/gm-calendar.spec.ts:112:1 › month navigation lives in the URL and stops at the end of the Booking Window (1.4s)
  ✓  16 [chromium] › e2e/gm-rail.spec.ts:132:1 › Best Nights and Sessions open their day (2.3s)
  ✓  14 [chromium] › e2e/landing.spec.ts:79:1 › saving into an Account that has older Groups keeps showing the new Group (3.7s)
  ✓  18 [chromium] › e2e/player.spec.ts:261:3 › the player surface › tapping a night back to not set clears its Answer (2.0s)
  ✓  19 [chromium] › e2e/gm-calendar.spec.ts:145:1 › another GM's Group or a malformed id falls back to the GM's own Group (1.2s)
  ✓  23 [chromium] › e2e/gm-calendar.spec.ts:157:1 › a signed-out visitor lands on the landing page (480ms)
[WebServer] 9:07:57 AM [vite] (client) [console.error] [CONVEX M(player:fillRest)] [Request ID: c667edc09b4942b1] Server Error
[WebServer] Uncaught ConvexError: {"code":"OUT_OF_WINDOW"}
[WebServer]     at fail (../../convex/model/errors.ts:26:0)
[WebServer]     at handler (../convex/player.ts:97:27)
[WebServer] 
  ✓  22 [chromium] › e2e/player.spec.ts:279:3 › the player surface › a Fill Rest the backend refuses rolls back and says why (882ms)
[WebServer] 9:07:59 AM [vite] (client) [console.error] [CONVEX A(auth:signIn)] [Request ID: 340189989738b892] Server Error
[WebServer] Uncaught ConvexError: {"code":"INVALID_CREDENTIALS"}
[WebServer]     at fail (../../convex/model/errors.ts:26:0)
[WebServer]     at refuseSignIn (../../convex/auth.ts:86:0)
[WebServer]     at authorize [as authorize] (../../convex/auth.ts:67:4)
[WebServer]     at async handleCredentials (../../node_modules/@convex-dev/auth/src/server/implementation/signIn.ts:191:6)
[WebServer]     at async handler (../../node_modules/@convex-dev/auth/src/server/implementation/index.ts:416:26)
[WebServer] 
  ✓  21 [chromium] › e2e/landing.spec.ts:99:1 › a wrong password says so and keeps the sheet open (2.6s)
  ✓  24 [chromium] › e2e/player.spec.ts:297:3 › the player surface › a listed player answers with one tap and can switch with Not you? (1.6s)
  ✓  25 [chromium] › e2e/landing.spec.ts:115:3 › on a dark OS › a cold load paints a dark canvas (568ms)
  -  27 [chromium] › e2e/landing.spec.ts:130:7 › screenshots › 390px light
  -  28 [chromium] › e2e/landing.spec.ts:130:7 › screenshots › 390px dark
  -  29 [chromium] › e2e/landing.spec.ts:130:7 › screenshots › 1440px light
  -  30 [chromium] › e2e/landing.spec.ts:130:7 › screenshots › 1440px dark
  ✓  20 [chromium] › e2e/gm-rail.spec.ts:156:1 › the switcher opens, makes, renames and deletes Groups, and the landing returns to the last one (3.6s)
[WebServer] 9:08:00 AM [vite] (client) [console.error] [CONVEX M(player:join)] [Request ID: a8a316942837fb5c] Server Error
[WebServer] Uncaught ConvexError: {"code":"NAME_TAKEN","playerId":"k578vtb8hjsqb8j17v725e3xr18fnjfz"}
[WebServer]     at fail (../../convex/model/errors.ts:26:0)
[WebServer]     at ensureNameIsFree (../../convex/model/players.ts:24:0)
[WebServer]     at async handler (../convex/player.ts:66:4)
[WebServer] 
  ✓  26 [chromium] › e2e/player.spec.ts:313:3 › the player surface › a taken name points at the existing chip (1.1s)
  ✓  32 [chromium] › e2e/player.spec.ts:328:3 › the player surface › a player on a long Roster finds their name with the filter (1.7s)
  ✓  31 [chromium] › e2e/gm-rail.spec.ts:202:1 › an Anonymous GM is nudged to save once a Player joins, until Later (2.1s)
  ✓  33 [chromium] › e2e/player.spec.ts:347:3 › the player surface › a player the GM removed lands on the join screen (701ms)
  ✓  34 [chromium] › e2e/gm-rail.spec.ts:226:1 › on a phone the rail sits under the calendar behind a segmented control (1.2s)
  ✓  35 [chromium] › e2e/player.spec.ts:361:3 › the player surface › a past month is read-only (1.2s)
  ✓  37 [chromium] › e2e/player.spec.ts:379:3 › the player surface › an unknown link says it no longer works (427ms)
  -  38 [chromium] › e2e/player.spec.ts:416:3 › player surface screenshots › every player screen at 390 and 1440 px, light and dark
  -  39 [chromium] › e2e/player.spec.ts:463:3 › player surface screenshots › the past month at 390 and 1440 px, light and dark
  -  40 [chromium] › e2e/player.spec.ts:506:3 › player surface screenshots › the first-visit hint at 390 and 1440 px, light and dark
  -  41 [chromium] › e2e/player.spec.ts:516:3 › player surface screenshots › the done card at 390 and 1440 px, light and dark
  -  42 [chromium] › e2e/player.spec.ts:531:3 › player surface screenshots › the long-Roster join screen at 390 and 1440 px, light and dark
  ✓  36 [chromium] › e2e/gm-rail.spec.ts:245:1 › an Anonymous GM saves into an Account from the header and stays on the Group (2.0s)
  ✓  43 [chromium] › e2e/gm-rail.spec.ts:282:1 › on a phone the toast clears the open day sheet (2.0s)
  ✓  44 [chromium] › e2e/gm-rail.spec.ts:298:1 › deleting the last Group of an Anonymous GM returns to the landing (1.3s)
  -  45 [chromium] › e2e/gm-rail.spec.ts:315:7 › screenshots › 390px light
  -  46 [chromium] › e2e/gm-rail.spec.ts:315:7 › screenshots › 390px dark
  -  47 [chromium] › e2e/gm-rail.spec.ts:315:7 › screenshots › 1440px light
  -  48 [chromium] › e2e/gm-rail.spec.ts:315:7 › screenshots › 1440px dark

  13 skipped
  35 passed (25.9s)
