
 RUN  v5.0.3 /home/coder/dev/ns-worktrees/ticket-45b

Not implemented: Window's scrollTo() method
Not implemented: Window's scrollTo() method
Not implemented: Window's scrollTo() method
Not implemented: Window's scrollTo() method
Not implemented: Window's scrollTo() method
Not implemented: Window's scrollTo() method
Not implemented: Window's scrollTo() method
Not implemented: Window's scrollTo() method
Not implemented: Window's scrollTo() method
Not implemented: Window's scrollTo() method
Not implemented: Window's scrollTo() method
Not implemented: Window's scrollTo() method
Not implemented: Window's scrollTo() method
Not implemented: Window's scrollTo() method
Not implemented: Window's scrollTo() method
Not implemented: Window's scrollTo() method
Not implemented: Window's scrollTo() method
Not implemented: Window's scrollTo() method
Not implemented: Window's scrollTo() method
Not implemented: Window's scrollTo() method
Not implemented: Window's scrollTo() method

 Test Files  1 passed (1)
      Tests  21 passed (21)
   Start at  09:14:28
   Duration  1.59s (tests 56%, environment 29%, import 6%, transform 5%, setup 4%)

