[WebServer] CONVEX_AGENT_MODE=anonymous mode is in beta, functionality may change in the future.
[WebServer] ✔ Configured a local deployment for http://127.0.0.1:3210 and saved its:
[WebServer]     name as CONVEX_DEPLOYMENT
[WebServer]     client URL as VITE_CONVEX_URL
[WebServer]     HTTP actions URL as VITE_CONVEX_SITE_URL
[WebServer]  to .env.local
[WebServer] 
[WebServer] Write your Convex functions in convex/
[WebServer] Give us feedback at https://convex.dev/community or support@convex.dev
[WebServer] View the Convex dashboard at http://127.0.0.1:6790/
[WebServer] 
[WebServer] ▌ Developing against deployment:
[WebServer] ▌  Local  Port 3210 • No Convex account (run npx convex login to link to a project)
[WebServer] ▌ └─ http://127.0.0.1:3210
[WebServer] - Preparing Convex functions...
[WebServer] 
[WebServer] Convex AI files are not installed. Run npx convex ai-files install to get started or npx convex ai-files disable to hide this message.
[WebServer] ✔ 08:27:27 Convex functions ready! (2.08s)
[WebServer] ✔ Successfully set 2 environment variables from stdin (2 updated, 1 unchanged) (on anonymous deployment anonymous-agent)
[WebServer] Warning: Route file "/home/coder/dev/ns-worktrees/ticket-45b/src/routes/routes.test.tsx" does not export a Route. This file will not be included in the route tree.
[WebServer] 
[WebServer] If this file is not intended to be a route, you can exclude it using one of these options:
[WebServer]   1. Rename the file to "/home/coder/dev/ns-worktrees/ticket-45b/src/routes/-routes.test.tsx" (prefix with "-")
[WebServer]   2. Use 'routeFileIgnorePattern' in your config to match this file
[WebServer] 
[WebServer] Current configuration:
[WebServer]   routeFileIgnorePrefix: "-"
[WebServer]   routeFileIgnorePattern: undefined
[WebServer] 
[WebServer]   VITE v8.3.2  ready in 404 ms
[WebServer] 
[WebServer]   ➜  Local:   http://localhost:5173/
[WebServer]   ➜  Network: use --host to expose

Running 1 test using 1 worker

  ✘  1 [chromium] › e2e/gm-rail.spec.ts:242:1 › an Anonymous GM saves into an Account from the header and stays on the Group (6.9s)


  1) [chromium] › e2e/gm-rail.spec.ts:242:1 › an Anonymous GM saves into an Account from the header and stays on the Group 

    Error: expect(locator).toHaveText(expected) failed

    Locator: locator('[data-region-before-save]')
    Expected: "Saved. Open it anywhere with your account."
    Timeout: 5000ms
    Error: element(s) not found

    Call log:
      - Expect "toHaveText" locator('[data-region-before-save]') with timeout 5000ms
      - waiting for locator('[data-region-before-save]')
        3 × locator resolved to <div role="status" aria-live="polite" data-region-before-save="" class="fixed left-1/2 z-40 w-max max-w-[calc(100vw-2rem)] -translate-x-1/2 bottom-20"></div>
          - unexpected value ""


      264 |   await sheet.getByRole("button", { name: "Log in and save" }).click();
      265 |
    > 266 |   await expect(page.locator("[data-region-before-save]")).toHaveText(
          |                                                           ^
      267 |     "Saved. Open it anywhere with your account.",
      268 |   );
      269 |   await expect(page).toHaveURL(new RegExp(`/g/${gm.groupId}\\?`));
        at /home/coder/dev/ns-worktrees/ticket-45b/e2e/gm-rail.spec.ts:266:59

    Error Context: test-results/gm-rail-an-Anonymous-GM-sa-77bda-ader-and-stays-on-the-Group-chromium/error-context.md

    attachment #2: trace (application/zip) ─────────────────────────────────────────────────────────
    test-results/gm-rail-an-Anonymous-GM-sa-77bda-ader-and-stays-on-the-Group-chromium/trace.zip
    Usage:

        npx playwright show-trace test-results/gm-rail-an-Anonymous-GM-sa-77bda-ader-and-stays-on-the-Group-chromium/trace.zip

    ────────────────────────────────────────────────────────────────────────────────────────────────

  1 failed
    [chromium] › e2e/gm-rail.spec.ts:242:1 › an Anonymous GM saves into an Account from the header and stays on the Group 
