
 RUN  v5.0.3 /home/coder/dev/ns-worktrees/ticket-45b

Not implemented: Window's scrollTo() method
Not implemented: Window's scrollTo() method
Not implemented: Window's scrollTo() method
Not implemented: Window's scrollTo() method
Not implemented: Window's scrollTo() method
Not implemented: Window's scrollTo() method
Not implemented: Window's scrollTo() method
Not implemented: Window's scrollTo() method
Not implemented: Window's scrollTo() method
Not implemented: Window's scrollTo() method
Not implemented: Window's scrollTo() method
Not implemented: Window's scrollTo() method
Not implemented: Window's scrollTo() method
Not implemented: Window's scrollTo() method
Not implemented: Window's scrollTo() method
Not implemented: Window's scrollTo() method
Not implemented: Window's scrollTo() method
Not implemented: Window's scrollTo() method
Not implemented: Window's scrollTo() method
Not implemented: Window's scrollTo() method
Not implemented: Window's scrollTo() method
 ❯ |ui| src/features/player/Join.test.tsx (21 tests | 1 failed) 853ms
   ❯ Join (21)
     ❯ with a long Roster (10)
       × keeps the filter focused when Safari confirms an IME conversion with Enter 20ms

⎯⎯⎯⎯⎯⎯⎯ Failed Tests 1 ⎯⎯⎯⎯⎯⎯⎯

 FAIL  |ui| src/features/player/Join.test.tsx > Join > with a long Roster > keeps the filter focused when Safari confirms an IME conversion with Enter
AssertionError: expected <input …(7)></input> to be <body><div>…(1)</div></body> // Object.is equality

- Expected
+ Received

- <body>
-   <div>
-     <div
-       class="flex min-h-dvh flex-col"
-     >
-       <header
-         class="mx-auto w-full px-4 sm:px-6 max-w-md flex items-center justify-between py-5"
-       >
-         <a
-           aria-current="page"
-           aria-label="Next Session home"
-           class="inline-flex items-center gap-2.5 text-ink active"
-           data-status="active"
-           href="/"
-         >
-           <svg
-             aria-hidden="true"
-             class="size-8 size-7"
-             viewBox="0 0 32 32"
-           >
-             <rect
-               class="fill-accent"
-               height="28"
-               rx="9"
-               width="28"
-               x="2"
-               y="2"
-             />
-             <path
-               class="fill-accent-strong"
-               d="M11 2h10a9 9 0 0 1 9 9H2a9 9 0 0 1 9-9z"
-             />
-             <circle
-               class="fill-accent-ink"
-               cx="16"
-               cy="20"
-               r="5"
-             />
-           </svg>
-           <span
-             class="font-display font-bold text-lg"
-           >
-             Next Session
-           </span>
-         </a>
-       </header>
-       <main
-         class="mx-auto w-full px-4 sm:px-6 max-w-md flex-1 pb-16 flex flex-col gap-6"
-       >
-         <div
-           class="animate-rise"
-         >
-           <p
-             class="font-mono text-[11px] font-medium uppercase tracking-[0.18em] text-ink-3"
-           >
-             You're invited to
-           </p>
-           <h1
-             class="mt-1 font-display text-4xl font-extrabold break-words outline-none"
-             tabindex="-1"
-           >
-             Thursday Crew
-           </h1>
-           <p
-             class="mt-2 text-ink-2"
-           >
-             Tap the nights you can play. No account, takes a minute.
-           </p>
-         </div>
-         <section
-           class="animate-rise rounded-xl border border-line bg-surface p-5 shadow-card"
-         >
-           <h2
-             class="font-display text-lg font-bold"
-           >
-             Who are you?
-           </h2>
  <input
    aria-label="Find your name"
    autocomplete="off"
    class="mt-3 h-12 w-full rounded-md border border-line bg-paper px-3.5 text-base outline-none transition-colors placeholder:text-ink-3 focus:border-accent"
    enterkeyhint="done"
    placeholder="Find your name"
    type="search"
-             value=""
-           />
-           <p
-             aria-live="polite"
-             class="mt-3 text-sm text-ink-2 empty:mt-0"
-             role="status"
-           />
-           <ul
-             class="mt-3 flex flex-wrap gap-2"
-           >
-             <li>
-               <button
-                 class="flex min-h-11 max-w-full items-center gap-2 rounded-full border py-1.5 pr-3.5 pl-1.5 text-sm font-semibold transition-[background-color,border-color,transform] duration-150 hover:border-accent hover:bg-accent-soft active:scale-95 disabled:pointer-events-none disabled:opacity-60 border-line bg-paper"
-                 type="button"
-               >
-                 <span
-                   aria-hidden="true"
-                   class="inline-flex shrink-0 items-center justify-center rounded-full font-bold bg-accent-soft text-accent-strong size-7 text-[11px]"
-                 >
-                   AN
-                 </span>
-                 <span
-                   class="min-w-0 wrap-anywhere"
-                 >
-                   Ana
-                 </span>
-               </button>
-             </li>
-             <li>
-               <button
-                 class="flex min-h-11 max-w-full items-center gap-2 rounded-full border py-1.5 pr-3.5 pl-1.5 text-sm font-semibold transition-[background-color,border-color,transform] duration-150 hover:border-accent hover:bg-accent-soft active:scale-95 disabled:pointer-events-none disabled:opacity-60 border-line bg-paper"
-                 type="button"
-               >
-                 <span
-                   aria-hidden="true"
-                   class="inline-flex shrink-0 items-center justify-center rounded-full font-bold bg-accent text-accent-ink size-7 text-[11px]"
-                 >
-                   BE
-                 </span>
-                 <span
-                   class="min-w-0 wrap-anywhere"
-                 >
-                   Ben
-                 </span>
-               </button>
-             </li>
-             <li>
-               <button
-                 class="flex min-h-11 max-w-full items-center gap-2 rounded-full border py-1.5 pr-3.5 pl-1.5 text-sm font-semibold transition-[background-color,border-color,transform] duration-150 hover:border-accent hover:bg-accent-soft active:scale-95 disabled:pointer-events-none disabled:opacity-60 border-line bg-paper"
-                 type="button"
-               >
-                 <span
-                   aria-hidden="true"
-                   class="inline-flex shrink-0 items-center justify-center rounded-full font-bold bg-accent-soft text-accent-strong size-7 text-[11px]"
-                 >
-                   CH
-                 </span>
-                 <span
-                   class="min-w-0 wrap-anywhere"
-                 >
-                   Chiara
-                 </span>
-               </button>
-             </li>
-             <li>
-               <button
-                 class="flex min-h-11 max-w-full items-center gap-2 rounded-full border py-1.5 pr-3.5 pl-1.5 text-sm font-semibold transition-[background-color,border-color,transform] duration-150 hover:border-accent hover:bg-accent-soft active:scale-95 disabled:pointer-events-none disabled:opacity-60 border-line bg-paper"
-                 type="button"
-               >
-                 <span
-                   aria-hidden="true"
-                   class="inline-flex shrink-0 items-center justify-center rounded-full font-bold bg-accent text-accent-ink size-7 text-[11px]"
-                 >
-                   G1
-                 </span>
-                 <span
-                   class="min-w-0 wrap-anywhere"
-                 >
-                   Guest 1
-                 </span>
-               </button>
-             </li>
-             <li>
-               <button
-                 class="flex min-h-11 max-w-full items-center gap-2 rounded-full border py-1.5 pr-3.5 pl-1.5 text-sm font-semibold transition-[background-color,border-color,transform] duration-150 hover:border-accent hover:bg-accent-soft active:scale-95 disabled:pointer-events-none disabled:opacity-60 border-line bg-paper"
-                 type="button"
-               >
-                 <span
-                   aria-hidden="true"
-                   class="inline-flex shrink-0 items-center justify-center rounded-full font-bold bg-accent text-accent-ink size-7 text-[11px]"
-                 >
-                   G1
-                 </span>
-                 <span
-                   class="min-w-0 wrap-anywhere"
-                 >
-                   Guest 10
-                 </span>
-               </button>
-             </li>
-             <li>
-               <button
-                 class="flex min-h-11 max-w-full items-center gap-2 rounded-full border py-1.5 pr-3.5 pl-1.5 text-sm font-semibold transition-[background-color,border-color,transform] duration-150 hover:border-accent hover:bg-accent-soft active:scale-95 disabled:pointer-events-none disabled:opacity-60 border-line bg-paper"
-                 type="button"
-               >
-                 <span
-                   aria-hidden="true"
-                   class="inline-flex shrink-0 items-center justify-center rounded-full font-bold bg-surface-2 text-ink size-7 text-[11px]"
-                 >
-                   G2
-                 </span>
-                 <span
-                   class="min-w-0 wrap-anywhere"
-                 >
-                   Guest 2
-                 </span>
-               </button>
-             </li>
-             <li>
-               <button
-                 class="flex min-h-11 max-w-full items-center gap-2 rounded-full border py-1.5 pr-3.5 pl-1.5 text-sm font-semibold transition-[background-color,border-color,transform] duration-150 hover:border-accent hover:bg-accent-soft active:scale-95 disabled:pointer-events-none disabled:opacity-60 border-line bg-paper"
-                 type="button"
-               >
-                 <span
-                   aria-hidden="true"
-                   class="inline-flex shrink-0 items-center justify-center rounded-full font-bold bg-ink text-paper size-7 text-[11px]"
-                 >
-                   G3
-                 </span>
-                 <span
-                   class="min-w-0 wrap-anywhere"
-                 >
-                   Guest 3
-                 </span>
-               </button>
-             </li>
-             <li>
-               <button
-                 class="flex min-h-11 max-w-full items-center gap-2 rounded-full border py-1.5 pr-3.5 pl-1.5 text-sm font-semibold transition-[background-color,border-color,transform] duration-150 hover:border-accent hover:bg-accent-soft active:scale-95 disabled:pointer-events-none disabled:opacity-60 border-line bg-paper"
-                 type="button"
-               >
-                 <span
-                   aria-hidden="true"
-                   class="inline-flex shrink-0 items-center justify-center rounded-full font-bold bg-accent-soft text-accent-strong size-7 text-[11px]"
-                 >
-                   G4
-                 </span>
-                 <span
-                   class="min-w-0 wrap-anywhere"
-                 >
-                   Guest 4
-                 </span>
-               </button>
-             </li>
-             <li>
-               <button
-                 class="flex min-h-11 max-w-full items-center gap-2 rounded-full border py-1.5 pr-3.5 pl-1.5 text-sm font-semibold transition-[background-color,border-color,transform] duration-150 hover:border-accent hover:bg-accent-soft active:scale-95 disabled:pointer-events-none disabled:opacity-60 border-line bg-paper"
-                 type="button"
-               >
-                 <span
-                   aria-hidden="true"
-                   class="inline-flex shrink-0 items-center justify-center rounded-full font-bold bg-accent text-accent-ink size-7 text-[11px]"
-                 >
-                   G5
-                 </span>
-                 <span
-                   class="min-w-0 wrap-anywhere"
-                 >
-                   Guest 5
-                 </span>
-               </button>
-             </li>
-             <li>
-               <button
-                 class="flex min-h-11 max-w-full items-center gap-2 rounded-full border py-1.5 pr-3.5 pl-1.5 text-sm font-semibold transition-[background-color,border-color,transform] duration-150 hover:border-accent hover:bg-accent-soft active:scale-95 disabled:pointer-events-none disabled:opacity-60 border-line bg-paper"
-                 type="button"
-               >
-                 <span
-                   aria-hidden="true"
-                   class="inline-flex shrink-0 items-center justify-center rounded-full font-bold bg-surface-2 text-ink size-7 text-[11px]"
-                 >
-                   G6
-                 </span>
-                 <span
-                   class="min-w-0 wrap-anywhere"
-                 >
-                   Guest 6
-                 </span>
-               </button>
-             </li>
-             <li>
-               <button
-                 class="flex min-h-11 max-w-full items-center gap-2 rounded-full border py-1.5 pr-3.5 pl-1.5 text-sm font-semibold transition-[background-color,border-color,transform] duration-150 hover:border-accent hover:bg-accent-soft active:scale-95 disabled:pointer-events-none disabled:opacity-60 border-line bg-paper"
-                 type="button"
-               >
-                 <span
-                   aria-hidden="true"
-                   class="inline-flex shrink-0 items-center justify-center rounded-full font-bold bg-ink text-paper size-7 text-[11px]"
-                 >
-                   G7
-                 </span>
-                 <span
-                   class="min-w-0 wrap-anywhere"
-                 >
-                   Guest 7
-                 </span>
-               </button>
-             </li>
-             <li>
-               <button
-                 class="flex min-h-11 max-w-full items-center gap-2 rounded-full border py-1.5 pr-3.5 pl-1.5 text-sm font-semibold transition-[background-color,border-color,transform] duration-150 hover:border-accent hover:bg-accent-soft active:scale-95 disabled:pointer-events-none disabled:opacity-60 border-line bg-paper"
-                 type="button"
-               >
-                 <span
-                   aria-hidden="true"
-                   class="inline-flex shrink-0 items-center justify-center rounded-full font-bold bg-accent-soft text-accent-strong size-7 text-[11px]"
-                 >
-                   G8
-                 </span>
-                 <span
-                   class="min-w-0 wrap-anywhere"
-                 >
-                   Guest 8
-                 </span>
-               </button>
-             </li>
-             <li>
-               <button
-                 class="flex min-h-11 max-w-full items-center gap-2 rounded-full border py-1.5 pr-3.5 pl-1.5 text-sm font-semibold transition-[background-color,border-color,transform] duration-150 hover:border-accent hover:bg-accent-soft active:scale-95 disabled:pointer-events-none disabled:opacity-60 border-line bg-paper"
-                 type="button"
-               >
-                 <span
-                   aria-hidden="true"
-                   class="inline-flex shrink-0 items-center justify-center rounded-full font-bold bg-accent text-accent-ink size-7 text-[11px]"
-                 >
-                   G9
-                 </span>
-                 <span
-                   class="min-w-0 wrap-anywhere"
-                 >
-                   Guest 9
-                 </span>
-               </button>
-             </li>
-             <li>
-               <button
-                 class="flex min-h-11 max-w-full items-center gap-2 rounded-full border py-1.5 pr-3.5 pl-1.5 text-sm font-semibold transition-[background-color,border-color,transform] duration-150 hover:border-accent hover:bg-accent-soft active:scale-95 disabled:pointer-events-none disabled:opacity-60 border-line bg-paper"
-                 type="button"
-               >
-                 <span
-                   aria-hidden="true"
-                   class="inline-flex shrink-0 items-center justify-center rounded-full font-bold bg-accent text-accent-ink size-7 text-[11px]"
-                 >
-                   ZÖ
-                 </span>
-                 <span
-                   class="min-w-0 wrap-anywhere"
-                 >
-                   Zoë Ölund
-                 </span>
-               </button>
-             </li>
-           </ul>
-           <form
-             class="mt-4 flex gap-2"
-           >
-             <input
-               aria-label="Not listed? Your name"
-               autocomplete="given-name"
-               class="h-14 min-w-0 flex-1 rounded-md border border-line bg-paper px-3.5 text-base outline-none transition-colors placeholder:text-ink-3 focus:border-accent"
-               enterkeyhint="go"
-               placeholder="Not listed? Your name"
    value=""
  />
-             <button
-               class="inline-flex shrink-0 items-center justify-center font-semibold transition-[background-color,color,transform,border-color,filter] duration-150 ease-(--ease-snap) active:scale-[0.98] disabled:pointer-events-none disabled:opacity-50 bg-accent text-accent-ink hover:bg-accent-strong shadow-card h-14 px-6 text-base gap-2.5 rounded-lg"
-               disabled=""
-               type="submit"
-             >
-               Join
-             </button>
-           </form>
-         </section>
-         <p
-           class="text-center text-xs text-ink-3"
-         >
-           Planning your own game?
-            
-           <a
-             aria-current="page"
-             class="-my-3.5 inline-block py-3.5 font-semibold text-accent hover:underline active"
-             data-status="active"
-             href="/"
-           >
-             Create your link
-           </a>
-         </p>
-       </main>
-       <footer
-         class="flex flex-wrap items-center gap-x-4 gap-y-1 text-xs text-ink-3 mx-auto w-full px-4 sm:px-6 max-w-md pb-6 justify-center"
-       >
-         <a
-           class="transition-colors hover:text-ink"
-           href="/terms"
-         >
-           Terms
-         </a>
-         <a
-           class="transition-colors hover:text-ink"
-           href="/privacy"
-         >
-           Privacy
-         </a>
-         <a
-           class="transition-colors hover:text-ink"
-           href="/imprint"
-         >
-           Imprint
-         </a>
-       </footer>
-     </div>
-   </div>
- </body>

 ❯ src/features/player/Join.test.tsx:204:22
    202|       fireEvent.keyDown(filter, { key: "Enter", keyCode: 229 });
    203|
    204|       expect(filter).toBe(document.activeElement);
       |                      ^
    205|     });
    206|

⎯⎯⎯⎯⎯⎯⎯⎯⎯⎯⎯⎯⎯⎯⎯⎯⎯⎯⎯⎯⎯⎯⎯⎯[1/1]⎯


 Test Files  1 failed (1)
      Tests  1 failed | 20 passed (21)
   Start at  09:14:20
   Duration  1.61s (tests 56%, environment 29%, import 6%, transform 5%, setup 4%)

