
 RUN  v5.0.3 /home/coder/dev/ns-worktrees/ticket-45b

Not implemented: Window's scrollTo() method
Not implemented: Window's scrollTo() method
Not implemented: Window's scrollTo() method
Not implemented: Window's scrollTo() method
Not implemented: Window's scrollTo() method
Not implemented: Window's scrollTo() method
Not implemented: Window's scrollTo() method
Not implemented: Window's scrollTo() method
Not implemented: Window's scrollTo() method
Not implemented: Window's scrollTo() method
Not implemented: Window's scrollTo() method
Not implemented: Window's scrollTo() method
Not implemented: Window's scrollTo() method
Not implemented: Window's scrollTo() method
Not implemented: Window's scrollTo() method
Not implemented: Window's scrollTo() method
Not implemented: Window's scrollTo() method
Not implemented: Window's scrollTo() method
 ❯ |ui| src/features/player/Join.test.tsx (18 tests | 2 failed) 792ms
   ❯ Join (18)
     ❯ with a long Roster (7)
       × matches letters with a stroke by their plain spelling 61ms
       × shows every chip again once the Roster shrinks to twelve names 30ms

⎯⎯⎯⎯⎯⎯⎯ Failed Tests 2 ⎯⎯⎯⎯⎯⎯⎯

 FAIL  |ui| src/features/player/Join.test.tsx > Join > with a long Roster > matches letters with a stroke by their plain spelling
TestingLibraryElementError: Unable to find an accessible element with the role "listitem"

Here are the accessible roles:

  banner:

  Name "":
  [36m<header[39m
    [33mclass[39m=[32m"mx-auto w-full px-4 sm:px-6 max-w-md flex items-center justify-between py-5"[39m
  [36m/>[39m

  --------------------------------------------------
  link:

  Name "Next Session home":
  [36m<a[39m
    [33maria-current[39m=[32m"page"[39m
    [33maria-label[39m=[32m"Next Session home"[39m
    [33mclass[39m=[32m"inline-flex items-center gap-2.5 text-ink active"[39m
    [33mdata-status[39m=[32m"active"[39m
    [33mhref[39m=[32m"/"[39m
  [36m/>[39m

  Name "Create your link":
  [36m<a[39m
    [33maria-current[39m=[32m"page"[39m
    [33mclass[39m=[32m"-my-3.5 inline-block py-3.5 font-semibold text-accent hover:underline active"[39m
    [33mdata-status[39m=[32m"active"[39m
    [33mhref[39m=[32m"/"[39m
  [36m/>[39m

  Name "Terms":
  [36m<a[39m
    [33mclass[39m=[32m"transition-colors hover:text-ink"[39m
    [33mhref[39m=[32m"/terms"[39m
  [36m/>[39m

  Name "Privacy":
  [36m<a[39m
    [33mclass[39m=[32m"transition-colors hover:text-ink"[39m
    [33mhref[39m=[32m"/privacy"[39m
  [36m/>[39m

  Name "Imprint":
  [36m<a[39m
    [33mclass[39m=[32m"transition-colors hover:text-ink"[39m
    [33mhref[39m=[32m"/imprint"[39m
  [36m/>[39m

  --------------------------------------------------
  main:

  Name "":
  [36m<main[39m
    [33mclass[39m=[32m"mx-auto w-full px-4 sm:px-6 max-w-md flex-1 pb-16 flex flex-col gap-6"[39m
  [36m/>[39m

  --------------------------------------------------
  paragraph:

  Name "":
  [36m<p[39m
    [33mclass[39m=[32m"font-mono text-[11px] font-medium uppercase tracking-[0.18em] text-ink-3"[39m
  [36m/>[39m

  Name "":
  [36m<p[39m
    [33mclass[39m=[32m"mt-2 text-ink-2"[39m
  [36m/>[39m

  Name "":
  [36m<p[39m
    [33mclass[39m=[32m"text-center text-xs text-ink-3"[39m
  [36m/>[39m

  --------------------------------------------------
  heading:

  Name "Thursday Crew":
  [36m<h1[39m
    [33mclass[39m=[32m"mt-1 font-display text-4xl font-extrabold break-words outline-none"[39m
    [33mtabindex[39m=[32m"-1"[39m
  [36m/>[39m

  Name "Who are you?":
  [36m<h2[39m
    [33mclass[39m=[32m"font-display text-lg font-bold"[39m
  [36m/>[39m

  --------------------------------------------------
  searchbox:

  Name "Find your name":
  [36m<input[39m
    [33maria-label[39m=[32m"Find your name"[39m
    [33mautocomplete[39m=[32m"off"[39m
    [33mclass[39m=[32m"mt-3 h-12 w-full rounded-md border border-line bg-paper px-3.5 text-base outline-none transition-colors placeholder:text-ink-3 focus:border-accent"[39m
    [33menterkeyhint[39m=[32m"search"[39m
    [33mplaceholder[39m=[32m"Find your name"[39m
    [33mtype[39m=[32m"search"[39m
    [33mvalue[39m=[32m"soren luk"[39m
  [36m/>[39m

  --------------------------------------------------
  status:

  Name "":
  [36m<p[39m
    [33maria-live[39m=[32m"polite"[39m
    [33mclass[39m=[32m"mt-3 text-sm text-ink-2 empty:mt-0"[39m
    [33mrole[39m=[32m"status"[39m
  [36m/>[39m

  --------------------------------------------------
  textbox:

  Name "Not listed? Your name":
  [36m<input[39m
    [33maria-label[39m=[32m"Not listed? Your name"[39m
    [33mautocomplete[39m=[32m"given-name"[39m
    [33mclass[39m=[32m"h-14 min-w-0 flex-1 rounded-md border border-line bg-paper px-3.5 text-base outline-none transition-colors placeholder:text-ink-3 focus:border-accent"[39m
    [33menterkeyhint[39m=[32m"go"[39m
    [33mplaceholder[39m=[32m"Not listed? Your name"[39m
    [33mvalue[39m=[32m""[39m
  [36m/>[39m

  --------------------------------------------------
  button:

  Name "Join":
  [36m<button[39m
    [33mclass[39m=[32m"inline-flex shrink-0 items-center justify-center font-semibold transition-[background-color,color,transform,border-color,filter] duration-150 ease-(--ease-snap) active:scale-[0.98] disabled:pointer-events-none disabled:opacity-50 bg-accent text-accent-ink hover:bg-accent-strong shadow-card h-14 px-6 text-base gap-2.5 rounded-lg"[39m
    [33mdisabled[39m=[32m""[39m
    [33mtype[39m=[32m"submit"[39m
  [36m/>[39m

  --------------------------------------------------
  contentinfo:

  Name "":
  [36m<footer[39m
    [33mclass[39m=[32m"flex flex-wrap items-center gap-x-4 gap-y-1 text-xs text-ink-3 mx-auto w-full px-4 sm:px-6 max-w-md pb-6 justify-center"[39m
  [36m/>[39m

  --------------------------------------------------

Ignored nodes: comments, script, style
[36m<body>[39m
  [36m<div>[39m
    [36m<div[39m
      [33mclass[39m=[32m"flex min-h-dvh flex-col"[39m
    [36m>[39m
      [36m<header[39m
        [33mclass[39m=[32m"mx-auto w-full px-4 sm:px-6 max-w-md flex items-center justify-between py-5"[39m
      [36m>[39m
        [36m<a[39m
          [33maria-current[39m=[32m"page"[39m
          [33maria-label[39m=[32m"Next Session home"[39m
          [33mclass[39m=[32m"inline-flex items-center gap-2.5 text-ink active"[39m
          [33mdata-status[39m=[32m"active"[39m
          [33mhref[39m=[32m"/"[39m
        [36m>[39m
          [36m<svg[39m
            [33maria-hidden[39m=[32m"true"[39m
            [33mclass[39m=[32m"size-8 size-7"[39m
            [33mviewBox[39m=[32m"0 0 32 32"[39m
          [36m>[39m
            [36m<rect[39m
              [33mclass[39m=[32m"fill-accent"[39m
              [33mheight[39m=[32m"28"[39m
              [33mrx[39m=[32m"9"[39m
              [33mwidth[39m=[32m"28"[39m
              [33mx[39m=[32m"2"[39m
              [33my[39m=[32m"2"[39m
            [36m/>[39m
            [36m<path[39m
              [33mclass[39m=[32m"fill-accent-strong"[39m
              [33md[39m=[32m"M11 2h10a9 9 0 0 1 9 9H2a9 9 0 0 1 9-9z"[39m
            [36m/>[39m
            [36m<circle[39m
              [33mclass[39m=[32m"fill-accent-ink"[39m
              [33mcx[39m=[32m"16"[39m
              [33mcy[39m=[32m"20"[39m
              [33mr[39m=[32m"5"[39m
            [36m/>[39m
          [36m</svg>[39m
          [36m<span[39m
            [33mclass[39m=[32m"font-display font-bold text-lg"[39m
          [36m>[39m
            [0mNext Session[0m
          [36m</span>[39m
        [36m</a>[39m
      [36m</header>[39m
      [36m<main[39m
        [33mclass[39m=[32m"mx-auto w-full px-4 sm:px-6 max-w-md flex-1 pb-16 flex flex-col gap-6"[39m
      [36m>[39m
        [36m<div[39m
          [33mclass[39m=[32m"animate-rise"[39m
        [36m>[39m
          [36m<p[39m
            [33mclass[39m=[32m"font-mono text-[11px] font-medium uppercase tracking-[0.18em] text-ink-3"[39m
          [36m>[39m
            [0mYou're invited to[0m
          [36m</p>[39m
          [36m<h1[39m
            [33mclass[39m=[32m"mt-1 font-display text-4xl font-extrabold break-words outline-none"[39m
            [33mtabindex[39m=[32m"-1"[39m
          [36m>[39m
            [0mThursday Crew[0m
          [36m</h1>[39m
          [36m<p[39m
            [33mclass[39m=[32m"mt-2 text-ink-2"[39m
          [36m>[39m
            [0mTap the nights you can play. No account, takes a minute.[0m
          [36m</p>[39m
        [36m</div>[39m
        [36m<section[39m
          [33mclass[39m=[32m"animate-rise rounded-xl border border-line bg-surface p-5 shadow-card"[39m
        [36m>[39m
          [36m<h2[39m
            [33mclass[39m=[32m"font-display text-lg font-bold"[39m
          [36m>[39m
            [0mWho are you?[0m
          [36m</h2>[39m
          [36m<input[39m
            [33maria-label[39m=[32m"Find your name"[39m
            [33mautocomplete[39m=[32m"off"[39m
            [33mclass[39m=[32m"mt-3 h-12 w-full rounded-md border border-line bg-paper px-3.5 text-base outline-none transition-colors placeholder:text-ink-3 focus:border-accent"[39m
            [33menterkeyhint[39m=[32m"search"[39m
            [33mplaceholder[39m=[32m"Find your name"[39m
            [33mtype[39m=[32m"search"[39m
            [33mvalue[39m=[32m"soren luk"[39m
          [36m/>[39m
          [36m<p[39m
            [33maria-live[39m=[32m"polite"[39m
            [33mclass[39m=[32m"mt-3 text-sm text-ink-2 empty:mt-0"[39m
            [33mrole[39m=[32m"status"[39m
          [36m>[39m
            [0mNo names match. Add yours below.[0m
          [36m</p>[39m
          [36m<form[39m
            [33mclass[39m=[32m"mt-4 flex gap-2"[39m
          [36m>[39m
            [36m<input[39m
              [33maria-label[39m=[32m"Not listed? Your name"[39m
              [33mautocomplete[39m=[32m"given-name"[39m
              [33mclass[39m=[32m"h-14 min-w-0 flex-1 rounded-md border border-line bg-paper px-3.5 text-base outline-none transition-colors placeholder:text-ink-3 focus:border-accent"[39m
              [33menterkeyhint[39m=[32m"go"[39m
              [33mplaceholder[39m=[32m"Not listed? Your name"[39m
              [33mvalue[39m=[32m""[39m
            [36m/>[39m
            [36m<button[39m
              [33mclass[39m=[32m"inline-flex shrink-0 items-center justify-center font-semibold transition-[background-color,color,transform,border-color,filter] duration-150 ease-(--ease-snap) active:scale-[0.98] disabled:pointer-events-none disabled:opacity-50 bg-accent text-accent-ink hover:bg-accent-strong shadow-card h-14 px-6 text-base gap-2.5 rounded-lg"[39m
              [33mdisabled[39m=[32m""[39m
              [33mtype[39m=[32m"submit"[39m
            [36m>[39m
              [0mJoin[0m
            [36m</button>[39m
          [36m</form>[39m
        [36m</section>[39m
        [36m<p[39m
          [33mclass[39m=[32m"text-center text-xs text-ink-3"[39m
        [36m>[39m
          [0mPlanning your own game?[0m
          [0m [0m
          [36m<a[39m
            [33maria-current[39m=[32m"page"[39m
            [33mclass[39m=[32m"-my-3.5 inline-block py-3.5 font-semibold text-accent hover:underline active"[39m
            [33mdata-status[39m=[32m"active"[39m
            [33mhref[39m=[32m"/"[39m
          [36m>[39m
            [0mCreate your link[0m
          [36m</a>[39m
        [36m</p>[39m
      [36m</main>[39m
      [36m<footer[39m
        [33mclass[39m=[32m"flex flex-wrap items-center gap-x-4 gap-y-1 text-xs text-ink-3 mx-auto w-full px-4 sm:px-6 max-w-md pb-6 justify-center"[39m
      [36m>[39m
        [36m<a[39m
          [33mclass[39m=[32m"transition-colors hover:text-ink"[39m
          [33mhref[39m=[32m"/terms"[39m
        [36m>[39m
          [0mTerms[0m
        [36m</a>[39m
        [36m<a[39m
          [33mclass[39m=[32m"transition-colors hover:text-ink"[39m
          [33mhref[39m=[32m"/privacy"[39m
        [36m>[39m
          [0mPrivacy[0m
        [36m</a>[39m
        [36m<a[39m
          [33mclass[39m=[32m"transition-colors hover:text-ink"[39m
          [33mhref[39m=[32m"/imprint"[39m
        [36m>[39m
          [0mImprint[0m
        [36m</a>[39m
      [36m</footer>[39m
    [36m</div>[39m
  [36m</div>[39m
[36m</body>[39m
 ❯ Object.getElementError node_modules/@testing-library/dom/dist/config.js:37:19
 ❯ node_modules/@testing-library/dom/dist/query-helpers.js:76:38
 ❯ node_modules/@testing-library/dom/dist/query-helpers.js:109:15
 ❯ src/features/player/Join.test.tsx:219:21
    217|       );
    218|
    219|       expect(screen.getAllByRole("listitem")).toHaveLength(1);
       |                     ^
    220|       expect(screen.getByRole("button", { name: "Søren Łukasz" })).toB…
    221|     });

⎯⎯⎯⎯⎯⎯⎯⎯⎯⎯⎯⎯⎯⎯⎯⎯⎯⎯⎯⎯⎯⎯⎯⎯[1/2]⎯

 FAIL  |ui| src/features/player/Join.test.tsx > Join > with a long Roster > shows every chip again once the Roster shrinks to twelve names
AssertionError: expected [ <li><button …(2)>…(2)</button></li> ] to have a length of 12 but got 1

- Expected
+ Received

- 12
+ 1

 ❯ src/features/player/Join.test.tsx:238:47
    236|
    237|       expect(screen.queryByRole("searchbox", { name: "Find your name" …
    238|       expect(screen.getAllByRole("listitem")).toHaveLength(12);
       |                                               ^
    239|     });
    240|   });

⎯⎯⎯⎯⎯⎯⎯⎯⎯⎯⎯⎯⎯⎯⎯⎯⎯⎯⎯⎯⎯⎯⎯⎯[2/2]⎯


 Test Files  1 failed (1)
      Tests  2 failed | 16 passed (18)
   Start at  08:13:36
   Duration  1.53s (tests 55%, environment 30%, import 6%, transform 5%, setup 4%)

