[WebServer] CONVEX_AGENT_MODE=anonymous mode is in beta, functionality may change in the future.
[WebServer] ✔ Configured a local deployment for http://127.0.0.1:3210 and saved its:
[WebServer]     name as CONVEX_DEPLOYMENT
[WebServer]     client URL as VITE_CONVEX_URL
[WebServer]     HTTP actions URL as VITE_CONVEX_SITE_URL
[WebServer]  to .env.local
[WebServer] 
[WebServer] Write your Convex functions in convex/
[WebServer] Give us feedback at https://convex.dev/community or support@convex.dev
[WebServer] View the Convex dashboard at http://127.0.0.1:6790/
[WebServer] 
[WebServer] ▌ Developing against deployment:
[WebServer] ▌  Local  Port 3210 • No Convex account (run npx convex login to link to a project)
[WebServer] ▌ └─ http://127.0.0.1:3210
[WebServer] - Preparing Convex functions...
[WebServer] 
[WebServer] Convex AI files are not installed. Run npx convex ai-files install to get started or npx convex ai-files disable to hide this message.
[WebServer] ✔ 15:05:29 Convex functions ready! (2.09s)
[WebServer] ✔ Successfully set 2 environment variables from stdin (2 updated, 1 unchanged) (on anonymous deployment anonymous-agent)
[WebServer] Warning: Route file "/home/coder/dev/ns-worktrees/ticket-64/src/routes/routes.test.tsx" does not export a Route. This file will not be included in the route tree.
[WebServer] 
[WebServer] If this file is not intended to be a route, you can exclude it using one of these options:
[WebServer]   1. Rename the file to "/home/coder/dev/ns-worktrees/ticket-64/src/routes/-routes.test.tsx" (prefix with "-")
[WebServer]   2. Use 'routeFileIgnorePattern' in your config to match this file
[WebServer] 
[WebServer] Current configuration:
[WebServer]   routeFileIgnorePrefix: "-"
[WebServer]   routeFileIgnorePattern: undefined
[WebServer] 
[WebServer]   VITE v8.3.2  ready in 397 ms
[WebServer] 
[WebServer]   ➜  Local:   http://localhost:5173/
[WebServer]   ➜  Network: use --host to expose

Running 10 tests using 1 worker

  ✓   1 [chromium] › e2e/player-account.spec.ts:86:1 › a visitor answers, keeps the Group with a new Account, and opens it as the same Player elsewhere (3.0s)
  ✓   2 [chromium] › e2e/player-account.spec.ts:110:1 › an Account that joins a second Group with a new name keeps it at once (2.5s)
  ✓   3 [chromium] › e2e/player-account.spec.ts:129:1 › Not you? releases the claim, keeps the Player, and shows Join (1.7s)
[WebServer] 3:05:39 PM [vite] (client) [console.error] [CONVEX M(player:claim)] [Request ID: 8763599472f27d7d] Server Error
[WebServer] Uncaught ConvexError: {"code":"PLAYER_CLAIMED"}
[WebServer]     at fail (../../convex/model/errors.ts:27:0)
[WebServer]     at claimPlayer (../../convex/model/players.ts:48:53)
[WebServer]     at handler (../convex/player.ts:87:11)
[WebServer] 
  ✓   4 [chromium] › e2e/player-account.spec.ts:145:1 › another Account's Player cannot be kept (1.7s)
  ✓   5 [chromium] › e2e/player-account.spec.ts:161:1 › an Anonymous GM keeping their own link saves first, then keeps the Player (2.4s)
  ✓   6 [chromium] › e2e/player-account.spec.ts:183:1 › a signed-out visitor still joins and answers in the same steps (1.1s)
  -   7 [chromium] › e2e/player-account.spec.ts:203:7 › screenshots › 390px light
  -   8 [chromium] › e2e/player-account.spec.ts:203:7 › screenshots › 390px dark
  -   9 [chromium] › e2e/player-account.spec.ts:203:7 › screenshots › 1440px light
  -  10 [chromium] › e2e/player-account.spec.ts:203:7 › screenshots › 1440px dark

  4 skipped
  6 passed (16.9s)
