$ playwright test "e2e/gm-calendar.spec.ts" "e2e/gm-rail.spec.ts"
[WebServer] CONVEX_AGENT_MODE=anonymous mode is in beta, functionality may change in the future.
[WebServer] ✔ Configured a local deployment for http://127.0.0.1:3210 and saved its:
[WebServer]     name as CONVEX_DEPLOYMENT
[WebServer]     client URL as VITE_CONVEX_URL
[WebServer]     HTTP actions URL as VITE_CONVEX_SITE_URL
[WebServer]  to .env.local
[WebServer] 
[WebServer] Write your Convex functions in convex/
[WebServer] Give us feedback at https://convex.dev/community or support@convex.dev
[WebServer] View the Convex dashboard at http://127.0.0.1:6790/
[WebServer] 
[WebServer] ▌ Developing against deployment:
[WebServer] ▌  Local  Port 3210 • No Convex account (run npx convex login to link to a project)
[WebServer] ▌ └─ http://127.0.0.1:3210
[WebServer] - Preparing Convex functions...
[WebServer] 
[WebServer] Convex AI files are not installed. Run npx convex ai-files install to get started or npx convex ai-files disable to hide this message.
[WebServer] ✔ 14:49:51 Convex functions ready! (2.05s)
[WebServer] ✔ Successfully set 2 environment variables from stdin (2 updated, 1 unchanged) (on anonymous deployment anonymous-agent)
[WebServer] Warning: Route file "/home/coder/dev/ns-worktrees/ticket-67/src/routes/routes.test.tsx" does not export a Route. This file will not be included in the route tree.
[WebServer] 
[WebServer] If this file is not intended to be a route, you can exclude it using one of these options:
[WebServer]   1. Rename the file to "/home/coder/dev/ns-worktrees/ticket-67/src/routes/-routes.test.tsx" (prefix with "-")
[WebServer]   2. Use 'routeFileIgnorePattern' in your config to match this file
[WebServer] 
[WebServer] Current configuration:
[WebServer]   routeFileIgnorePrefix: "-"
[WebServer]   routeFileIgnorePattern: undefined
[WebServer] 
[WebServer]   VITE v8.3.2  ready in 388 ms
[WebServer] 
[WebServer]   ➜  Local:   http://localhost:5173/
[WebServer]   ➜  Network: use --host to expose

Running 32 tests using 2 workers

  ✓   2 [chromium] › e2e/gm-rail.spec.ts:50:1 › the GM copies, rotates, and undoes the Share Link from the rail (1.2s)
  ✓   1 [chromium] › e2e/gm-calendar.spec.ts:23:1 › the GM reads the heat-map and sees who is free on a night (1.6s)
  ✓   4 [chromium] › e2e/gm-calendar.spec.ts:44:1 › on a phone the day sheet leaves the tapped night in view (1.1s)
  ✓   3 [chromium] › e2e/gm-rail.spec.ts:84:1 › the newest action owns the only toast (2.1s)
[WebServer] 2:49:57 PM [vite] (client) [console.error] [CONVEX M(roster:addPlayer)] [Request ID: d49adea773866b73] Server Error
[WebServer] Uncaught ConvexError: {"code":"NAME_TAKEN","playerId":"k57a87v8qt2mhesjye2qbkrxn18frny7"}
[WebServer]     at fail (../../convex/model/errors.ts:26:0)
[WebServer]     at ensureNameIsFree (../../convex/model/players.ts:24:0)
[WebServer]     at async handler (../convex/roster.ts:16:4)
[WebServer] 
  ✓   5 [chromium] › e2e/gm-calendar.spec.ts:73:1 › on a phone a dense day keeps two-digit counts inside its cell (1.9s)
  ✓   6 [chromium] › e2e/gm-rail.spec.ts:103:1 › the GM adds, renames, and removes Players (1.9s)
  ✓   7 [chromium] › e2e/gm-calendar.spec.ts:100:1 › the GM schedules a Session, unschedules it, and undoes that (2.2s)
  ✓   8 [chromium] › e2e/gm-rail.spec.ts:143:1 › Best Nights and Sessions open their day (2.2s)
  ✓   9 [chromium] › e2e/gm-calendar.spec.ts:139:1 › month navigation lives in the URL and stops at the end of the Booking Window (1.3s)
  ✓  11 [chromium] › e2e/gm-calendar.spec.ts:172:1 › another GM's Group or a malformed id falls back to the GM's own Group (1.1s)
  ✓  12 [chromium] › e2e/gm-calendar.spec.ts:184:1 › a signed-out visitor lands on the landing page (504ms)
  ✓  10 [chromium] › e2e/gm-rail.spec.ts:168:1 › the switcher opens, makes, renames and deletes Groups, and the landing returns to the last one (3.6s)
  ✓  13 [chromium] › e2e/gm-rail.spec.ts:214:1 › an Anonymous GM is nudged to save once a Player joins, until Later (2.1s)
  ✓  14 [chromium] › e2e/gm-rail.spec.ts:238:1 › on a phone the rail sits under the calendar behind a segmented control (1.1s)
  ✓  15 [chromium] › e2e/gm-rail.spec.ts:257:1 › on a phone a fresh Group opens on Players, so the GM adds one under the calendar (876ms)
  ✓  16 [chromium] › e2e/gm-rail.spec.ts:273:1 › on a phone Add player stays in reach under the calendar whatever tab is open (1.8s)
  ✓  17 [chromium] › e2e/gm-rail.spec.ts:305:1 › a Player who joins with a new name stays on the Roster as grey bars until the GM removes them (1.4s)
  ✓  18 [chromium] › e2e/gm-rail.spec.ts:327:1 › an Anonymous GM saves into an Account from the header and stays on the Group (2.0s)
  ✓  19 [chromium] › e2e/gm-rail.spec.ts:364:1 › on a phone the toast clears the open day sheet (2.0s)
  ✓  20 [chromium] › e2e/gm-rail.spec.ts:380:1 › deleting the last Group of an Anonymous GM returns to the landing (1.3s)
  -  21 [chromium] › e2e/gm-rail.spec.ts:397:7 › screenshots › 390px light
  -  22 [chromium] › e2e/gm-rail.spec.ts:440:7 › screenshots › 390px light: Add player in reach, the maybe bar and a dense day
  -  23 [chromium] › e2e/gm-rail.spec.ts:516:7 › screenshots › 390px light: a fresh Group and grey bars
  -  24 [chromium] › e2e/gm-rail.spec.ts:397:7 › screenshots › 390px dark
  -  25 [chromium] › e2e/gm-rail.spec.ts:440:7 › screenshots › 390px dark: Add player in reach, the maybe bar and a dense day
  -  26 [chromium] › e2e/gm-rail.spec.ts:516:7 › screenshots › 390px dark: a fresh Group and grey bars
  -  27 [chromium] › e2e/gm-rail.spec.ts:397:7 › screenshots › 1440px light
  -  28 [chromium] › e2e/gm-rail.spec.ts:440:7 › screenshots › 1440px light: Add player in reach, the maybe bar and a dense day
  -  29 [chromium] › e2e/gm-rail.spec.ts:516:7 › screenshots › 1440px light: a fresh Group and grey bars
  -  30 [chromium] › e2e/gm-rail.spec.ts:397:7 › screenshots › 1440px dark
  -  31 [chromium] › e2e/gm-rail.spec.ts:440:7 › screenshots › 1440px dark: Add player in reach, the maybe bar and a dense day
  -  32 [chromium] › e2e/gm-rail.spec.ts:516:7 › screenshots › 1440px dark: a fresh Group and grey bars

  12 skipped
  20 passed (28.3s)
