[WebServer] CONVEX_AGENT_MODE=anonymous mode is in beta, functionality may change in the future.
[WebServer] ✔ Configured a local deployment for http://127.0.0.1:3210 and saved its:
[WebServer]     name as CONVEX_DEPLOYMENT
[WebServer]     client URL as VITE_CONVEX_URL
[WebServer]     HTTP actions URL as VITE_CONVEX_SITE_URL
[WebServer]  to .env.local
[WebServer] 
[WebServer] Write your Convex functions in convex/
[WebServer] Give us feedback at https://convex.dev/community or support@convex.dev
[WebServer] View the Convex dashboard at http://127.0.0.1:6790/
[WebServer] 
[WebServer] ▌ Developing against deployment:
[WebServer] ▌  Local  Port 3210 • No Convex account (run npx convex login to link to a project)
[WebServer] ▌ └─ http://127.0.0.1:3210
[WebServer] - Preparing Convex functions...
[WebServer] 
[WebServer] Convex AI files are not installed. Run npx convex ai-files install to get started or npx convex ai-files disable to hide this message.
[WebServer] ✔ 16:28:55 Convex functions ready! (2.24s)
[WebServer] ✔ Successfully set 2 environment variables from stdin (2 updated, 1 unchanged) (on anonymous deployment anonymous-agent)
[WebServer] Warning: Route file "/home/coder/dev/ns-worktrees/ticket-65/src/routes/routes.test.tsx" does not export a Route. This file will not be included in the route tree.
[WebServer] 
[WebServer] If this file is not intended to be a route, you can exclude it using one of these options:
[WebServer]   1. Rename the file to "/home/coder/dev/ns-worktrees/ticket-65/src/routes/-routes.test.tsx" (prefix with "-")
[WebServer]   2. Use 'routeFileIgnorePattern' in your config to match this file
[WebServer] 
[WebServer] Current configuration:
[WebServer]   routeFileIgnorePrefix: "-"
[WebServer]   routeFileIgnorePattern: undefined
[WebServer] 
[WebServer]   VITE v8.3.2  ready in 395 ms
[WebServer] 
[WebServer]   ➜  Local:   http://localhost:5173/
[WebServer]   ➜  Network: use --host to expose

Running 23 tests using 2 workers

  ✓   2 [chromium] › e2e/landing.spec.ts:155:1 › one click puts the link in hand and lands the GM on their Group (1.3s)
  ✓   3 [chromium] › e2e/landing.spec.ts:170:1 › saving to a new Account keeps the Share Link, and logging in finds the Group (2.7s)
  ✓   1 [chromium] › e2e/my-groups.spec.ts:42:1 › an Account sees every Group it plays in and the Sessions across them on /me (5.1s)
  ✓   5 [chromium] › e2e/my-groups.spec.ts:146:1 › /me sends anyone but an Account away without showing them the page (1.0s)
  ✓   4 [chromium] › e2e/landing.spec.ts:186:1 › saving into an Account that has older Groups keeps showing the new Group (3.7s)
[WebServer] 4:29:06 PM [vite] (client) [console.error] [CONVEX M(account:finishSave)] Server Error
  ✓   6 [chromium] › e2e/landing.spec.ts:207:3 › a Save whose move fails after the sign-in › goes through on retry from the landing (2.7s)
[WebServer] 4:29:10 PM [vite] (client) [console.error] [CONVEX M(account:finishSave)] Server Error
  ✓   7 [chromium] › e2e/landing.spec.ts:225:3 › a Save whose move fails after the sign-in › goes through on retry from the Group header (2.1s)
[WebServer] 4:29:12 PM [vite] (client) [console.error] [CONVEX M(account:finishSave)] Server Error
  ✓   8 [chromium] › e2e/landing.spec.ts:242:3 › a Save whose move fails after the sign-in › still goes through when the GM closes the retry from the Group header (2.1s)
[WebServer] 4:29:14 PM [vite] (client) [console.error] [CONVEX M(account:finishSave)] Server Error
  ✓   9 [chromium] › e2e/landing.spec.ts:274:3 › a Group page that opens on a pending Save, as after Google's redirect › moves the Group, says Saved once, and stays on it (2.2s)
[WebServer] 4:29:16 PM [vite] (client) [console.error] [CONVEX M(account:finishSave)] Server Error
[WebServer] 4:29:16 PM [vite] (client) [console.error] [CONVEX M(account:finishSave)] Server Error
  ✓  10 [chromium] › e2e/landing.spec.ts:285:3 › a Group page that opens on a pending Save, as after Google's redirect › offers to finish when the move fails again (2.6s)
[WebServer] 4:29:18 PM [vite] (client) [console.error] [CONVEX M(account:finishSave)] 
  ✓  11 [chromium] › e2e/landing.spec.ts:299:3 › a Save that expires › starts the landing over once its sheet is closed (1.8s)
[WebServer] 4:29:20 PM [vite] (client) [console.error] [CONVEX M(account:finishSave)] Server Error
[WebServer] 4:29:20 PM [vite] (client) [console.error] [CONVEX M(account:finishSave)] 
  ✓  12 [chromium] › e2e/landing.spec.ts:315:3 › a Save that expires › starts the landing over when it expires after the GM dismissed the retry (1.7s)
[WebServer] 4:29:22 PM [vite] (client) [console.error] [CONVEX M(account:finishSave)] Server Error
  ✓  13 [chromium] › e2e/landing.spec.ts:332:1 › a retry dismissed, reopened, then finished in the background keeps the Save (1.7s)
  ✓  14 [chromium] › e2e/landing.spec.ts:355:1 › pressing Escape again and again mid-Save keeps the sheet up until it is done (1.8s)
  ✓  15 [chromium] › e2e/landing.spec.ts:377:1 › logging in to an Account without Groups lands on My groups (1.6s)
[WebServer] 4:29:28 PM [vite] (client) [console.error] [CONVEX A(auth:signIn)] [Request ID: c7268914f9a6d46a] Server Error
[WebServer] Uncaught ConvexError: {"code":"INVALID_CREDENTIALS"}
[WebServer]     at fail (../../convex/model/errors.ts:27:0)
[WebServer]     at refuseSignIn (../../convex/auth.ts:95:0)
[WebServer]     at authorize [as authorize] (../../convex/auth.ts:69:4)
[WebServer]     at async handleCredentials (../../node_modules/@convex-dev/auth/src/server/implementation/signIn.ts:191:6)
[WebServer]     at async handler (../../node_modules/@convex-dev/auth/src/server/implementation/index.ts:416:26)
[WebServer] 
  ✓  16 [chromium] › e2e/landing.spec.ts:392:1 › a wrong password says so and keeps the sheet open (2.5s)
  ✓  17 [chromium] › e2e/landing.spec.ts:408:3 › on a dark OS › a cold load paints a dark canvas (416ms)
  ✓  18 [chromium] › e2e/landing.spec.ts:415:3 › on a dark OS › an open sheet dims the page behind it (452ms)
  ✓  19 [chromium] › e2e/landing.spec.ts:420:1 › an open sheet dims the page behind it in light mode (444ms)
  -  20 [chromium] › e2e/landing.spec.ts:431:7 › screenshots › 390px light
  -  21 [chromium] › e2e/landing.spec.ts:431:7 › screenshots › 390px dark
  -  22 [chromium] › e2e/landing.spec.ts:431:7 › screenshots › 1440px light
  -  23 [chromium] › e2e/landing.spec.ts:431:7 › screenshots › 1440px dark

  4 skipped
  19 passed (37.4s)
