
 RUN  v5.0.3 /home/coder/dev/ns-worktrees/ticket-58

Not implemented: Window's scrollTo() method
Not implemented: Window's scrollTo() method
Not implemented: Window's scrollTo() method
Not implemented: Window's scrollTo() method
Not implemented: Window's scrollTo() method
Not implemented: Window's scrollTo() method
Not implemented: Window's scrollTo() method
Not implemented: Window's scrollTo() method
Not implemented: Window's scrollTo() method
Not implemented: Window's scrollTo() method
Not implemented: Window's scrollTo() method
Not implemented: Window's scrollTo() method
Not implemented: Window's scrollTo() method
Not implemented: Window's scrollTo() method
Not implemented: Window's scrollTo() method
Not implemented: Window's scrollTo() method
Not implemented: Window's scrollTo() method
Not implemented: Window's scrollTo() method
Not implemented: Window's scrollTo() method
Not implemented: Window's scrollTo() method
Not implemented: Window's scrollTo() method
Not implemented: Window's scrollTo() method
Not implemented: Window's scrollTo() method
Not implemented: Window's scrollTo() method
Not implemented: Window's scrollTo() method
Not implemented: Window's scrollTo() method
 ❯ |ui| src/features/landing/LandingView.test.tsx (13 tests | 1 failed) 1421ms
   ❯ LandingView (13)
     × lets the Account it names log out, to sign in to another one 1007ms
Not implemented: Window's scrollTo() method
Not implemented: Window's scrollTo() method
 ❯ |ui| src/features/account/useSaveOnReturn.test.ts (6 tests | 6 failed) 2090ms
   ❯ useSaveOnReturn (6)
     × holds an Account back from Google until its pending Save moved the Groups 17ms
     × reports Saved once, until it is acknowledged 55ms
     × reports a failed Save when the claim expired on the way, keeping only a live claim 1009ms
     × reports a failed Save when the move was refused, keeping only a live claim 1003ms
     × leaves an Anonymous GM's pending Save alone, as Google never signed it in 2ms
     × holds nothing without a pending Save 2ms
Not implemented: Window's scrollTo() method
Not implemented: Window's scrollTo() method
Not implemented: Window's scrollTo() method
Not implemented: Window's scrollTo() method
Not implemented: Window's scrollTo() method
Not implemented: Window's scrollTo() method
Not implemented: Window's scrollTo() method
Not implemented: Window's scrollTo() method
Not implemented: Window's scrollTo() method
Not implemented: Window's scrollTo() method
Not implemented: Window's scrollTo() method
Not implemented: Window's scrollTo() method
Not implemented: Window's scrollTo() method
Not implemented: Window's scrollTo() method
 ❯ |ui| src/features/account/AccountSheet.test.tsx (28 tests | 3 failed) 4468ms
   ❯ AccountSheet with an Account that holds too many Groups (1)
     × says to make room before saving 122ms
   ❯ AccountSheet reopened by a Save that failed on the way back from Google (2)
     × opens on the reason the move failed, with Finish saving to retry 1004ms
     × opens on an expired Save, offering only to close 1003ms

⎯⎯⎯⎯⎯⎯ Failed Tests 10 ⎯⎯⎯⎯⎯⎯⎯

 FAIL  |ui| src/features/account/AccountSheet.test.tsx > AccountSheet with an Account that holds too many Groups > says to make room before saving
AssertionError: expected 'You have 50 groups. Delete one to mak…' to be 'An account holds up to 50 groups. Del…' // Object.is equality

Expected: "An account holds up to 50 groups. Delete some to make room, then finish saving."
Received: "You have 50 groups. Delete one to make room, then save."

 ❯ src/features/account/AccountSheet.test.tsx:318:31
    316|     await userEvent.click(screen.getByRole("button", { name: "Save gro…
    317|
    318|     expect(await alertText()).toBe(roomForGroups);
       |                               ^
    319|   });
    320| });

⎯⎯⎯⎯⎯⎯⎯⎯⎯⎯⎯⎯⎯⎯⎯⎯⎯⎯⎯⎯⎯⎯⎯[1/10]⎯

 FAIL  |ui| src/features/account/AccountSheet.test.tsx > AccountSheet reopened by a Save that failed on the way back from Google > opens on the reason the move failed, with Finish saving to retry
TestingLibraryElementError: Unable to find role="alert"

Ignored nodes: comments, script, style
[36m<body>[39m
  [36m<div>[39m
    [36m<dialog[39m
      [33maria-labelledby[39m=[32m"_r_1b_"[39m
      [33mclass[39m=[32m"animate-fade fixed inset-0 m-0 hidden h-dvh max-h-none w-full max-w-none items-end justify-center overflow-hidden overscroll-contain bg-transparent p-0 backdrop:bg-black/40 dark:backdrop:bg-black/70 open:flex sm:items-center"[39m
      [33mopen[39m=[32m""[39m
    [36m>[39m
      [36m<div[39m
        [33mclass[39m=[32m"animate-rise relative max-h-dvh w-full overflow-y-auto overscroll-contain rounded-t-xl border border-line bg-surface p-6 text-ink shadow-card sm:max-w-md sm:rounded-xl"[39m
      [36m>[39m
        [36m<h2[39m
          [33mclass[39m=[32m"min-w-0 pr-10 font-display text-2xl font-bold break-words"[39m
          [33mid[39m=[32m"_r_1b_"[39m
        [36m>[39m
          [0mKeep your group[0m
        [36m</h2>[39m
        [36m<div[39m
          [33mclass[39m=[32m"mt-4"[39m
        [36m>[39m
          [36m<form[39m
            [33mclass[39m=[32m"flex flex-col gap-4"[39m
          [36m>[39m
            [36m<p[39m
              [33mclass[39m=[32m"min-w-0 break-words text-ink-2"[39m
            [36m>[39m
              [0mSigned in as [0m
              [36m<span[39m
                [33mclass[39m=[32m"font-semibold break-all text-ink"[39m
              [36m>[39m
                [0mgm@example.test[0m
              [36m</span>[39m
              [0m. Finish moving [0m
              [0myour group[0m
              [0m to your account.[0m
            [36m</p>[39m
            [36m<button[39m
              [33mclass[39m=[32m"inline-flex shrink-0 items-center justify-center font-semibold transition-[background-color,color,transform,border-color,filter] duration-150 ease-(--ease-snap) active:scale-[0.98] disabled:pointer-events-none disabled:opacity-50 bg-accent text-accent-ink shadow-card hover:brightness-105 h-14 px-6 text-base gap-2.5 rounded-lg w-full"[39m
              [33mtype[39m=[32m"submit"[39m
            [36m>[39m
              [0mFinish saving[0m
            [36m</button>[39m
          [36m</form>[39m
        [36m</div>[39m
        [36m<button[39m
          [33maria-label[39m=[32m"Close"[39m
          [33mclass[39m=[32m"absolute top-4 right-3 inline-flex size-11 items-center justify-center rounded-full text-ink-2 transition-colors duration-150 hover:bg-surface-2 hover:text-ink focus-visible:ring-2 focus-visible:ring-accent-strong focus-visible:outline-none aria-disabled:cursor-default aria-disabled:opacity-40 aria-disabled:hover:bg-transparent aria-disabled:hover:text-ink-2"[39m
          [33mtype[39m=[32m"button"[39m
        [36m>[39m
          [36m<svg[39m
            [33maria-hidden[39m=[32m"true"[39m
            [33mclass[39m=[32m"size-4 size-5"[39m
            [33mfill[39m=[32m"none"[39m
            [33mstroke[39m=[32m"currentColor"[39m
            [33mstroke-linecap[39m=[32m"round"[39m
            [33mstroke-width[39m=[32m"2"[39m
            [33mviewBox[39m=[32m"0 0 20 20"[39m
          [36m>[39m
            [36m<path[39m
              [33md[39m=[32m"M5 5l10 10M15 5L5 15"[39m
            [36m/>[39m
          [36m</svg>[39m
        [36m</button>[39m
      [36m</div>[39m
    [36m</dialog>[39m
  [36m</div>[39m
[36m</body>[39m

Ignored nodes: comments, script, style
[36m<body>[39m
  [36m<div>[39m
    [36m<dialog[39m
      [33maria-labelledby[39m=[32m"_r_1b_"[39m
      [33mclass[39m=[32m"animate-fade fixed inset-0 m-0 hidden h-dvh max-h-none w-full max-w-none items-end justify-center overflow-hidden overscroll-contain bg-transparent p-0 backdrop:bg-black/40 dark:backdrop:bg-black/70 open:flex sm:items-center"[39m
      [33mopen[39m=[32m""[39m
    [36m>[39m
      [36m<div[39m
        [33mclass[39m=[32m"animate-rise relative max-h-dvh w-full overflow-y-auto overscroll-contain rounded-t-xl border border-line bg-surface p-6 text-ink shadow-card sm:max-w-md sm:rounded-xl"[39m
      [36m>[39m
        [36m<h2[39m
          [33mclass[39m=[32m"min-w-0 pr-10 font-display text-2xl font-bold break-words"[39m
          [33mid[39m=[32m"_r_1b_"[39m
        [36m>[39m
          [0mKeep your group[0m
        [36m</h2>[39m
        [36m<div[39m
          [33mclass[39m=[32m"mt-4"[39m
        [36m>[39m
          [36m<form[39m
            [33mclass[39m=[32m"flex flex-col gap-4"[39m
          [36m>[39m
            [36m<p[39m
              [33mclass[39m=[32m"min-w-0 break-words text-ink-2"[39m
            [36m>[39m
              [0mSigned in as [0m
              [36m<span[39m
                [33mclass[39m=[32m"font-semibold break-all text-ink"[39m
              [36m>[39m
                [0mgm@example.test[0m
              [36m</span>[39m
              [0m. Finish moving [0m
              [0myour group[0m
              [0m to your account.[0m
            [36m</p>[39m
            [36m<button[39m
              [33mclass[39m=[32m"inline-flex shrink-0 items-center justify-center font-semibold transition-[background-color,color,transform,border-color,filter] duration-150 ease-(--ease-snap) active:scale-[0.98] disabled:pointer-events-none disabled:opacity-50 bg-accent text-accent-ink shadow-card hover:brightness-105 h-14 px-6 text-base gap-2.5 rounded-lg w-full"[39m
              [33mtype[39m=[32m"submit"[39m
            [36m>[39m
              [0mFinish saving[0m
            [36m</button>[39m
          [36m</form>[39m
        [36m</div>[39m
        [36m<button[39m
          [33maria-label[39m=[32m"Close"[39m
          [33mclass[39m=[32m"absolute top-4 right-3 inline-flex size-11 items-center justify-center rounded-full text-ink-2 transition-colors duration-150 hover:bg-surface-2 hover:text-ink focus-visible:ring-2 focus-visible:ring-accent-strong focus-visible:outline-none aria-disabled:cursor-default aria-disabled:opacity-40 aria-disabled:hover:bg-transparent aria-disabled:hover:text-ink-2"[39m
          [33mtype[39m=[32m"button"[39m
        [36m>[39m
          [36m<svg[39m
            [33maria-hidden[39m=[32m"true"[39m
            [33mclass[39m=[32m"size-4 size-5"[39m
            [33mfill[39m=[32m"none"[39m
            [33mstroke[39m=[32m"currentColor"[39m
            [33mstroke-linecap[39m=[32m"round"[39m
            [33mstroke-width[39m=[32m"2"[39m
            [33mviewBox[39m=[32m"0 0 20 20"[39m
          [36m>[39m
            [36m<path[39m
              [33md[39m=[32m"M5 5l10 10M15 5L5 15"[39m
            [36m/>[39m
          [36m</svg>[39m
        [36m</button>[39m
      [36m</div>[39m
    [36m</dialog>[39m
  [36m</div>[39m
[36m</body>[39m
 ❯ waitForWrapper node_modules/@testing-library/dom/dist/wait-for.js:163:27
 ❯ node_modules/@testing-library/dom/dist/query-helpers.js:86:33
 ❯ alertText src/features/account/AccountSheet.test.tsx:60:24
     58|
     59| async function alertText() {
     60|   return (await screen.findByRole("alert")).textContent;
       |                        ^
     61| }
     62|
 ❯ src/features/account/AccountSheet.test.tsx:339:18

⎯⎯⎯⎯⎯⎯⎯⎯⎯⎯⎯⎯⎯⎯⎯⎯⎯⎯⎯⎯⎯⎯⎯[2/10]⎯

 FAIL  |ui| src/features/account/AccountSheet.test.tsx > AccountSheet reopened by a Save that failed on the way back from Google > opens on an expired Save, offering only to close
TestingLibraryElementError: Unable to find role="alert"

Ignored nodes: comments, script, style
[36m<body>[39m
  [36m<div>[39m
    [36m<dialog[39m
      [33maria-labelledby[39m=[32m"_r_1c_"[39m
      [33mclass[39m=[32m"animate-fade fixed inset-0 m-0 hidden h-dvh max-h-none w-full max-w-none items-end justify-center overflow-hidden overscroll-contain bg-transparent p-0 backdrop:bg-black/40 dark:backdrop:bg-black/70 open:flex sm:items-center"[39m
      [33mopen[39m=[32m""[39m
    [36m>[39m
      [36m<div[39m
        [33mclass[39m=[32m"animate-rise relative max-h-dvh w-full overflow-y-auto overscroll-contain rounded-t-xl border border-line bg-surface p-6 text-ink shadow-card sm:max-w-md sm:rounded-xl"[39m
      [36m>[39m
        [36m<h2[39m
          [33mclass[39m=[32m"min-w-0 pr-10 font-display text-2xl font-bold break-words"[39m
          [33mid[39m=[32m"_r_1c_"[39m
        [36m>[39m
          [0mKeep your group[0m
        [36m</h2>[39m
        [36m<div[39m
          [33mclass[39m=[32m"mt-4"[39m
        [36m>[39m
          [36m<form[39m
            [33mclass[39m=[32m"flex flex-col gap-4"[39m
          [36m>[39m
            [36m<p[39m
              [33mclass[39m=[32m"min-w-0 break-words text-ink-2"[39m
            [36m>[39m
              [0mSigned in as [0m
              [36m<span[39m
                [33mclass[39m=[32m"font-semibold break-all text-ink"[39m
              [36m>[39m
                [0mgm@example.test[0m
              [36m</span>[39m
              [0m. Finish moving [0m
              [0myour group[0m
              [0m to your account.[0m
            [36m</p>[39m
            [36m<button[39m
              [33mclass[39m=[32m"inline-flex shrink-0 items-center justify-center font-semibold transition-[background-color,color,transform,border-color,filter] duration-150 ease-(--ease-snap) active:scale-[0.98] disabled:pointer-events-none disabled:opacity-50 bg-accent text-accent-ink shadow-card hover:brightness-105 h-14 px-6 text-base gap-2.5 rounded-lg w-full"[39m
              [33mtype[39m=[32m"submit"[39m
            [36m>[39m
              [0mFinish saving[0m
            [36m</button>[39m
          [36m</form>[39m
        [36m</div>[39m
        [36m<button[39m
          [33maria-label[39m=[32m"Close"[39m
          [33mclass[39m=[32m"absolute top-4 right-3 inline-flex size-11 items-center justify-center rounded-full text-ink-2 transition-colors duration-150 hover:bg-surface-2 hover:text-ink focus-visible:ring-2 focus-visible:ring-accent-strong focus-visible:outline-none aria-disabled:cursor-default aria-disabled:opacity-40 aria-disabled:hover:bg-transparent aria-disabled:hover:text-ink-2"[39m
          [33mtype[39m=[32m"button"[39m
        [36m>[39m
          [36m<svg[39m
            [33maria-hidden[39m=[32m"true"[39m
            [33mclass[39m=[32m"size-4 size-5"[39m
            [33mfill[39m=[32m"none"[39m
            [33mstroke[39m=[32m"currentColor"[39m
            [33mstroke-linecap[39m=[32m"round"[39m
            [33mstroke-width[39m=[32m"2"[39m
            [33mviewBox[39m=[32m"0 0 20 20"[39m
          [36m>[39m
            [36m<path[39m
              [33md[39m=[32m"M5 5l10 10M15 5L5 15"[39m
            [36m/>[39m
          [36m</svg>[39m
        [36m</button>[39m
      [36m</div>[39m
    [36m</dialog>[39m
  [36m</div>[39m
[36m</body>[39m

Ignored nodes: comments, script, style
[36m<body>[39m
  [36m<div>[39m
    [36m<dialog[39m
      [33maria-labelledby[39m=[32m"_r_1c_"[39m
      [33mclass[39m=[32m"animate-fade fixed inset-0 m-0 hidden h-dvh max-h-none w-full max-w-none items-end justify-center overflow-hidden overscroll-contain bg-transparent p-0 backdrop:bg-black/40 dark:backdrop:bg-black/70 open:flex sm:items-center"[39m
      [33mopen[39m=[32m""[39m
    [36m>[39m
      [36m<div[39m
        [33mclass[39m=[32m"animate-rise relative max-h-dvh w-full overflow-y-auto overscroll-contain rounded-t-xl border border-line bg-surface p-6 text-ink shadow-card sm:max-w-md sm:rounded-xl"[39m
      [36m>[39m
        [36m<h2[39m
          [33mclass[39m=[32m"min-w-0 pr-10 font-display text-2xl font-bold break-words"[39m
          [33mid[39m=[32m"_r_1c_"[39m
        [36m>[39m
          [0mKeep your group[0m
        [36m</h2>[39m
        [36m<div[39m
          [33mclass[39m=[32m"mt-4"[39m
        [36m>[39m
          [36m<form[39m
            [33mclass[39m=[32m"flex flex-col gap-4"[39m
          [36m>[39m
            [36m<p[39m
              [33mclass[39m=[32m"min-w-0 break-words text-ink-2"[39m
            [36m>[39m
              [0mSigned in as [0m
              [36m<span[39m
                [33mclass[39m=[32m"font-semibold break-all text-ink"[39m
              [36m>[39m
                [0mgm@example.test[0m
              [36m</span>[39m
              [0m. Finish moving [0m
              [0myour group[0m
              [0m to your account.[0m
            [36m</p>[39m
            [36m<button[39m
              [33mclass[39m=[32m"inline-flex shrink-0 items-center justify-center font-semibold transition-[background-color,color,transform,border-color,filter] duration-150 ease-(--ease-snap) active:scale-[0.98] disabled:pointer-events-none disabled:opacity-50 bg-accent text-accent-ink shadow-card hover:brightness-105 h-14 px-6 text-base gap-2.5 rounded-lg w-full"[39m
              [33mtype[39m=[32m"submit"[39m
            [36m>[39m
              [0mFinish saving[0m
            [36m</button>[39m
          [36m</form>[39m
        [36m</div>[39m
        [36m<button[39m
          [33maria-label[39m=[32m"Close"[39m
          [33mclass[39m=[32m"absolute top-4 right-3 inline-flex size-11 items-center justify-center rounded-full text-ink-2 transition-colors duration-150 hover:bg-surface-2 hover:text-ink focus-visible:ring-2 focus-visible:ring-accent-strong focus-visible:outline-none aria-disabled:cursor-default aria-disabled:opacity-40 aria-disabled:hover:bg-transparent aria-disabled:hover:text-ink-2"[39m
          [33mtype[39m=[32m"button"[39m
        [36m>[39m
          [36m<svg[39m
            [33maria-hidden[39m=[32m"true"[39m
            [33mclass[39m=[32m"size-4 size-5"[39m
            [33mfill[39m=[32m"none"[39m
            [33mstroke[39m=[32m"currentColor"[39m
            [33mstroke-linecap[39m=[32m"round"[39m
            [33mstroke-width[39m=[32m"2"[39m
            [33mviewBox[39m=[32m"0 0 20 20"[39m
          [36m>[39m
            [36m<path[39m
              [33md[39m=[32m"M5 5l10 10M15 5L5 15"[39m
            [36m/>[39m
          [36m</svg>[39m
        [36m</button>[39m
      [36m</div>[39m
    [36m</dialog>[39m
  [36m</div>[39m
[36m</body>[39m
 ❯ waitForWrapper node_modules/@testing-library/dom/dist/wait-for.js:163:27
 ❯ node_modules/@testing-library/dom/dist/query-helpers.js:86:33
 ❯ alertText src/features/account/AccountSheet.test.tsx:60:24
     58|
     59| async function alertText() {
     60|   return (await screen.findByRole("alert")).textContent;
       |                        ^
     61| }
     62|
 ❯ src/features/account/AccountSheet.test.tsx:346:18

⎯⎯⎯⎯⎯⎯⎯⎯⎯⎯⎯⎯⎯⎯⎯⎯⎯⎯⎯⎯⎯⎯⎯[3/10]⎯

 FAIL  |ui| src/features/account/useSaveOnReturn.test.ts > useSaveOnReturn > holds an Account back from Google until its pending Save moved the Groups
AssertionError: expected { resumingSave: false, …(3) } to match object { resumingSave: false, …(2) }
(2 matching properties omitted from actual)

- Expected
+ Received

  {
-   "refusalOnReturn": undefined,
    "resumingSave": false,
    "savedOnReturn": false,
  }

 ❯ src/features/account/useSaveOnReturn.test.ts:59:28
     57|   it("holds an Account back from Google until its pending Save moved t…
     58|     const { result, rerender, redeemed, settle } = renderOnReturn("loa…
     59|     expect(result.current).toMatchObject(idle);
       |                            ^
     60|
     61|     rerender({ status: "account" });

⎯⎯⎯⎯⎯⎯⎯⎯⎯⎯⎯⎯⎯⎯⎯⎯⎯⎯⎯⎯⎯⎯⎯[4/10]⎯

 FAIL  |ui| src/features/account/useSaveOnReturn.test.ts > useSaveOnReturn > reports Saved once, until it is acknowledged
AssertionError: expected { resumingSave: false, …(3) } to match object { resumingSave: false, …(2) }
(2 matching properties omitted from actual)

- Expected
+ Received

  {
-   "refusalOnReturn": undefined,
    "resumingSave": false,
    "savedOnReturn": false,
  }

 ❯ src/features/account/useSaveOnReturn.test.ts:76:28
     74|     act(() => result.current.acknowledgeReturn());
     75|
     76|     expect(result.current).toMatchObject(idle);
       |                            ^
     77|   });
     78|

⎯⎯⎯⎯⎯⎯⎯⎯⎯⎯⎯⎯⎯⎯⎯⎯⎯⎯⎯⎯⎯⎯⎯[5/10]⎯

 FAIL  |ui| src/features/account/useSaveOnReturn.test.ts > useSaveOnReturn > reports a failed Save when the claim expired on the way, keeping only a live claim
AssertionError: expected { resumingSave: false, …(3) } to match object { resumingSave: false, …(2) }
(2 matching properties omitted from actual)

Ignored nodes: comments, script, style
[36m<html>[39m
  [36m<head />[39m
  [36m<body>[39m
    [36m<div />[39m
  [36m</body>[39m
[36m</html>[39m

- Expected
+ Received

  {
-   "refusalOnReturn": ConvexError {
-     "message": "{\"code\":\"CLAIM_INVALID\"}",
-     "name": "ConvexError",
-     "data": {
-       "code": "CLAIM_INVALID",
-     },
-     Symbol(ConvexError): true,
-   },
    "resumingSave": false,
    "savedOnReturn": false,
  }

 ❯ src/features/account/useSaveOnReturn.test.ts:90:32
     88|
     89|       await waitFor(() =>
     90|         expect(result.current).toMatchObject({ ...idle, refusalOnRetur…
       |                                ^
     91|       );
     92|       expect(storage.getItem(PENDING_SAVE_KEY)).toBe(kept);
 ❯ runWithExpensiveErrorDiagnosticsDisabled node_modules/@testing-library/dom/dist/config.js:47:12
 ❯ checkCallback node_modules/@testing-library/dom/dist/wait-for.js:124:77
 ❯ Timeout.checkRealTimersCallback node_modules/@testing-library/dom/dist/wait-for.js:118:16

⎯⎯⎯⎯⎯⎯⎯⎯⎯⎯⎯⎯⎯⎯⎯⎯⎯⎯⎯⎯⎯⎯⎯[6/10]⎯

 FAIL  |ui| src/features/account/useSaveOnReturn.test.ts > useSaveOnReturn > reports a failed Save when the move was refused, keeping only a live claim
AssertionError: expected { resumingSave: false, …(3) } to match object { resumingSave: false, …(2) }
(2 matching properties omitted from actual)

Ignored nodes: comments, script, style
[36m<html>[39m
  [36m<head />[39m
  [36m<body>[39m
    [36m<div />[39m
  [36m</body>[39m
[36m</html>[39m

- Expected
+ Received

  {
-   "refusalOnReturn": ConvexError {
-     "message": "{\"code\":\"TOO_MANY_GROUPS\"}",
-     "name": "ConvexError",
-     "data": {
-       "code": "TOO_MANY_GROUPS",
-     },
-     Symbol(ConvexError): true,
-   },
    "resumingSave": false,
    "savedOnReturn": false,
  }

 ❯ src/features/account/useSaveOnReturn.test.ts:90:32
     88|
     89|       await waitFor(() =>
     90|         expect(result.current).toMatchObject({ ...idle, refusalOnRetur…
       |                                ^
     91|       );
     92|       expect(storage.getItem(PENDING_SAVE_KEY)).toBe(kept);
 ❯ runWithExpensiveErrorDiagnosticsDisabled node_modules/@testing-library/dom/dist/config.js:47:12
 ❯ checkCallback node_modules/@testing-library/dom/dist/wait-for.js:124:77
 ❯ Timeout.checkRealTimersCallback node_modules/@testing-library/dom/dist/wait-for.js:118:16

⎯⎯⎯⎯⎯⎯⎯⎯⎯⎯⎯⎯⎯⎯⎯⎯⎯⎯⎯⎯⎯⎯⎯[7/10]⎯

 FAIL  |ui| src/features/account/useSaveOnReturn.test.ts > useSaveOnReturn > leaves an Anonymous GM's pending Save alone, as Google never signed it in
AssertionError: expected { resumingSave: false, …(3) } to match object { resumingSave: false, …(2) }
(2 matching properties omitted from actual)

- Expected
+ Received

  {
-   "refusalOnReturn": undefined,
    "resumingSave": false,
    "savedOnReturn": false,
  }

 ❯ src/features/account/useSaveOnReturn.test.ts:103:28
    101|     rerender({ status: "account" });
    102|
    103|     expect(result.current).toMatchObject(idle);
       |                            ^
    104|     expect(redeemed).toEqual([]);
    105|     expect(storage.getItem(PENDING_SAVE_KEY)).toBe("claim-code");

⎯⎯⎯⎯⎯⎯⎯⎯⎯⎯⎯⎯⎯⎯⎯⎯⎯⎯⎯⎯⎯⎯⎯[8/10]⎯

 FAIL  |ui| src/features/account/useSaveOnReturn.test.ts > useSaveOnReturn > holds nothing without a pending Save
AssertionError: expected { resumingSave: false, …(3) } to match object { resumingSave: false, …(2) }
(2 matching properties omitted from actual)

- Expected
+ Received

  {
-   "refusalOnReturn": undefined,
    "resumingSave": false,
    "savedOnReturn": false,
  }

 ❯ src/features/account/useSaveOnReturn.test.ts:111:28
    109|     const { result, redeemed } = renderOnReturn("account", { pending: …
    110|
    111|     expect(result.current).toMatchObject(idle);
       |                            ^
    112|     expect(redeemed).toEqual([]);
    113|   });

⎯⎯⎯⎯⎯⎯⎯⎯⎯⎯⎯⎯⎯⎯⎯⎯⎯⎯⎯⎯⎯⎯⎯[9/10]⎯

 FAIL  |ui| src/features/landing/LandingView.test.tsx > LandingView > lets the Account it names log out, to sign in to another one
TestingLibraryElementError: Unable to find role="button" and name "Log out"

Ignored nodes: comments, script, style
[36m<body>[39m
  [36m<div>[39m
    [36m<div[39m
      [33mclass[39m=[32m"flex min-h-dvh flex-col"[39m
    [36m>[39m
      [36m<header[39m
        [33mclass[39m=[32m"mx-auto w-full max-w-5xl px-4 sm:px-6 flex items-center justify-between py-5"[39m
      [36m>[39m
        [36m<a[39m
          [33maria-current[39m=[32m"page"[39m
          [33maria-label[39m=[32m"Next Session home"[39m
          [33mclass[39m=[32m"inline-flex items-center gap-2.5 text-ink active"[39m
          [33mdata-status[39m=[32m"active"[39m
          [33mhref[39m=[32m"/"[39m
        [36m>[39m
          [36m<svg[39m
            [33maria-hidden[39m=[32m"true"[39m
            [33mclass[39m=[32m"size-8 size-7"[39m
            [33mviewBox[39m=[32m"0 0 32 32"[39m
          [36m>[39m
            [36m<rect[39m
              [33mclass[39m=[32m"fill-accent"[39m
              [33mheight[39m=[32m"28"[39m
              [33mrx[39m=[32m"9"[39m
              [33mwidth[39m=[32m"28"[39m
              [33mx[39m=[32m"2"[39m
              [33my[39m=[32m"2"[39m
            [36m/>[39m
            [36m<path[39m
              [33mclass[39m=[32m"fill-accent-strong"[39m
              [33md[39m=[32m"M11 2h10a9 9 0 0 1 9 9H2a9 9 0 0 1 9-9z"[39m
            [36m/>[39m
            [36m<circle[39m
              [33mclass[39m=[32m"fill-accent-ink"[39m
              [33mcx[39m=[32m"16"[39m
              [33mcy[39m=[32m"20"[39m
              [33mr[39m=[32m"5"[39m
            [36m/>[39m
          [36m</svg>[39m
          [36m<span[39m
            [33mclass[39m=[32m"font-display font-bold text-lg"[39m
          [36m>[39m
            [0mNext Session[0m
          [36m</span>[39m
        [36m</a>[39m
      [36m</header>[39m
      [36m<main[39m
        [33mclass[39m=[32m"mx-auto w-full max-w-5xl px-4 sm:px-6 flex flex-1 flex-col justify-center gap-10 pt-6 pb-16 lg:flex-row lg:items-center lg:gap-16"[39m
      [36m>[39m
        [36m<section[39m
          [33mclass[39m=[32m"flex max-w-xl flex-col gap-6"[39m
        [36m>[39m
          [36m<h1[39m
            [33mclass[39m=[32m"font-display text-5xl leading-[0.98] font-extrabold tracking-tight text-ink sm:text-6xl lg:text-7xl"[39m
          [36m>[39m
            [0mStop chasing [0m
            [36m<br />[39m
            [0mthe date.[0m
          [36m</h1>[39m
          [36m<p[39m
            [33mclass[39m=[32m"max-w-md text-lg text-ink-2"[39m
          [36m>[39m
            [0mOne link for your group. Players tap the nights they can play, no accounts. The free nights fall out by themselves.[0m
          [36m</p>[39m
          [36m<div[39m
            [33mclass[39m=[32m"flex flex-col gap-3"[39m
          [36m>[39m
            [36m<p[39m
              [33mclass[39m=[32m"max-w-sm text-sm text-ink-2 outline-none"[39m
              [33mrole[39m=[32m"status"[39m
              [33mtabindex[39m=[32m"-1"[39m
            [36m>[39m
              [0mSigned in as [0m
              [36m<span[39m
                [33mclass[39m=[32m"font-semibold break-all text-ink"[39m
              [36m>[39m
                [0mgm@example.test[0m
              [36m</span>[39m
              [0m. No groups here yet, so create your first link.[0m
            [36m</p>[39m
            [36m<button[39m
              [33mclass[39m=[32m"inline-flex shrink-0 items-center justify-center font-semibold transition-[background-color,color,transform,border-color,filter] duration-150 ease-(--ease-snap) active:scale-[0.98] disabled:pointer-events-none disabled:opacity-50 bg-accent text-accent-ink shadow-card hover:brightness-105 h-14 px-6 text-base gap-2.5 rounded-lg w-full text-lg sm:w-auto sm:max-w-sm sm:min-w-64"[39m
              [33mtype[39m=[32m"button"[39m
            [36m>[39m
              [0mCreate your link[0m
            [36m</button>[39m
            [36m<p[39m
              [33mclass[39m=[32m"max-w-sm text-xs text-ink-3"[39m
            [36m>[39m
              [0mNo sign-up. By creating a link you agree to the[0m
              [0m [0m
              [36m<a[39m
                [33mclass[39m=[32m"underline underline-offset-2 hover:text-ink"[39m
                [33mhref[39m=[32m"/terms"[39m
              [36m>[39m
                [0mTerms[0m
              [36m</a>[39m
              [0m [0m
              [0mand[0m
              [0m [0m
              [36m<a[39m
                [33mclass[39m=[32m"underline underline-offset-2 hover:text-ink"[39m
                [33mhref[39m=[32m"/privacy"[39m
              [36m>[39m
                [0mPrivacy Policy[0m
              [36m</a>[39m
              [0m.[0m
            [36m</p>[39m
          [36m</div>[39m
          [36m<ol[39m
            [33mclass[39m=[32m"mt-2 flex flex-col gap-2 text-sm text-ink-2 sm:flex-row sm:gap-6"[39m
          [36m>[39m
            [36m<li[39m
              [33mclass[39m=[32m"flex items-center gap-2"[39m
            [36m>[39m
              [36m<span[39m
                [33mclass[39m=[32m"inline-flex size-6 shrink-0 items-center justify-center rounded-full bg-surface-2 font-mono text-[11px] font-semibold text-ink"[39m
              [36m>[39m
                [0m1[0m
              [36m</span>[39m
              [0mCreate your link[0m
            [36m</li>[39m
            [36m<li[39m
              [33mclass[39m=[32m"flex items-center gap-2"[39m
            [36m>[39m
              [36m<span[39m
                [33mclass[39m=[32m"inline-flex size-6 shrink-0 items-center justify-center rounded-full bg-surface-2 font-mono text-[11px] font-semibold text-ink"[39m
              [36m>[39m
                [0m2[0m
              [36m</span>[39m
              [0mSend it to the group[0m
            [36m</li>[39m
            [36m<li[39m
              [33mclass[39m=[32m"flex items-center gap-2"[39m
            [36m>[39m
              [36m<span[39m
                [33mclass[39m=[32m"inline-flex size-6 shrink-0 items-center justify-center rounded-full bg-surface-2 font-mono text-[11px] font-semibold text-ink"[39m
              [36m>[39m
                [0m3[0m
              [36m</span>[39m
              [0mPick the best night[0m
            [36m</li>[39m
          [36m</ol>[39m
        [36m</section>[39m
        [36m<aside[39m
          [33mclass[39m=[32m"w-full max-w-md self-center lg:ml-auto"[39m
        [36m>[39m
          [36m<div[39m
            [33maria-hidden[39m=[32m"true"[39m
            [33mclass[39m=[32m"rounded-xl border border-line bg-surface p-4 shadow-card"[39m
          [36m>[39m
            [36m<div[39m
              [33mclass[39m=[32m"mb-3 flex items-center justify-between"[39m
            [36m>[39m
              [36m<span[39m
                [33mclass[39m=[32m"font-display text-base font-bold"[39m
              [36m>[39m
                [0mThursday Crew[0m
              [36m</span>[39m
              [36m<span[39m
                [33mclass[39m=[32m"rounded-full bg-free-soft px-2 py-0.5 text-xs font-semibold text-free"[39m
              [36m>[39m
                [0mThu is perfect[0m
              [36m</span>[39m
            [36m</div>[39m
            [36m<div[39m
              [33mclass[39m=[32m"grid grid-cols-7 gap-1.5"[39m
            [36m>[39m
              [36m<div[39m
                [33mclass[39m=[32m"flex flex-col items-center gap-1 rounded-md border p-1.5 border-line bg-surface"[39m
              [36m>[39m
                [36m<span[39m
                  [33mclass[39m=[32m"text-[10px] font-semibold text-ink-3"[39m
                [36m>[39m
                  [0mMo[0m
                [36m</span>[39m
                [36m<div[39m
                  [33mclass[39m=[32m"flex gap-0.5"[39m
                [36m>[39m
                  [36m<span[39m
                    [33mclass[39m=[32m"h-3 w-1 rounded-full bg-free"[39m
                  [36m/>[39m
                  [36m<span[39m
                    [33mclass[39m=[32m"h-3 w-1 rounded-full bg-free"[39m
                  [36m/>[39m
                  [36m<span[39m
                    [33mclass[39m=[32m"h-3 w-1 rounded-full bg-busy"[39m
                  [36m/>[39m
                  [36m<span[39m
                    [33mclass[39m=[32m"h-3 w-1 rounded-full bg-maybe"[39m
                  [36m/>[39m
                  [36m<span[39m
                    [33mclass[39m=[32m"h-3 w-1 rounded-full bg-free"[39m
                  [36m/>[39m
                [36m</div>[39m
              [36m</div>[39m
              [36m<div[39m
                [33mclass[39m=[32m"flex flex-col items-center gap-1 rounded-md border p-1.5 border-line bg-surface"[39m
              [36m>[39m
                [36m<span[39m
                  [33mclass[39m=[32m"text-[10px] font-semibold text-ink-3"[39m
                [36m>[39m
                  [0mTu[0m
                [36m</span>[39m
                [36m<div[39m
                  [33mclass[39m=[32m"flex gap-0.5"[39m
                [36m>[39m
                  [36m<span[39m
                    [33mclass[39m=[32m"h-3 w-1 rounded-full bg-free"[39m
                  [36m/>[39m
                  [36m<span[39m
                    [33mclass[39m=[32m"h-3 w-1 rounded-full bg-maybe"[39m
                  [36m/>[39m
                  [36m<span[39m
                    [33mclass[39m=[32m"h-3 w-1 rounded-full bg-free"[39m
                  [36m/>[39m
                  [36m<span[39m
                    [33mclass[39m=[32m"h-3 w-1 rounded-full bg-free"[39m
                  [36m/>[39m
                  [36m<span[39m
                    [33mclass[39m=[32m"h-3 w-1 rounded-full bg-busy"[39m
                  [36m/>[39m
                [36m</div>[39m
              [36m</div>[39m
              [36m<div[39m
                [33mclass[39m=[32m"flex flex-col items-center gap-1 rounded-md border p-1.5 border-line bg-surface"[39m
              [36m>[39m
                [36m<span[39m
                  [33mclass[39m=[32m"text-[10px] font-semibold text-ink-3"[39m
                [36m>[39m
                  [0mWe[0m
                [36m</span>[39m
                [36m<div[39m
                  [33mclass[39m=[32m"flex gap-0.5"[39m
                [36m>[39m
                  [36m<span[39m
                    [33mclass[39m=[32m"h-3 w-1 rounded-full bg-busy"[39m
                  [36m/>[39m
                  [36m<span[39m
                    [33mclass[39m=[32m"h-3 w-1 rounded-full bg-busy"[39m
                  [36m/>[39m
                  [36m<span[39m
                    [33mclass[39m=[32m"h-3 w-1 rounded-full bg-maybe"[39m
                  [36m/>[39m
                  [36m<span[39m
                    [33mclass[39m=[32m"h-3 w-1 rounded-full bg-free"[39m
                  [36m/>[39m
                  [36m<span[39m
                    [33mclass[39m=[32m"h-3 w-1 rounded-full bg-free"[39m
                  [36m/>[39m
                [36m</div>[39m
              [36m</div>[39m
              [36m<div[39m
                [33mclass[39m=[32m"flex flex-col items-center gap-1 rounded-md border p-1.5 border-free bg-free-soft"[39m
              [36m>[39m
                [36m<span[39m
                  [33mclass[39m=[32m"text-[10px] font-semibold text-ink-3"[39m
                [36m>[39m
                  [0mTh[0m
                [36m</span>[39m
                [36m<div[39m
                  [33mclass[39m=[32m"flex gap-0.5"[39m
                [36m>[39m
                  [36m<span[39m
                    [33mclass[39m=[32m"h-3 w-1 rounded-full bg-free"[39m
                  [36m/>[39m
                  [36m<span[39m
                    [33mclass[39m=[32m"h-3 w-1 rounded-full bg-free"[39m
                  [36m/>[39m
                  [36m<span[39m
                    [33mclass[39m=[32m"h-3 w-1 rounded-full bg-free"[39m
                  [36m/>[39m
                  [36m<span[39m
                    [33mclass[39m=[32m"h-3 w-1 rounded-full bg-free"[39m
                  [36m/>[39m
                  [36m<span[39m
                    [33mclass[39m=[32m"h-3 w-1 rounded-full bg-free"[39m
                  [36m/>[39m
                [36m</div>[39m
              [36m</div>[39m
              [36m<div[39m
                [33mclass[39m=[32m"flex flex-col items-center gap-1 rounded-md border p-1.5 border-line bg-surface"[39m
              [36m>[39m
                [36m<span[39m
                  [33mclass[39m=[32m"text-[10px] font-semibold text-ink-3"[39m
                [36m>[39m
                  [0mFr[0m
                [36m</span>[39m
                [36m<div[39m
                  [33mclass[39m=[32m"flex gap-0.5"[39m
                [36m>[39m
                  [36m<span[39m
                    [33mclass[39m=[32m"h-3 w-1 rounded-full bg-maybe"[39m
                  [36m/>[39m
                  [36m<span[39m
                    [33mclass[39m=[32m"h-3 w-1 rounded-full bg-free"[39m
                  [36m/>[39m
                  [36m<span[39m
                    [33mclass[39m=[32m"h-3 w-1 rounded-full bg-busy"[39m
                  [36m/>[39m
                  [36m<span[39m
                    [33mclass[39m=[32m"h-3 w-1 rounded-full bg-busy"[39m
                  [36m/>[39m
                  [36m<span[39m
                    [33mclass[39m=[32m"h-3 w-1 rounded-full bg-free"[39m
                  [36m/>[39m
                [36m</div>[39m
              [36m</div>[39m
              [36m<div[39m
                [33mclass[39m=[32m"flex flex-col items-center gap-1 rounded-md border p-1.5 border-line bg-surface"[39m
              [36m>[39m
                [36m<span[39m
                  [33mclass[39m=[32m"text-[10px] font-semibold text-ink-3"[39m
                [36m>[39m
                  [0mSa[0m
                [36m</span>[39m
                [36m<div[39m
                  [33mclass[39m=[32m"flex gap-0.5"[39m
                [36m>[39m
                  [36m<span[39m
                    [33mclass[39m=[32m"h-3 w-1 rounded-full bg-free"[39m
                  [36m/>[39m
                  [36m<span[39m
                    [33mclass[39m=[32m"h-3 w-1 rounded-full bg-free"[39m
                  [36m/>[39m
                  [36m<span[39m
                    [33mclass[39m=[32m"h-3 w-1 rounded-full bg-free"[39m
                  [36m/>[39m
                  [36m<span[39m
                    [33mclass[39m=[32m"h-3 w-1 rounded-full bg-free"[39m
                  [36m/>[39m
                  [36m<span[39m
                    [33mclass[39m=[32m"h-3 w-1 rounded-full bg-maybe"[39m
                  [36m/>[39m
                [36m</div>[39m
              [36m</div>[39m
              [36m<div[39m
                [33mclass[39m=[32m"flex flex-col items-center gap-1 rounded-md border p-1.5 border-line bg-surface"[39m
              [36m>[39m
                [36m<span[39m
                  [33mclass[39m=[32m"text-[10px] font-semibold text-ink-3"[39m
                [36m>[39m
                  [0mSu[0m
                [36m</span>[39m
                [36m<div[39m
                  [33mclass[39m=[32m"flex gap-0.5"[39m
                [36m>[39m
                  [36m<span[39m
                    [33mclass[39m=[32m"h-3 w-1 rounded-full bg-busy"[39m
                  [36m/>[39m
                  [36m<span[39m
                    [33mclass[39m=[32m"h-3 w-1 rounded-full bg-maybe"[39m
                  [36m/>[39m
                  [36m<span[39m
                    [33mclass[39m=[32m"h-3 w-1 rounded-full bg-free"[39m
                  [36m/>[39m
                  [36m<span[39m
                    [33mclass[39m=[32m"h-3 w-1 rounded-full bg-busy"[39m
                  [36m/>[39m
                  [36m<span[39m
                    [33mclass[39m=[32m"h-3 w-1 rounded-full bg-busy"[39m
                  [36m/>[39m
                [36m</div>[39m
              [36m</div>[39m
            [36m</div>[39m
            [36m<p[39m
              [33mclass[39m=[32m"mt-3 text-xs text-ink-3"[39m
            [36m>[39m
              [0mFive players, one week. Each bar is a player's answer.[0m
            [36m</p>[39m
          [36m</div>[39m
        [36m</aside>[39m
      [36m</main>[39m
      [36m<footer[39m
        [33mclass[39m=[32m"flex flex-wrap items-center gap-x-4 gap-y-1 text-xs text-ink-3 mx-auto w-full max-w-5xl px-4 sm:px-6 pb-6"[39m
      [36m>[39m
        [36m<a[39m
          [33mclass[39m=[32m"transition-colors hover:text-ink"[39m
          [33mhref[39m=[32m"/terms"[39m
        [36m>[39m
          [0mTerms[0m
        [36m</a>[39m
        [36m<a[39m
          [33mclass[39m=[32m"transition-colors hover:text-ink"[39m
          [33mhref[39m=[32m"/privacy"[39m
        [36m>[39m
          [0mPrivacy[0m
        [36m</a>[39m
        [36m<a[39m
          [33mclass[39m=[32m"transition-colors hover:text-ink"[39m
          [33mhref[39m=[32m"/imprint"[39m
        [36m>[39m
          [0mImprint[0m
        [36m</a>[39m
      [36m</footer>[39m
    [36m</div>[39m
  [36m</div>[39m
[36m</body>[39m

Ignored nodes: comments, script, style
[36m<body>[39m
  [36m<div>[39m
    [36m<div[39m
      [33mclass[39m=[32m"flex min-h-dvh flex-col"[39m
    [36m>[39m
      [36m<header[39m
        [33mclass[39m=[32m"mx-auto w-full max-w-5xl px-4 sm:px-6 flex items-center justify-between py-5"[39m
      [36m>[39m
        [36m<a[39m
          [33maria-current[39m=[32m"page"[39m
          [33maria-label[39m=[32m"Next Session home"[39m
          [33mclass[39m=[32m"inline-flex items-center gap-2.5 text-ink active"[39m
          [33mdata-status[39m=[32m"active"[39m
          [33mhref[39m=[32m"/"[39m
        [36m>[39m
          [36m<svg[39m
            [33maria-hidden[39m=[32m"true"[39m
            [33mclass[39m=[32m"size-8 size-7"[39m
            [33mviewBox[39m=[32m"0 0 32 32"[39m
          [36m>[39m
            [36m<rect[39m
              [33mclass[39m=[32m"fill-accent"[39m
              [33mheight[39m=[32m"28"[39m
              [33mrx[39m=[32m"9"[39m
              [33mwidth[39m=[32m"28"[39m
              [33mx[39m=[32m"2"[39m
              [33my[39m=[32m"2"[39m
            [36m/>[39m
            [36m<path[39m
              [33mclass[39m=[32m"fill-accent-strong"[39m
              [33md[39m=[32m"M11 2h10a9 9 0 0 1 9 9H2a9 9 0 0 1 9-9z"[39m
            [36m/>[39m
            [36m<circle[39m
              [33mclass[39m=[32m"fill-accent-ink"[39m
              [33mcx[39m=[32m"16"[39m
              [33mcy[39m=[32m"20"[39m
              [33mr[39m=[32m"5"[39m
            [36m/>[39m
          [36m</svg>[39m
          [36m<span[39m
            [33mclass[39m=[32m"font-display font-bold text-lg"[39m
          [36m>[39m
            [0mNext Session[0m
          [36m</span>[39m
        [36m</a>[39m
      [36m</header>[39m
      [36m<main[39m
        [33mclass[39m=[32m"mx-auto w-full max-w-5xl px-4 sm:px-6 flex flex-1 flex-col justify-center gap-10 pt-6 pb-16 lg:flex-row lg:items-center lg:gap-16"[39m
      [36m>[39m
        [36m<section[39m
          [33mclass[39m=[32m"flex max-w-xl flex-col gap-6"[39m
        [36m>[39m
          [36m<h1[39m
            [33mclass[39m=[32m"font-display text-5xl leading-[0.98] font-extrabold tracking-tight text-ink sm:text-6xl lg:text-7xl"[39m
          [36m>[39m
            [0mStop chasing [0m
            [36m<br />[39m
            [0mthe date.[0m
          [36m</h1>[39m
          [36m<p[39m
            [33mclass[39m=[32m"max-w-md text-lg text-ink-2"[39m
          [36m>[39m
            [0mOne link for your group. Players tap the nights they can play, no accounts. The free nights fall out by themselves.[0m
          [36m</p>[39m
          [36m<div[39m
            [33mclass[39m=[32m"flex flex-col gap-3"[39m
          [36m>[39m
            [36m<p[39m
              [33mclass[39m=[32m"max-w-sm text-sm text-ink-2 outline-none"[39m
              [33mrole[39m=[32m"status"[39m
              [33mtabindex[39m=[32m"-1"[39m
            [36m>[39m
              [0mSigned in as [0m
              [36m<span[39m
                [33mclass[39m=[32m"font-semibold break-all text-ink"[39m
              [36m>[39m
                [0mgm@example.test[0m
              [36m</span>[39m
              [0m. No groups here yet, so create your first link.[0m
            [36m</p>[39m
            [36m<button[39m
              [33mclass[39m=[32m"inline-flex shrink-0 items-center justify-center font-semibold transition-[background-color,color,transform,border-color,filter] duration-150 ease-(--ease-snap) active:scale-[0.98] disabled:pointer-events-none disabled:opacity-50 bg-accent text-accent-ink shadow-card hover:brightness-105 h-14 px-6 text-base gap-2.5 rounded-lg w-full text-lg sm:w-auto sm:max-w-sm sm:min-w-64"[39m
              [33mtype[39m=[32m"button"[39m
            [36m>[39m
              [0mCreate your link[0m
            [36m</button>[39m
            [36m<p[39m
              [33mclass[39m=[32m"max-w-sm text-xs text-ink-3"[39m
            [36m>[39m
              [0mNo sign-up. By creating a link you agree to the[0m
              [0m [0m
              [36m<a[39m
                [33mclass[39m=[32m"underline underline-offset-2 hover:text-ink"[39m
                [33mhref[39m=[32m"/terms"[39m
              [36m>[39m
                [0mTerms[0m
              [36m</a>[39m
              [0m [0m
              [0mand[0m
              [0m [0m
              [36m<a[39m
                [33mclass[39m=[32m"underline underline-offset-2 hover:text-ink"[39m
                [33mhref[39m=[32m"/privacy"[39m
              [36m>[39m
                [0mPrivacy Policy[0m
              [36m</a>[39m
              [0m.[0m
            [36m</p>[39m
          [36m</div>[39m
          [36m<ol[39m
            [33mclass[39m=[32m"mt-2 flex flex-col gap-2 text-sm text-ink-2 sm:flex-row sm:gap-6"[39m
          [36m>[39m
            [36m<li[39m
              [33mclass[39m=[32m"flex items-center gap-2"[39m
            [36m>[39m
              [36m<span[39m
                [33mclass[39m=[32m"inline-flex size-6 shrink-0 items-center justify-center rounded-full bg-surface-2 font-mono text-[11px] font-semibold text-ink"[39m
              [36m>[39m
                [0m1[0m
              [36m</span>[39m
              [0mCreate your link[0m
            [36m</li>[39m
            [36m<li[39m
              [33mclass[39m=[32m"flex items-center gap-2"[39m
            [36m>[39m
              [36m<span[39m
                [33mclass[39m=[32m"inline-flex size-6 shrink-0 items-center justify-center rounded-full bg-surface-2 font-mono text-[11px] font-semibold text-ink"[39m
              [36m>[39m
                [0m2[0m
              [36m</span>[39m
              [0mSend it to the group[0m
            [36m</li>[39m
            [36m<li[39m
              [33mclass[39m=[32m"flex items-center gap-2"[39m
            [36m>[39m
              [36m<span[39m
                [33mclass[39m=[32m"inline-flex size-6 shrink-0 items-center justify-center rounded-full bg-surface-2 font-mono text-[11px] font-semibold text-ink"[39m
              [36m>[39m
                [0m3[0m
              [36m</span>[39m
              [0mPick the best night[0m
            [36m</li>[39m
          [36m</ol>[39m
        [36m</section>[39m
        [36m<aside[39m
          [33mclass[39m=[32m"w-full max-w-md self-center lg:ml-auto"[39m
        [36m>[39m
          [36m<div[39m
            [33maria-hidden[39m=[32m"true"[39m
            [33mclass[39m=[32m"rounded-xl border border-line bg-surface p-4 shadow-card"[39m
          [36m>[39m
            [36m<div[39m
              [33mclass[39m=[32m"mb-3 flex items-center justify-between"[39m
            [36m>[39m
              [36m<span[39m
                [33mclass[39m=[32m"font-display text-base font-bold"[39m
              [36m>[39m
                [0mThursday Crew[0m
              [36m</span>[39m
              [36m<span[39m
                [33mclass[39m=[32m"rounded-full bg-free-soft px-2 py-0.5 text-xs font-semibold text-free"[39m
              [36m>[39m
                [0mThu is perfect[0m
              [36m</span>[39m
            [36m</div>[39m
            [36m<div[39m
              [33mclass[39m=[32m"grid grid-cols-7 gap-1.5"[39m
            [36m>[39m
              [36m<div[39m
                [33mclass[39m=[32m"flex flex-col items-center gap-1 rounded-md border p-1.5 border-line bg-surface"[39m
              [36m>[39m
                [36m<span[39m
                  [33mclass[39m=[32m"text-[10px] font-semibold text-ink-3"[39m
                [36m>[39m
                  [0mMo[0m
                [36m</span>[39m
                [36m<div[39m
                  [33mclass[39m=[32m"flex gap-0.5"[39m
                [36m>[39m
                  [36m<span[39m
                    [33mclass[39m=[32m"h-3 w-1 rounded-full bg-free"[39m
                  [36m/>[39m
                  [36m<span[39m
                    [33mclass[39m=[32m"h-3 w-1 rounded-full bg-free"[39m
                  [36m/>[39m
                  [36m<span[39m
                    [33mclass[39m=[32m"h-3 w-1 rounded-full bg-busy"[39m
                  [36m/>[39m
                  [36m<span[39m
                    [33mclass[39m=[32m"h-3 w-1 rounded-full bg-maybe"[39m
                  [36m/>[39m
                  [36m<span[39m
                    [33mclass[39m=[32m"h-3 w-1 rounded-full bg-free"[39m
                  [36m/>[39m
                [36m</div>[39m
              [36m</div>[39m
              [36m<div[39m
                [33mclass[39m=[32m"flex flex-col items-center gap-1 rounded-md border p-1.5 border-line bg-surface"[39m
              [36m>[39m
                [36m<span[39m
                  [33mclass[39m=[32m"text-[10px] font-semibold text-ink-3"[39m
                [36m>[39m
                  [0mTu[0m
                [36m</span>[39m
                [36m<div[39m
                  [33mclass[39m=[32m"flex gap-0.5"[39m
                [36m>[39m
                  [36m<span[39m
                    [33mclass[39m=[32m"h-3 w-1 rounded-full bg-free"[39m
                  [36m/>[39m
                  [36m<span[39m
                    [33mclass[39m=[32m"h-3 w-1 rounded-full bg-maybe"[39m
                  [36m/>[39m
                  [36m<span[39m
                    [33mclass[39m=[32m"h-3 w-1 rounded-full bg-free"[39m
                  [36m/>[39m
                  [36m<span[39m
                    [33mclass[39m=[32m"h-3 w-1 rounded-full bg-free"[39m
                  [36m/>[39m
                  [36m<span[39m
                    [33mclass[39m=[32m"h-3 w-1 rounded-full bg-busy"[39m
                  [36m/>[39m
                [36m</div>[39m
              [36m</div>[39m
              [36m<div[39m
                [33mclass[39m=[32m"flex flex-col items-center gap-1 rounded-md border p-1.5 border-line bg-surface"[39m
              [36m>[39m
                [36m<span[39m
                  [33mclass[39m=[32m"text-[10px] font-semibold text-ink-3"[39m
                [36m>[39m
                  [0mWe[0m
                [36m</span>[39m
                [36m<div[39m
                  [33mclass[39m=[32m"flex gap-0.5"[39m
                [36m>[39m
                  [36m<span[39m
                    [33mclass[39m=[32m"h-3 w-1 rounded-full bg-busy"[39m
                  [36m/>[39m
                  [36m<span[39m
                    [33mclass[39m=[32m"h-3 w-1 rounded-full bg-busy"[39m
                  [36m/>[39m
                  [36m<span[39m
                    [33mclass[39m=[32m"h-3 w-1 rounded-full bg-maybe"[39m
                  [36m/>[39m
                  [36m<span[39m
                    [33mclass[39m=[32m"h-3 w-1 rounded-full bg-free"[39m
                  [36m/>[39m
                  [36m<span[39m
                    [33mclass[39m=[32m"h-3 w-1 rounded-full bg-free"[39m
                  [36m/>[39m
                [36m</div>[39m
              [36m</div>[39m
              [36m<div[39m
                [33mclass[39m=[32m"flex flex-col items-center gap-1 rounded-md border p-1.5 border-free bg-free-soft"[39m
              [36m>[39m
                [36m<span[39m
                  [33mclass[39m=[32m"text-[10px] font-semibold text-ink-3"[39m
                [36m>[39m
                  [0mTh[0m
                [36m</span>[39m
                [36m<div[39m
                  [33mclass[39m=[32m"flex gap-0.5"[39m
                [36m>[39m
                  [36m<span[39m
                    [33mclass[39m=[32m"h-3 w-1 rounded-full bg-free"[39m
                  [36m/>[39m
                  [36m<span[39m
                    [33mclass[39m=[32m"h-3 w-1 rounded-full bg-free"[39m
                  [36m/>[39m
                  [36m<span[39m
                    [33mclass[39m=[32m"h-3 w-1 rounded-full bg-free"[39m
                  [36m/>[39m
                  [36m<span[39m
                    [33mclass[39m=[32m"h-3 w-1 rounded-full bg-free"[39m
                  [36m/>[39m
                  [36m<span[39m
                    [33mclass[39m=[32m"h-3 w-1 rounded-full bg-free"[39m
                  [36m/>[39m
                [36m</div>[39m
              [36m</div>[39m
              [36m<div[39m
                [33mclass[39m=[32m"flex flex-col items-center gap-1 rounded-md border p-1.5 border-line bg-surface"[39m
              [36m>[39m
                [36m<span[39m
                  [33mclass[39m=[32m"text-[10px] font-semibold text-ink-3"[39m
                [36m>[39m
                  [0mFr[0m
                [36m</span>[39m
                [36m<div[39m
                  [33mclass[39m=[32m"flex gap-0.5"[39m
                [36m>[39m
                  [36m<span[39m
                    [33mclass[39m=[32m"h-3 w-1 rounded-full bg-maybe"[39m
                  [36m/>[39m
                  [36m<span[39m
                    [33mclass[39m=[32m"h-3 w-1 rounded-full bg-free"[39m
                  [36m/>[39m
                  [36m<span[39m
                    [33mclass[39m=[32m"h-3 w-1 rounded-full bg-busy"[39m
                  [36m/>[39m
                  [36m<span[39m
                    [33mclass[39m=[32m"h-3 w-1 rounded-full bg-busy"[39m
                  [36m/>[39m
                  [36m<span[39m
                    [33mclass[39m=[32m"h-3 w-1 rounded-full bg-free"[39m
                  [36m/>[39m
                [36m</div>[39m
              [36m</div>[39m
              [36m<div[39m
                [33mclass[39m=[32m"flex flex-col items-center gap-1 rounded-md border p-1.5 border-line bg-surface"[39m
              [36m>[39m
                [36m<span[39m
                  [33mclass[39m=[32m"text-[10px] font-semibold text-ink-3"[39m
                [36m>[39m
                  [0mSa[0m
                [36m</span>[39m
                [36m<div[39m
                  [33mclass[39m=[32m"flex gap-0.5"[39m
                [36m>[39m
                  [36m<span[39m
                    [33mclass[39m=[32m"h-3 w-1 rounded-full bg-free"[39m
                  [36m/>[39m
                  [36m<span[39m
                    [33mclass[39m=[32m"h-3 w-1 rounded-full bg-free"[39m
                  [36m/>[39m
                  [36m<span[39m
                    [33mclass[39m=[32m"h-3 w-1 rounded-full bg-free"[39m
                  [36m/>[39m
                  [36m<span[39m
                    [33mclass[39m=[32m"h-3 w-1 rounded-full bg-free"[39m
                  [36m/>[39m
                  [36m<span[39m
                    [33mclass[39m=[32m"h-3 w-1 rounded-full bg-maybe"[39m
                  [36m/>[39m
                [36m</div>[39m
              [36m</div>[39m
              [36m<div[39m
                [33mclass[39m=[32m"flex flex-col items-center gap-1 rounded-md border p-1.5 border-line bg-surface"[39m
              [36m>[39m
                [36m<span[39m
                  [33mclass[39m=[32m"text-[10px] font-semibold text-ink-3"[39m
                [36m>[39m
                  [0mSu[0m
                [36m</span>[39m
                [36m<div[39m
                  [33mclass[39m=[32m"flex gap-0.5"[39m
                [36m>[39m
                  [36m<span[39m
                    [33mclass[39m=[32m"h-3 w-1 rounded-full bg-busy"[39m
                  [36m/>[39m
                  [36m<span[39m
                    [33mclass[39m=[32m"h-3 w-1 rounded-full bg-maybe"[39m
                  [36m/>[39m
                  [36m<span[39m
                    [33mclass[39m=[32m"h-3 w-1 rounded-full bg-free"[39m
                  [36m/>[39m
                  [36m<span[39m
                    [33mclass[39m=[32m"h-3 w-1 rounded-full bg-busy"[39m
                  [36m/>[39m
                  [36m<span[39m
                    [33mclass[39m=[32m"h-3 w-1 rounded-full bg-busy"[39m
                  [36m/>[39m
                [36m</div>[39m
              [36m</div>[39m
            [36m</div>[39m
            [36m<p[39m
              [33mclass[39m=[32m"mt-3 text-xs text-ink-3"[39m
            [36m>[39m
              [0mFive players, one week. Each bar is a player's answer.[0m
            [36m</p>[39m
          [36m</div>[39m
        [36m</aside>[39m
      [36m</main>[39m
      [36m<footer[39m
        [33mclass[39m=[32m"flex flex-wrap items-center gap-x-4 gap-y-1 text-xs text-ink-3 mx-auto w-full max-w-5xl px-4 sm:px-6 pb-6"[39m
      [36m>[39m
        [36m<a[39m
          [33mclass[39m=[32m"transition-colors hover:text-ink"[39m
          [33mhref[39m=[32m"/terms"[39m
        [36m>[39m
          [0mTerms[0m
        [36m</a>[39m
        [36m<a[39m
          [33mclass[39m=[32m"transition-colors hover:text-ink"[39m
          [33mhref[39m=[32m"/privacy"[39m
        [36m>[39m
          [0mPrivacy[0m
        [36m</a>[39m
        [36m<a[39m
          [33mclass[39m=[32m"transition-colors hover:text-ink"[39m
          [33mhref[39m=[32m"/imprint"[39m
        [36m>[39m
          [0mImprint[0m
        [36m</a>[39m
      [36m</footer>[39m
    [36m</div>[39m
  [36m</div>[39m
[36m</body>[39m
 ❯ waitForWrapper node_modules/@testing-library/dom/dist/wait-for.js:163:27
 ❯ node_modules/@testing-library/dom/dist/query-helpers.js:86:33
 ❯ src/features/landing/LandingView.test.tsx:84:40
     82|     const { props } = renderLanding({ showLogIn: false, loggedInAs: "g…
     83|
     84|     await userEvent.click(await screen.findByRole("button", { name: "L…
       |                                        ^
     85|
     86|     expect(props.onLogOut).toHaveBeenCalled();

⎯⎯⎯⎯⎯⎯⎯⎯⎯⎯⎯⎯⎯⎯⎯⎯⎯⎯⎯⎯⎯⎯[10/10]⎯


 Test Files  3 failed | 2 passed (5)
      Tests  10 failed | 56 passed (66)
   Start at  15:01:39
   Duration  5.23s (tests 72%, environment 20%, setup 3%, transform 3%, import 2%)

