
 RUN  v5.0.3 /home/coder/dev/ns-worktrees/ticket-65

 ❯ |ui| src/features/me/MyGroups.test.tsx (0 test)

⎯⎯⎯⎯⎯⎯ Failed Suites 1 ⎯⎯⎯⎯⎯⎯⎯

 FAIL  |ui| src/features/me/MyGroups.test.tsx [ src/features/me/MyGroups.test.tsx ]
Error: Failed to resolve import "./MyGroups" from "src/features/me/MyGroups.test.tsx". Does the file exist?
  Plugin: vite:import-analysis
  File: /home/coder/dev/ns-worktrees/ticket-65/src/features/me/MyGroups.test.tsx:12:25
  3  |  import userEvent from "@testing-library/user-event";
  4  |  import { describe, expect, it, vi } from "vitest";
  5  |  import { MyGroups } from "./MyGroups";
     |                            ^
  6  |  var _jsxFileName = "/home/coder/dev/ns-worktrees/ticket-65/src/features/me/MyGroups.test.tsx";
  7  |  import { jsxDEV as _jsxDEV } from "react/jsx-dev-runtime";
 ❯ TransformPluginContext._formatLog node_modules/vite/dist/node/chunks/node.js:8766:39
 ❯ TransformPluginContext.error node_modules/vite/dist/node/chunks/node.js:8763:14
 ❯ normalizeUrl node_modules/vite/dist/node/chunks/node.js:26423:18
 ❯ node_modules/vite/dist/node/chunks/node.js:26493:30
 ❯ TransformPluginContext.transform node_modules/vite/dist/node/chunks/node.js:26459:4
 ❯ EnvironmentPluginContainer.transform node_modules/vite/dist/node/chunks/node.js:8545:14
 ❯ loadAndTransform node_modules/vite/dist/node/chunks/node.js:19988:26

⎯⎯⎯⎯⎯⎯⎯⎯⎯⎯⎯⎯⎯⎯⎯⎯⎯⎯⎯⎯⎯⎯⎯⎯[1/1]⎯


 Test Files  1 failed | 1 passed (2)
      Tests  8 passed (8)
   Start at  16:10:34
   Duration  664ms (environment 78%, setup 11%, transform 8%, tests 1%, worker 1%)

