
 RUN  v5.0.3 /home/coder/dev/ns-worktrees/ticket-65

 ❯ |ui| src/lib/errors.test.ts (33 tests | 3 failed) 12ms
   ❯ errorMessage (33)
     × explains a undoRemove { code: 'PLAYER_CLAIMED' } 5ms
     × explains a undoRemove { code: 'NOT_FOUND' } 1ms
     × explains a undoRemove { code: 'TOO_MANY_GROUPS' } 1ms

⎯⎯⎯⎯⎯⎯⎯ Failed Tests 3 ⎯⎯⎯⎯⎯⎯⎯

 FAIL  |ui| src/lib/errors.test.ts > errorMessage > explains a undoRemove { code: 'PLAYER_CLAIMED' }
AssertionError: expected 'That didn\'t work. Try again.' to be 'Another account keeps that player now…' // Object.is equality

Expected: "Another account keeps that player now. Ask your GM."
Received: "That didn't work. Try again."

 ❯ src/lib/errors.test.ts:58:56
     56|     ["fillRest", { code: "OUT_OF_WINDOW" }, "Those nights are locked n…
     57|   ] as const)("explains a %s %o", (topic, data, message) => {
     58|     expect(errorMessage(new ConvexError(data), topic)).toBe(message);
       |                                                        ^
     59|   });
     60|

⎯⎯⎯⎯⎯⎯⎯⎯⎯⎯⎯⎯⎯⎯⎯⎯⎯⎯⎯⎯⎯⎯⎯⎯[1/3]⎯

 FAIL  |ui| src/lib/errors.test.ts > errorMessage > explains a undoRemove { code: 'NOT_FOUND' }
AssertionError: expected 'That didn\'t work. Try again.' to be 'Couldn\'t put it back. Open the group…' // Object.is equality

Expected: "Couldn't put it back. Open the group's link and tap Keep this group."
Received: "That didn't work. Try again."

 ❯ src/lib/errors.test.ts:58:56
     56|     ["fillRest", { code: "OUT_OF_WINDOW" }, "Those nights are locked n…
     57|   ] as const)("explains a %s %o", (topic, data, message) => {
     58|     expect(errorMessage(new ConvexError(data), topic)).toBe(message);
       |                                                        ^
     59|   });
     60|

⎯⎯⎯⎯⎯⎯⎯⎯⎯⎯⎯⎯⎯⎯⎯⎯⎯⎯⎯⎯⎯⎯⎯⎯[2/3]⎯

 FAIL  |ui| src/lib/errors.test.ts > errorMessage > explains a undoRemove { code: 'TOO_MANY_GROUPS' }
AssertionError: expected 'That didn\'t work. Try again.' to be 'You keep 50 groups. Remove one from M…' // Object.is equality

Expected: "You keep 50 groups. Remove one from My groups first."
Received: "That didn't work. Try again."

 ❯ src/lib/errors.test.ts:58:56
     56|     ["fillRest", { code: "OUT_OF_WINDOW" }, "Those nights are locked n…
     57|   ] as const)("explains a %s %o", (topic, data, message) => {
     58|     expect(errorMessage(new ConvexError(data), topic)).toBe(message);
       |                                                        ^
     59|   });
     60|

⎯⎯⎯⎯⎯⎯⎯⎯⎯⎯⎯⎯⎯⎯⎯⎯⎯⎯⎯⎯⎯⎯⎯⎯[3/3]⎯


 Test Files  1 failed (1)
      Tests  3 failed | 30 passed (33)
   Start at  16:26:48
   Duration  686ms (environment 79%, setup 11%, transform 6%, tests 2%, import 2%, worker 1%)

