$ playwright test "e2e/gm-rail.spec.ts" -g "Add player stays in reach"
[WebServer] CONVEX_AGENT_MODE=anonymous mode is in beta, functionality may change in the future.
[WebServer] Could not find project with name anonymous-agent!
[WebServer] ✔ Configured a local deployment for http://127.0.0.1:3210 and saved its:
[WebServer]     name as CONVEX_DEPLOYMENT
[WebServer]     client URL as VITE_CONVEX_URL
[WebServer]     HTTP actions URL as VITE_CONVEX_SITE_URL
[WebServer]  to .env.local
[WebServer] 
[WebServer] Write your Convex functions in convex/
[WebServer] Give us feedback at https://convex.dev/community or support@convex.dev
[WebServer] View the Convex dashboard at null
[WebServer] 
[WebServer] ▌ Developing against deployment:
[WebServer] ▌  Local  Port 3210 • No Convex account (run npx convex login to link to a project)
[WebServer] ▌ └─ http://127.0.0.1:3210
[WebServer] - Preparing Convex functions...
[WebServer] 
[WebServer] Convex AI files are not installed. Run npx convex ai-files install to get started or npx convex ai-files disable to hide this message.
[WebServer] ✔ Added table indexes:
[WebServer]   [+] answers.by_groupId_and_date   groupId, date, _creationTime
[WebServer]   [+] answers.by_playerId_and_date   playerId, date, _creationTime
[WebServer]   [+] authAccounts.providerAndAccountId   provider, providerAccountId, _creationTime
[WebServer]   [+] authAccounts.userIdAndProvider   userId, provider, _creationTime
[WebServer]   [+] authRateLimits.identifier   identifier, _creationTime
[WebServer]   [+] authRefreshTokens.sessionId   sessionId, _creationTime
[WebServer]   [+] authRefreshTokens.sessionIdAndParentRefreshTokenId   sessionId, parentRefreshTokenId, _creationTime
[WebServer]   [+] authSessions.userId   userId, _creationTime
[WebServer]   [+] authVerificationCodes.accountId   accountId, _creationTime
[WebServer]   [+] authVerificationCodes.code   code, _creationTime
[WebServer]   [+] authVerifiers.signature   signature, _creationTime
[WebServer]   [+] groups.by_expiresAt   expiresAt, _creationTime
[WebServer]   [+] groups.by_ownerId   ownerId, _creationTime
[WebServer]   [+] groups.by_shareToken   shareToken, _creationTime
[WebServer]   [+] players.by_groupId_and_nameKey   groupId, nameKey, _creationTime
[WebServer]   [+] saveClaims.by_anonymousUserId   anonymousUserId, _creationTime
[WebServer]   [+] saveClaims.by_codeHash   codeHash, _creationTime
[WebServer]   [+] sessions.by_groupId_and_date   groupId, date, _creationTime
[WebServer]   [+] users.email   email, _creationTime
[WebServer]   [+] users.phone   phone, _creationTime
[WebServer] ✔ Installed component rateLimiter.
[WebServer] ✔ Installed component rateLimiter/batchWorker.
[WebServer] ✔ 14:40:42 Convex functions ready! (2.38s)
[WebServer] ✔ Successfully set 3 environment variables from stdin (3 new) (on anonymous deployment anonymous-agent)
[WebServer] Warning: Route file "/home/coder/dev/ns-worktrees/ticket-67/src/routes/routes.test.tsx" does not export a Route. This file will not be included in the route tree.
[WebServer] 
[WebServer] If this file is not intended to be a route, you can exclude it using one of these options:
[WebServer]   1. Rename the file to "/home/coder/dev/ns-worktrees/ticket-67/src/routes/-routes.test.tsx" (prefix with "-")
[WebServer]   2. Use 'routeFileIgnorePattern' in your config to match this file
[WebServer] 
[WebServer] Current configuration:
[WebServer]   routeFileIgnorePrefix: "-"
[WebServer]   routeFileIgnorePattern: undefined
[WebServer] 
[WebServer]   VITE v8.3.2  ready in 531 ms
[WebServer] 
[WebServer]   ➜  Local:   http://localhost:5173/
[WebServer]   ➜  Network: use --host to expose

Running 1 test using 1 worker

[WebServer] 2:40:45 PM [vite] (client) [Unhandled error] TypeError: onAddPlayer is not a function
[WebServer]  > addPlayer src/features/group/rail/GroupRail.tsx:78:4
[WebServer]     76 |    const addPlayer = () => {
[WebServer]     77 |      setActive("players");
[WebServer]     78 |      onAddPlayer();
[WebServer]        |      ^
[WebServer]     79 |    };
[WebServer]     80 |  
[WebServer]  > executeDispatch node_modules/react-dom/cjs/react-dom-client.development.js:20804:8
[WebServer]  > runWithFiberInDEV node_modules/react-dom/cjs/react-dom-client.development.js:1045:29
[WebServer]  > processDispatchQueue node_modules/react-dom/cjs/react-dom-client.development.js:20854:18
[WebServer]  > node_modules/react-dom/cjs/react-dom-client.development.js:21423:8
[WebServer]  > batchedUpdates$1 node_modules/react-dom/cjs/react-dom-client.development.js:3437:39
[WebServer]  > dispatchEventForPluginEventSystem node_modules/react-dom/cjs/react-dom-client.development.js:21008:6
[WebServer]  > dispatchEvent node_modules/react-dom/cjs/react-dom-client.development.js:26142:10
[WebServer]  > dispatchDiscreteEvent node_modules/react-dom/cjs/react-dom-client.development.js:26110:10
[WebServer] 
  ✘  1 [chromium] › e2e/gm-rail.spec.ts:273:1 › on a phone Add player stays in reach under the calendar whatever tab is open (6.8s)


  1) [chromium] › e2e/gm-rail.spec.ts:273:1 › on a phone Add player stays in reach under the calendar whatever tab is open 

    Error: expect(locator).toBeFocused() failed

    Locator: getByRole('region', { name: /^Players/ }).getByRole('textbox', { name: 'Player name' })
    Expected: focused
    Timeout: 5000ms
    Error: element(s) not found

    Call log:
      - Expect "toBeFocused" getByRole('region', { name: /^Players/ }).getByRole('textbox', { name: 'Player name' }) with timeout 5000ms
      - waiting for getByRole('region', { name: /^Players/ }).getByRole('textbox', { name: 'Player name' })


      291 |   await expect(tabs.getByRole("tab", { selected: true })).toHaveText("Players");
      292 |   const field = playersCard(page).getByRole("textbox", { name: "Player name" });
    > 293 |   await expect(field).toBeFocused();
          |                       ^
      294 |   await expect(field).toBeInViewport();
      295 |   await field.fill("Dev");
      296 |   await page.keyboard.press("Enter");
        at /home/coder/dev/ns-worktrees/ticket-67/e2e/gm-rail.spec.ts:293:23

    Error Context: test-results/gm-rail-on-a-phone-Add-pla-1ac9d-lendar-whatever-tab-is-open-chromium/error-context.md

    attachment #2: trace (application/zip) ─────────────────────────────────────────────────────────
    test-results/gm-rail-on-a-phone-Add-pla-1ac9d-lendar-whatever-tab-is-open-chromium/trace.zip
    Usage:

        npx playwright show-trace test-results/gm-rail-on-a-phone-Add-pla-1ac9d-lendar-whatever-tab-is-open-chromium/trace.zip

    ────────────────────────────────────────────────────────────────────────────────────────────────

  1 failed
    [chromium] › e2e/gm-rail.spec.ts:273:1 › on a phone Add player stays in reach under the calendar whatever tab is open 
error: script "e2e" exited with code 1
