
 RUN  v5.0.3 /home/coder/dev/ns-worktrees/ticket-94

 ❯ |shared| scripts/generate-brand.test.ts (3 tests | 3 failed) 8ms
   ❯ the committed brand assets (3)
     × keep the favicon in step with the L letterform 3ms
     × include public/favicon-32.png 3ms
     × include public/apple-touch-icon.png 1ms

⎯⎯⎯⎯⎯⎯⎯ Failed Tests 3 ⎯⎯⎯⎯⎯⎯⎯

 FAIL  |shared| scripts/generate-brand.test.ts > the committed brand assets > keep the favicon in step with the L letterform
Error: ENOENT: no such file or directory, open 'public/favicon.svg'
 ❯ scripts/generate-brand.test.ts:7:12
      5| describe("the committed brand assets", () => {
      6|   it("keep the favicon in step with the L letterform", () => {
      7|     expect(readFileSync(faviconPath, "utf8")).toBe(renderFavicon());
       |            ^
      8|   });
      9|

⎯⎯⎯⎯⎯⎯⎯⎯⎯⎯⎯⎯⎯⎯⎯⎯⎯⎯⎯⎯⎯⎯⎯⎯[1/3]⎯

 FAIL  |shared| scripts/generate-brand.test.ts > the committed brand assets > include public/favicon-32.png
 FAIL  |shared| scripts/generate-brand.test.ts > the committed brand assets > include public/apple-touch-icon.png
AssertionError: expected false to be true // Object.is equality

- Expected
+ Received

- true
+ false

 ❯ scripts/generate-brand.test.ts:11:30
      9|
     10|   it.each(rasterIcons.map(({ path }) => path))("include %s", (path) =>…
     11|     expect(existsSync(path)).toBe(true);
       |                              ^
     12|   });
     13| });

⎯⎯⎯⎯⎯⎯⎯⎯⎯⎯⎯⎯⎯⎯⎯⎯⎯⎯⎯⎯⎯⎯⎯⎯[2/3]⎯


 Test Files  1 failed (1)
      Tests  3 failed (3)
   Start at  03:30:33
   Duration  138ms (transform 54%, import 21%, tests 18%, worker 7%)

