$ playwright test "e2e/gm-calendar.spec.ts" -g "two-digit counts"
[WebServer] CONVEX_AGENT_MODE=anonymous mode is in beta, functionality may change in the future.
[WebServer] ✔ Configured a local deployment for http://127.0.0.1:3210 and saved its:
[WebServer]     name as CONVEX_DEPLOYMENT
[WebServer]     client URL as VITE_CONVEX_URL
[WebServer]     HTTP actions URL as VITE_CONVEX_SITE_URL
[WebServer]  to .env.local
[WebServer] 
[WebServer] Write your Convex functions in convex/
[WebServer] Give us feedback at https://convex.dev/community or support@convex.dev
[WebServer] View the Convex dashboard at http://127.0.0.1:6790/
[WebServer] 
[WebServer] ▌ Developing against deployment:
[WebServer] ▌  Local  Port 3210 • No Convex account (run npx convex login to link to a project)
[WebServer] ▌ └─ http://127.0.0.1:3210
[WebServer] - Preparing Convex functions...
[WebServer] 
[WebServer] Convex AI files are not installed. Run npx convex ai-files install to get started or npx convex ai-files disable to hide this message.
[WebServer] ✔ 14:48:06 Convex functions ready! (1.99s)
[WebServer] ✔ Successfully set 2 environment variables from stdin (2 updated, 1 unchanged) (on anonymous deployment anonymous-agent)
[WebServer] Warning: Route file "/home/coder/dev/ns-worktrees/ticket-67/src/routes/routes.test.tsx" does not export a Route. This file will not be included in the route tree.
[WebServer] 
[WebServer] If this file is not intended to be a route, you can exclude it using one of these options:
[WebServer]   1. Rename the file to "/home/coder/dev/ns-worktrees/ticket-67/src/routes/-routes.test.tsx" (prefix with "-")
[WebServer]   2. Use 'routeFileIgnorePattern' in your config to match this file
[WebServer] 
[WebServer] Current configuration:
[WebServer]   routeFileIgnorePrefix: "-"
[WebServer]   routeFileIgnorePattern: undefined
[WebServer] 
[WebServer]   VITE v8.3.2  ready in 395 ms
[WebServer] 
[WebServer]   ➜  Local:   http://localhost:5173/
[WebServer]   ➜  Network: use --host to expose

Running 1 test using 1 worker

  ✘  1 [chromium] › e2e/gm-calendar.spec.ts:73:1 › on a phone a dense day keeps two-digit counts inside its cell (1.9s)


  1) [chromium] › e2e/gm-calendar.spec.ts:73:1 › on a phone a dense day keeps two-digit counts inside its cell 

    Error: expect(received).toBe(expected) // Object.is equality

    Expected: true
    Received: false

      83 |   await expect(day.locator("[data-count]")).toHaveText(["10/30", "✕10", "10"]);
      84 |   for (const count of await day.locator("[data-count]").all()) {
    > 85 |     expect(await isInside(count, day)).toBe(true);
         |                                        ^
      86 |   }
      87 | });
      88 |
        at /home/coder/dev/ns-worktrees/ticket-67/e2e/gm-calendar.spec.ts:85:40

    Error Context: test-results/gm-calendar-on-a-phone-a-d-5a22e-igit-counts-inside-its-cell-chromium/error-context.md

    attachment #2: trace (application/zip) ─────────────────────────────────────────────────────────
    test-results/gm-calendar-on-a-phone-a-d-5a22e-igit-counts-inside-its-cell-chromium/trace.zip
    Usage:

        npx playwright show-trace test-results/gm-calendar-on-a-phone-a-d-5a22e-igit-counts-inside-its-cell-chromium/trace.zip

    ────────────────────────────────────────────────────────────────────────────────────────────────

  1 failed
    [chromium] › e2e/gm-calendar.spec.ts:73:1 › on a phone a dense day keeps two-digit counts inside its cell 
error: script "e2e" exited with code 1
