
 RUN  v5.0.3 /home/coder/dev/ns-worktrees/ticket-65

Not implemented: Window's scrollTo() method
Not implemented: Window's scrollTo() method
Not implemented: Window's scrollTo() method
 ❯ |ui| src/features/group/rail/HeaderAccount.test.tsx (3 tests | 1 failed) 174ms
   ❯ HeaderAccount (3)
     × takes an Account to My groups 25ms

⎯⎯⎯⎯⎯⎯⎯ Failed Tests 1 ⎯⎯⎯⎯⎯⎯⎯

 FAIL  |ui| src/features/group/rail/HeaderAccount.test.tsx > HeaderAccount > takes an Account to My groups
TestingLibraryElementError: Unable to find an accessible element with the role "link" and name "My groups"

Here are the accessible roles:

  button:

  Name "Your account":
  [36m<button[39m
    [33maria-controls[39m=[32m"_r_1_"[39m
    [33maria-expanded[39m=[32m"true"[39m
    [33maria-label[39m=[32m"Your account"[39m
    [33mclass[39m=[32m"inline-flex size-9 items-center justify-center rounded-full bg-accent-soft font-bold text-accent-strong uppercase hover:brightness-95"[39m
    [33mtype[39m=[32m"button"[39m
  [36m/>[39m

  Name "Log out":
  [36m<button[39m
    [33mclass[39m=[32m"flex w-full items-center gap-2 rounded-md px-2 py-2 text-left text-sm hover:bg-surface-2 disabled:opacity-50"[39m
    [33mtype[39m=[32m"button"[39m
  [36m/>[39m

  --------------------------------------------------
  paragraph:

  Name "":
  [36m<p[39m
    [33mclass[39m=[32m"px-2 pt-1 text-xs text-ink-3"[39m
  [36m/>[39m

  Name "":
  [36m<p[39m
    [33mclass[39m=[32m"truncate px-2 pb-2 text-sm font-semibold"[39m
  [36m/>[39m

  --------------------------------------------------

Ignored nodes: comments, script, style
[36m<body>[39m
  [36m<div>[39m
    [36m<div[39m
      [33mclass[39m=[32m"relative min-w-0"[39m
    [36m>[39m
      [36m<button[39m
        [33maria-controls[39m=[32m"_r_1_"[39m
        [33maria-expanded[39m=[32m"true"[39m
        [33maria-label[39m=[32m"Your account"[39m
        [33mclass[39m=[32m"inline-flex size-9 items-center justify-center rounded-full bg-accent-soft font-bold text-accent-strong uppercase hover:brightness-95"[39m
        [33mtype[39m=[32m"button"[39m
      [36m>[39m
        [0mg[0m
      [36m</button>[39m
      [36m<div[39m
        [33mclass[39m=[32m"animate-rise absolute top-full z-30 mt-1 rounded-lg border border-line bg-surface p-1.5 text-ink shadow-card right-0 w-64"[39m
        [33mid[39m=[32m"_r_1_"[39m
      [36m>[39m
        [36m<p[39m
          [33mclass[39m=[32m"px-2 pt-1 text-xs text-ink-3"[39m
        [36m>[39m
          [0mSigned in as[0m
        [36m</p>[39m
        [36m<p[39m
          [33mclass[39m=[32m"truncate px-2 pb-2 text-sm font-semibold"[39m
        [36m>[39m
          [0mgm@example.com[0m
        [36m</p>[39m
        [36m<div[39m
          [33mclass[39m=[32m"mb-1.5 border-t border-line"[39m
        [36m/>[39m
        [36m<button[39m
          [33mclass[39m=[32m"flex w-full items-center gap-2 rounded-md px-2 py-2 text-left text-sm hover:bg-surface-2 disabled:opacity-50"[39m
          [33mtype[39m=[32m"button"[39m
        [36m>[39m
          [0mLog out[0m
        [36m</button>[39m
      [36m</div>[39m
    [36m</div>[39m
  [36m</div>[39m
[36m</body>[39m
 ❯ Object.getElementError node_modules/@testing-library/dom/dist/config.js:37:19
 ❯ node_modules/@testing-library/dom/dist/query-helpers.js:76:38
 ❯ node_modules/@testing-library/dom/dist/query-helpers.js:52:17
 ❯ node_modules/@testing-library/dom/dist/query-helpers.js:95:19
 ❯ src/features/group/rail/HeaderAccount.test.tsx:48:19
     46|     ));
     47|     await userEvent.click(await screen.findByRole("button", { name: "Y…
     48|     expect(screen.getByRole("link", { name: "My groups" })).toHaveProp…
       |                   ^
     49|   });
     50| });

⎯⎯⎯⎯⎯⎯⎯⎯⎯⎯⎯⎯⎯⎯⎯⎯⎯⎯⎯⎯⎯⎯⎯⎯[1/1]⎯


 Test Files  1 failed (1)
      Tests  1 failed | 2 passed (3)
   Start at  16:11:23
   Duration  853ms (environment 55%, tests 23%, import 9%, setup 8%, transform 5%)

