
 RUN  v5.0.3 /home/coder/dev/ns-worktrees/ticket-58

stderr | convex/auth.google.test.ts > Continue with Google > creates an Account with the Google email and the Legal Acceptance of its sheet
Provider `google` is not configured, available providers are `anonymous`, `password`.

stderr | convex/auth.google.test.ts > Continue with Google > signs in to the same Account the next time
Provider `google` is not configured, available providers are `anonymous`, `password`.

stderr | convex/auth.google.test.ts > Continue with Google > comes back to the page it left
Provider `google` is not configured, available providers are `anonymous`, `password`.

stdout | convex/auth.google.test.ts > Google and Password on one email > never signs Google in to a Password Account, whose email nobody verified
`auth:store` type: createAccountFromCredentials

stdout | convex/auth.google.test.ts > Google and Password on one email > never signs Google in to a Password Account, whose email nobody verified
`auth:store` type: signIn

stderr | convex/auth.google.test.ts > Google and Password on one email > never signs Google in to a Password Account, whose email nobody verified
Provider `google` is not configured, available providers are `anonymous`, `password`.

stderr | convex/auth.google.test.ts > Google and Password on one email > never adds a Password to a Google Account by its email
Provider `google` is not configured, available providers are `anonymous`, `password`.

stderr | convex/auth.google.test.ts > Google and Password on one email > links a second Google identity only when Google verified the same email
Provider `google` is not configured, available providers are `anonymous`, `password`.

stdout | convex/auth.google.test.ts > Save through Google > moves the anonymous Groups to the Google Account after the round trip
`auth:store` type: createAccountFromCredentials

stdout | convex/auth.google.test.ts > Save through Google > moves the anonymous Groups to the Google Account after the round trip
`auth:store` type: signIn

stderr | convex/auth.google.test.ts > Save through Google > moves the anonymous Groups to the Google Account after the round trip
Provider `google` is not configured, available providers are `anonymous`, `password`.

 ❯ |convex| convex/auth.google.test.ts (8 tests | 8 failed) 282ms
   ❯ Continue with Google (4)
     × reports Google on once both of its credentials are set 12ms
     × creates an Account with the Google email and the Legal Acceptance of its sheet 17ms
     × signs in to the same Account the next time 1ms
     × comes back to the page it left 1ms
   ❯ Google and Password on one email (3)
     × never signs Google in to a Password Account, whose email nobody verified 143ms
     × never adds a Password to a Google Account by its email 1ms
     × links a second Google identity only when Google verified the same email 1ms
   ❯ Save through Google (1)
     × moves the anonymous Groups to the Google Account after the round trip 8ms
 ❯ |convex| convex/auth.test.ts (20 tests | 1 failed) 2304ms
   ❯ a deployment without Google's credentials (1)
     × reports Google off, and Anonymous and Password still sign in 9ms

⎯⎯⎯⎯⎯⎯⎯ Failed Tests 9 ⎯⎯⎯⎯⎯⎯⎯

 FAIL  |convex| convex/auth.google.test.ts > Continue with Google > reports Google on once both of its credentials are set
Error: Could not find module for: "signInOptions"
 ❯ node_modules/convex-test/dist/index.js:1468:19
    1466|         const module = modulesWithoutExtension[prefix + path];
    1467|         if (module === undefined) {
    1468|             throw new Error(`Could not find module for: "${path}"`);
       |                   ^
    1469|         }
    1470|         return await module();
 ❯ resolveFunction node_modules/convex-test/dist/index.js:2402:76
 ❯ Object.queryFromPath node_modules/convex-test/dist/index.js:2071:40
 ❯ query node_modules/convex-test/dist/index.js:2158:41
 ❯ node_modules/convex-test/dist/index.js:1886:80
 ❯ Object.result.<computed> [as query] node_modules/convex-test/dist/index.js:1886:56
 ❯ convex/auth.google.test.ts:37:20

⎯⎯⎯⎯⎯⎯⎯⎯⎯⎯⎯⎯⎯⎯⎯⎯⎯⎯⎯⎯⎯⎯⎯⎯[1/9]⎯

 FAIL  |convex| convex/auth.google.test.ts > Continue with Google > creates an Account with the Google email and the Legal Acceptance of its sheet
 FAIL  |convex| convex/auth.google.test.ts > Continue with Google > signs in to the same Account the next time
 FAIL  |convex| convex/auth.google.test.ts > Continue with Google > comes back to the page it left
 FAIL  |convex| convex/auth.google.test.ts > Google and Password on one email > never signs Google in to a Password Account, whose email nobody verified
 FAIL  |convex| convex/auth.google.test.ts > Google and Password on one email > never adds a Password to a Google Account by its email
 FAIL  |convex| convex/auth.google.test.ts > Google and Password on one email > links a second Google identity only when Google verified the same email
 FAIL  |convex| convex/auth.google.test.ts > Save through Google > moves the anonymous Groups to the Google Account after the round trip
Error: Provider `google` is not configured, available providers are `anonymous`, `password`.
 ❯ getProviderOrThrow node_modules/@convex-dev/auth/src/server/implementation/index.ts:126:13
 ❯ handler node_modules/@convex-dev/auth/src/server/implementation/index.ts:414:15
 ❯ node_modules/convex-test/dist/index.js:2040:57
    2038|                     auth: authStorage.getStore() ?? auth,
    2039|                 };
    2040|                 return runWithGlobalOverrides({}, () => handler(testCt…
       |                                                         ^
    2041|             },
    2042|         });
 ❯ runWithGlobalOverrides node_modules/convex-test/dist/index.js:1667:35
 ❯ handler node_modules/convex-test/dist/index.js:2040:24
 ❯ invokeFunction node_modules/convex/src/server/impl/registration_impl.ts:90:36
 ❯ invokeAction node_modules/convex/src/server/impl/registration_impl.ts:513:24
 ❯ Function.func.invokeAction node_modules/convex/src/server/impl/registration_impl.ts:601:5
 ❯ node_modules/convex-test/dist/index.js:2055:129

⎯⎯⎯⎯⎯⎯⎯⎯⎯⎯⎯⎯⎯⎯⎯⎯⎯⎯⎯⎯⎯⎯⎯⎯[2/9]⎯

 FAIL  |convex| convex/auth.test.ts > a deployment without Google's credentials > reports Google off, and Anonymous and Password still sign in
Error: Could not find module for: "signInOptions"
 ❯ node_modules/convex-test/dist/index.js:1468:19
    1466|         const module = modulesWithoutExtension[prefix + path];
    1467|         if (module === undefined) {
    1468|             throw new Error(`Could not find module for: "${path}"`);
       |                   ^
    1469|         }
    1470|         return await module();
 ❯ resolveFunction node_modules/convex-test/dist/index.js:2402:76
 ❯ Object.queryFromPath node_modules/convex-test/dist/index.js:2071:40
 ❯ query node_modules/convex-test/dist/index.js:2158:41
 ❯ node_modules/convex-test/dist/index.js:1886:80
 ❯ Object.result.<computed> [as query] node_modules/convex-test/dist/index.js:1886:56
 ❯ convex/auth.test.ts:195:20

⎯⎯⎯⎯⎯⎯⎯⎯⎯⎯⎯⎯⎯⎯⎯⎯⎯⎯⎯⎯⎯⎯⎯⎯[3/9]⎯


 Test Files  2 failed (2)
      Tests  9 failed | 19 passed (28)
   Start at  14:29:36
   Duration  2.68s (tests 81%, transform 8%, import 7%, environment 3%)

