
 RUN  v5.0.3 /home/coder/dev/ns-worktrees/ticket-67

 ❯ |ui| src/theme.test.ts (81 tests | 4 failed) 14ms
   ❯ the light theme (16)
     × keeps the maybe bar visible on a calendar cell 3ms
     × draws the maybe bar in the maybe orange 0ms
   ❯ the dark theme (16)
     × keeps the maybe bar visible on a calendar cell 0ms
     × draws the maybe bar in the maybe orange 0ms

⎯⎯⎯⎯⎯⎯⎯ Failed Tests 4 ⎯⎯⎯⎯⎯⎯⎯

 FAIL  |ui| src/theme.test.ts > the light theme > keeps the maybe bar visible on a calendar cell
Error: --maybe-bar is missing from the light theme
 ❯ token src/theme.test.ts:42:23
     40|   const token = (name: string) => {
     41|     const value = themes[theme][name];
     42|     if (!value) throw new Error(`--${name} is missing from the ${theme…
       |                       ^
     43|     return value;
     44|   };
 ❯ src/theme.test.ts:83:23

⎯⎯⎯⎯⎯⎯⎯⎯⎯⎯⎯⎯⎯⎯⎯⎯⎯⎯⎯⎯⎯⎯⎯⎯[1/4]⎯

 FAIL  |ui| src/theme.test.ts > the light theme > draws the maybe bar in the maybe orange
Error: --maybe-bar is missing from the light theme
 ❯ token src/theme.test.ts:42:23
     40|   const token = (name: string) => {
     41|     const value = themes[theme][name];
     42|     if (!value) throw new Error(`--${name} is missing from the ${theme…
       |                       ^
     43|     return value;
     44|   };
 ❯ src/theme.test.ts:90:23

⎯⎯⎯⎯⎯⎯⎯⎯⎯⎯⎯⎯⎯⎯⎯⎯⎯⎯⎯⎯⎯⎯⎯⎯[2/4]⎯

 FAIL  |ui| src/theme.test.ts > the dark theme > keeps the maybe bar visible on a calendar cell
Error: --maybe-bar is missing from the dark theme
 ❯ token src/theme.test.ts:42:23
     40|   const token = (name: string) => {
     41|     const value = themes[theme][name];
     42|     if (!value) throw new Error(`--${name} is missing from the ${theme…
       |                       ^
     43|     return value;
     44|   };
 ❯ src/theme.test.ts:83:23

⎯⎯⎯⎯⎯⎯⎯⎯⎯⎯⎯⎯⎯⎯⎯⎯⎯⎯⎯⎯⎯⎯⎯⎯[3/4]⎯

 FAIL  |ui| src/theme.test.ts > the dark theme > draws the maybe bar in the maybe orange
Error: --maybe-bar is missing from the dark theme
 ❯ token src/theme.test.ts:42:23
     40|   const token = (name: string) => {
     41|     const value = themes[theme][name];
     42|     if (!value) throw new Error(`--${name} is missing from the ${theme…
       |                       ^
     43|     return value;
     44|   };
 ❯ src/theme.test.ts:90:23

⎯⎯⎯⎯⎯⎯⎯⎯⎯⎯⎯⎯⎯⎯⎯⎯⎯⎯⎯⎯⎯⎯⎯⎯[4/4]⎯


 Test Files  1 failed (1)
      Tests  4 failed | 77 passed (81)
   Start at  14:36:10
   Duration  809ms (environment 67%, transform 18%, setup 10%, import 3%, tests 2%, worker 1%)

