$ playwright test --config playwright.prod.config.ts

Running 1 test using 1 worker

     1.1 [production] › e2e/production.spec.ts:98:1 › a GM and a Player schedule a Session on the deployed app › 1. Create your link shows the Share Link in place (43ms)
  ✘  1 [production] › e2e/production.spec.ts:98:1 › a GM and a Player schedule a Session on the deployed app (119ms)


  1) [production] › e2e/production.spec.ts:98:1 › a GM and a Player schedule a Session on the deployed app › 1. Create your link shows the Share Link in place 

    Error: expect(received).toBe(expected) // Object.is equality

    Expected: 200
    Received: 301

      106 |
      107 |   await test.step("1. Create your link shows the Share Link in place", async () => {
    > 108 |     expect((await request.get("/", { maxRedirects: 0 })).status()).toBe(200);
          |                                                                    ^
      109 |     await gm.goto("/");
      110 |     expect(new URL(gm.url()).origin).toBe(appOrigin);
      111 |     await gm.getByRole("button", { name: "Create your link" }).click();
        at ~/dev/ns-worktrees/ticket-23/e2e/production.spec.ts:108:68
        at ~/dev/ns-worktrees/ticket-23/e2e/production.spec.ts:107:3

    attachment #1: screenshot (image/png) ──────────────────────────────────────────────────────────
    test-results/production/production-a-GM-and-a-Play-2f6cb-Session-on-the-deployed-app-production/test-failed-1.png
    ────────────────────────────────────────────────────────────────────────────────────────────────

    Error Context: test-results/production/production-a-GM-and-a-Play-2f6cb-Session-on-the-deployed-app-production/error-context.md

    attachment #3: trace (application/zip) ─────────────────────────────────────────────────────────
    test-results/production/production-a-GM-and-a-Play-2f6cb-Session-on-the-deployed-app-production/trace.zip
    Usage:

        npx playwright show-trace test-results/production/production-a-GM-and-a-Play-2f6cb-Session-on-the-deployed-app-production/trace.zip

    ────────────────────────────────────────────────────────────────────────────────────────────────

  1 failed
    [production] › e2e/production.spec.ts:98:1 › a GM and a Player schedule a Session on the deployed app 
error: script "e2e:prod" exited with code 1
