
 RUN  v5.0.3 /home/coder/dev/ns-worktrees/ticket-55-red

 ❯ |ui| src/theme.test.ts (73 tests | 12 failed) 24ms
   ❯ the light theme (12)
     × uses a gold accent 5ms
   ❯ the dark theme (12)
     × uses a gold accent 1ms
   ❯ the bright accent (49)
     × never colours text or focus in ./features/account/AccountSheet.tsx 4ms
     × never colours text or focus in ./features/group/calendar/DayCell.tsx 1ms
     × never colours text or focus in ./features/group/calendar/HeatCalendar.tsx 1ms
     × never colours text or focus in ./features/group/rail/BestNights.tsx 0ms
     × never colours text or focus in ./features/group/rail/NameForm.tsx 1ms
     × never colours text or focus in ./features/group/rail/Sessions.tsx 0ms
     × never colours text or focus in ./features/legal/LegalArticle.tsx 0ms
     × never colours text or focus in ./features/player/Join.tsx 0ms
     × never colours text or focus in ./features/player/PlayerCalendar.tsx 0ms
     × never colours text or focus in ./ui/Sheet.tsx 0ms

⎯⎯⎯⎯⎯⎯ Failed Tests 12 ⎯⎯⎯⎯⎯⎯⎯

 FAIL  |ui| src/theme.test.ts > the light theme > uses a gold accent
AssertionError: expected 281.8584097037474 to be less than or equal to 95
 ❯ src/theme.test.ts:43:19
     41|       const { chroma, hue } = polar(token(name));
     42|       expect(hue).toBeGreaterThanOrEqual(70);
     43|       expect(hue).toBeLessThanOrEqual(95);
       |                   ^
     44|       expect(chroma).toBeGreaterThanOrEqual(0.1);
     45|     }

⎯⎯⎯⎯⎯⎯⎯⎯⎯⎯⎯⎯⎯⎯⎯⎯⎯⎯⎯⎯⎯⎯⎯[1/12]⎯

 FAIL  |ui| src/theme.test.ts > the dark theme > uses a gold accent
AssertionError: expected 285.0256583870097 to be less than or equal to 95
 ❯ src/theme.test.ts:43:19
     41|       const { chroma, hue } = polar(token(name));
     42|       expect(hue).toBeGreaterThanOrEqual(70);
     43|       expect(hue).toBeLessThanOrEqual(95);
       |                   ^
     44|       expect(chroma).toBeGreaterThanOrEqual(0.1);
     45|     }

⎯⎯⎯⎯⎯⎯⎯⎯⎯⎯⎯⎯⎯⎯⎯⎯⎯⎯⎯⎯⎯⎯⎯[2/12]⎯

 FAIL  |ui| src/theme.test.ts > the bright accent > never colours text or focus in ./features/account/AccountSheet.tsx
AssertionError: expected [ 'focus-visible:ring-accent', …(2) ] to deeply equal []

- Expected
+ Received

- []
+ [
+   "focus-visible:ring-accent",
+   "focus:border-accent",
+   "focus:ring-accent",
+ ]

 ❯ src/theme.test.ts:79:59
     77| describe("the bright accent", () => {
     78|   it.each(Object.entries(sources))("never colours text or focus in %s"…
     79|     expect(source.match(brightAccentOnTextOrFocus) ?? []).toEqual([]);
       |                                                           ^
     80|   });
     81| });

⎯⎯⎯⎯⎯⎯⎯⎯⎯⎯⎯⎯⎯⎯⎯⎯⎯⎯⎯⎯⎯⎯⎯[3/12]⎯

 FAIL  |ui| src/theme.test.ts > the bright accent > never colours text or focus in ./features/group/calendar/DayCell.tsx
 FAIL  |ui| src/theme.test.ts > the bright accent > never colours text or focus in ./features/player/PlayerCalendar.tsx
AssertionError: expected [ 'text-accent', 'text-accent' ] to deeply equal []

- Expected
+ Received

- []
+ [
+   "text-accent",
+   "text-accent",
+ ]

 ❯ src/theme.test.ts:79:59
     77| describe("the bright accent", () => {
     78|   it.each(Object.entries(sources))("never colours text or focus in %s"…
     79|     expect(source.match(brightAccentOnTextOrFocus) ?? []).toEqual([]);
       |                                                           ^
     80|   });
     81| });

⎯⎯⎯⎯⎯⎯⎯⎯⎯⎯⎯⎯⎯⎯⎯⎯⎯⎯⎯⎯⎯⎯⎯[4/12]⎯

 FAIL  |ui| src/theme.test.ts > the bright accent > never colours text or focus in ./features/group/calendar/HeatCalendar.tsx
 FAIL  |ui| src/theme.test.ts > the bright accent > never colours text or focus in ./features/group/rail/BestNights.tsx
 FAIL  |ui| src/theme.test.ts > the bright accent > never colours text or focus in ./features/group/rail/Sessions.tsx
 FAIL  |ui| src/theme.test.ts > the bright accent > never colours text or focus in ./features/legal/LegalArticle.tsx
AssertionError: expected [ 'text-accent' ] to deeply equal []

- Expected
+ Received

- []
+ [
+   "text-accent",
+ ]

 ❯ src/theme.test.ts:79:59
     77| describe("the bright accent", () => {
     78|   it.each(Object.entries(sources))("never colours text or focus in %s"…
     79|     expect(source.match(brightAccentOnTextOrFocus) ?? []).toEqual([]);
       |                                                           ^
     80|   });
     81| });

⎯⎯⎯⎯⎯⎯⎯⎯⎯⎯⎯⎯⎯⎯⎯⎯⎯⎯⎯⎯⎯⎯⎯[5/12]⎯

 FAIL  |ui| src/theme.test.ts > the bright accent > never colours text or focus in ./features/group/rail/NameForm.tsx
AssertionError: expected [ 'focus:border-accent' ] to deeply equal []

- Expected
+ Received

- []
+ [
+   "focus:border-accent",
+ ]

 ❯ src/theme.test.ts:79:59
     77| describe("the bright accent", () => {
     78|   it.each(Object.entries(sources))("never colours text or focus in %s"…
     79|     expect(source.match(brightAccentOnTextOrFocus) ?? []).toEqual([]);
       |                                                           ^
     80|   });
     81| });

⎯⎯⎯⎯⎯⎯⎯⎯⎯⎯⎯⎯⎯⎯⎯⎯⎯⎯⎯⎯⎯⎯⎯[6/12]⎯

 FAIL  |ui| src/theme.test.ts > the bright accent > never colours text or focus in ./features/player/Join.tsx
AssertionError: expected [ 'focus:border-accent', …(2) ] to deeply equal []

- Expected
+ Received

- []
+ [
+   "focus:border-accent",
+   "text-accent",
+   "focus:border-accent",
+ ]

 ❯ src/theme.test.ts:79:59
     77| describe("the bright accent", () => {
     78|   it.each(Object.entries(sources))("never colours text or focus in %s"…
     79|     expect(source.match(brightAccentOnTextOrFocus) ?? []).toEqual([]);
       |                                                           ^
     80|   });
     81| });

⎯⎯⎯⎯⎯⎯⎯⎯⎯⎯⎯⎯⎯⎯⎯⎯⎯⎯⎯⎯⎯⎯⎯[7/12]⎯

 FAIL  |ui| src/theme.test.ts > the bright accent > never colours text or focus in ./ui/Sheet.tsx
AssertionError: expected [ 'focus-visible:ring-accent' ] to deeply equal []

- Expected
+ Received

- []
+ [
+   "focus-visible:ring-accent",
+ ]

 ❯ src/theme.test.ts:79:59
     77| describe("the bright accent", () => {
     78|   it.each(Object.entries(sources))("never colours text or focus in %s"…
     79|     expect(source.match(brightAccentOnTextOrFocus) ?? []).toEqual([]);
       |                                                           ^
     80|   });
     81| });

⎯⎯⎯⎯⎯⎯⎯⎯⎯⎯⎯⎯⎯⎯⎯⎯⎯⎯⎯⎯⎯⎯⎯[8/12]⎯


 Test Files  1 failed (1)
      Tests  12 failed | 61 passed (73)
   Start at  14:17:27
   Duration  866ms (environment 62%, transform 22%, setup 9%, import 4%, tests 3%)

